Archive member included to satisfy reference by file (symbol)

/opt/devkitpro/libctru/lib/libctru.a(console.o)
                              main.o (consoleInit)
/opt/devkitpro/libctru/lib/libctru.a(gfx.o)
                              /opt/devkitpro/libctru/lib/libctru.a(console.o) (gfxIsWide)
/opt/devkitpro/libctru/lib/libctru.a(apt.o)
                              main.o (aptMainLoop)
/opt/devkitpro/libctru/lib/libctru.a(gspgpu.o)
                              /opt/devkitpro/libctru/lib/libctru.a(gfx.o) (gspInit)
/opt/devkitpro/libctru/lib/libctru.a(hid.o)
                              main.o (hidScanInput)
/opt/devkitpro/libctru/lib/libctru.a(irrst.o)
                              /opt/devkitpro/libctru/lib/libctru.a(hid.o) (irrstInit)
/opt/devkitpro/libctru/lib/libctru.a(ctru_init.o)
                              /opt/devkitpro/libctru/lib/libctru.a(apt.o) (__system_retAddr)
/opt/devkitpro/libctru/lib/libctru.a(initArgv.o)
                              /opt/devkitpro/libctru/lib/libctru.a(ctru_init.o) (__system_initArgv)
/opt/devkitpro/libctru/lib/libctru.a(syscalls.o)
                              /opt/devkitpro/libctru/lib/libctru.a(ctru_init.o) (__system_initSyscalls)
/opt/devkitpro/libctru/lib/libctru.a(svc.o)
                              /opt/devkitpro/libctru/lib/libctru.a(apt.o) (svcSleepThread)
/opt/devkitpro/libctru/lib/libctru.a(stack_adjust.o)
                              /opt/devkitpro/devkitARM/bin/../lib/gcc/arm-none-eabi/14.1.0/../../../../arm-none-eabi/lib/armv6k/fpu/3dsx_crt0.o (initSystem)
/opt/devkitpro/libctru/lib/libctru.a(default_font.bin.o)
                              /opt/devkitpro/libctru/lib/libctru.a(console.o) (default_font_bin)
/opt/devkitpro/libctru/lib/libctru.a(linear.o)
                              /opt/devkitpro/libctru/lib/libctru.a(gfx.o) (linearAlloc)
/opt/devkitpro/libctru/lib/libctru.a(mem_pool.o)
                              /opt/devkitpro/libctru/lib/libctru.a(linear.o) (MemPool::Allocate(MemChunk&, unsigned long, int))
/opt/devkitpro/libctru/lib/libctru.a(vram.o)
                              /opt/devkitpro/libctru/lib/libctru.a(gfx.o) (vramAlloc)
/opt/devkitpro/libctru/lib/libctru.a(3dslink.o)
                              /opt/devkitpro/libctru/lib/libctru.a(initArgv.o) (__3dslink_host)
/opt/devkitpro/libctru/lib/libctru.a(env.o)
                              /opt/devkitpro/libctru/lib/libctru.a(irrst.o) (envGetHandle)
/opt/devkitpro/libctru/lib/libctru.a(os.o)
                              /opt/devkitpro/libctru/lib/libctru.a(syscalls.o) (osGetTime)
/opt/devkitpro/libctru/lib/libctru.a(srv.o)
                              /opt/devkitpro/libctru/lib/libctru.a(apt.o) (srvInit)
/opt/devkitpro/libctru/lib/libctru.a(synchronization.o)
                              /opt/devkitpro/libctru/lib/libctru.a(ctru_init.o) (__sync_init)
/opt/devkitpro/libctru/lib/libctru.a(thread.o)
                              /opt/devkitpro/libctru/lib/libctru.a(apt.o) (threadCreate)
/opt/devkitpro/libctru/lib/libctru.a(mappable.o)
                              /opt/devkitpro/libctru/lib/libctru.a(apt.o) (mappableAlloc)
/opt/devkitpro/libctru/lib/libctru.a(ptmsysm.o)
                              /opt/devkitpro/libctru/lib/libctru.a(os.o) (ptmSysmInit)
/opt/devkitpro/libctru/lib/libctru.a(srvpm.o)
                              /opt/devkitpro/libctru/lib/libctru.a(srv.o) (srvPmGetSessionHandle)
/opt/devkitpro/libctru/lib/libctru.a(soc_connect.o)
                              /opt/devkitpro/libctru/lib/libctru.a(3dslink.o) (connect)
/opt/devkitpro/libctru/lib/libctru.a(soc_socket.o)
                              /opt/devkitpro/libctru/lib/libctru.a(3dslink.o) (socket)
/opt/devkitpro/libctru/lib/libctru.a(rbtree_find.o)
                              /opt/devkitpro/libctru/lib/libctru.a(linear.o) (rbtree_find)
/opt/devkitpro/libctru/lib/libctru.a(rbtree_init.o)
                              /opt/devkitpro/libctru/lib/libctru.a(linear.o) (rbtree_init)
/opt/devkitpro/libctru/lib/libctru.a(rbtree_insert.o)
                              /opt/devkitpro/libctru/lib/libctru.a(linear.o) (rbtree_insert)
/opt/devkitpro/libctru/lib/libctru.a(rbtree_remove.o)
                              /opt/devkitpro/libctru/lib/libctru.a(linear.o) (rbtree_remove)
/opt/devkitpro/libctru/lib/libctru.a(rbtree_rotate.o)
                              /opt/devkitpro/libctru/lib/libctru.a(rbtree_insert.o) (rbtree_rotate)
/opt/devkitpro/libctru/lib/libctru.a(allocateHeaps.o)
                              /opt/devkitpro/libctru/lib/libctru.a(ctru_init.o) (__system_allocateHeaps)
/opt/devkitpro/libctru/lib/libctru.a(appExit.o)
                              /opt/devkitpro/libctru/lib/libctru.a(stack_adjust.o) (__appExit)
/opt/devkitpro/libctru/lib/libctru.a(appInit.o)
                              /opt/devkitpro/libctru/lib/libctru.a(stack_adjust.o) (__appInit)
/opt/devkitpro/libctru/lib/libctru.a(ctru_exit.o)
                              /opt/devkitpro/libctru/lib/libctru.a(stack_adjust.o) (__libctru_exit)
[...]
Memory Configuration

Name             Origin             Length             Attributes
*default*        0x00000000         0xffffffff

Linker script and memory map

                0x00000000                        __sync_synchronize = __sync_synchronize_dmb
                0x00100000                        PROVIDE (__start__ = 0x100000)
                0x00100000                        . = __start__

.text           0x00100000     0xe030
 *(.crt0)
 .crt0          0x00100000       0x94 /opt/devkitpro/devkitARM/bin/../lib/gcc/arm-none-eabi/14.1.0/../../../../arm-none-eabi/lib/armv6k/fpu/3dsx_crt0.o
                0x00100000                _start
                0x00100008                __service_ptr
                0x0010000c                __apt_appid
                0x00100010                __heap_size
                0x00100014                __linear_heap_size
                0x00100018                __system_arglist
                0x0010001c                __system_runflags
 *(.init)
 .init          0x00100094        0xc /opt/devkitpro/devkitARM/bin/../lib/gcc/arm-none-eabi/14.1.0/armv6k/fpu/crti.o
                0x00100094                _init
 .init          0x001000a0        0xc /opt/devkitpro/devkitARM/bin/../lib/gcc/arm-none-eabi/14.1.0/armv6k/fpu/crtn.o
                0x001000ac                        . = ALIGN (0x4)
 *(.text)
 .text          0x001000ac      0x240 /opt/devkitpro/devkitARM/bin/../lib/gcc/arm-none-eabi/14.1.0/armv6k/fpu/libgcc.a(_divsi3.o)
                0x001000ac                __aeabi_idiv
                0x001000ac                __divsi3
                0x001002cc                __aeabi_idivmod
 .text          0x001002ec        0x4 /opt/devkitpro/devkitARM/bin/../lib/gcc/arm-none-eabi/14.1.0/armv6k/fpu/libgcc.a(_dvmd_tls.o)
                0x001002ec                __aeabi_ldiv0
                0x001002ec                __aeabi_idiv0
 *fill*         0x001002f0       0x10 
 .text          0x00100300      0x390 /opt/devkitpro/devkitARM/bin/../lib/gcc/arm-none-eabi/14.1.0/../../../../arm-none-eabi/lib/armv6k/fpu/libg.a(libc_a-strcmp.o)
                0x00100308                strcmp
 .text          0x00100690      0x20c /opt/devkitpro/devkitARM/bin/../lib/gcc/arm-none-eabi/14.1.0/armv6k/fpu/libgcc.a(_udivsi3.o)
                0x00100690                __udivsi3
                0x00100690                __aeabi_uidiv
                0x0010087c                __aeabi_uidivmod
 *(.text.*)
 .text.__do_global_dtors_aux
                0x0010089c       0x40 /opt/devkitpro/devkitARM/bin/../lib/gcc/arm-none-eabi/14.1.0/armv6k/fpu/crtbegin.o
 .text.frame_dummy
                0x001008dc       0x2c /opt/devkitpro/devkitARM/bin/../lib/gcc/arm-none-eabi/14.1.0/armv6k/fpu/crtbegin.o
 .text.startup.main
                0x00100908       0x5c main.o
                0x00100908                main
 .text.consoleHandleColorEsc
                0x00100964      0x51c /opt/devkitpro/libctru/lib/libctru.a(console.o)
 .text.consoleColorStateShift
                0x00100e80       0xb8 /opt/devkitpro/libctru/lib/libctru.a(console.o)
 .text.consoleDrawChar
                0x00100f38      0x1ac /opt/devkitpro/libctru/lib/libctru.a(console.o)
                0x00100f38                consoleDrawChar
 .text.consolePrintChar
                0x001010e4      0x124 /opt/devkitpro/libctru/lib/libctru.a(console.o)
                0x001010e4                consolePrintChar
 .text.con_write
                0x00101208      0x6f4 /opt/devkitpro/libctru/lib/libctru.a(console.o)
                0x00101208                con_write
 .text.newRow   0x001018fc       0xfc /opt/devkitpro/libctru/lib/libctru.a(console.o)
 .text.consoleInit
                0x001019f8      0x18c /opt/devkitpro/libctru/lib/libctru.a(console.o)
                0x001019f8                consoleInit
 .text.gfxPresentFramebuffer
                0x00101b84       0xd0 /opt/devkitpro/libctru/lib/libctru.a(gfx.o)
 .text.gfxIsWide
                0x00101c54       0x1c /opt/devkitpro/libctru/lib/libctru.a(gfx.o)
                0x00101c54                gfxIsWide
 .text.gfxSetScreenFormat
                0x00101c70       0xec /opt/devkitpro/libctru/lib/libctru.a(gfx.o)
                0x00101c70                gfxSetScreenFormat
 .text.gfxSetDoubleBuffering
                0x00101d5c       0x10 /opt/devkitpro/libctru/lib/libctru.a(gfx.o)
                0x00101d5c                gfxSetDoubleBuffering
 .text.gfxInit  0x00101d6c       0xe0 /opt/devkitpro/libctru/lib/libctru.a(gfx.o)
                0x00101d6c                gfxInit
 .text.gfxInitDefault
                0x00101e4c       0x10 /opt/devkitpro/libctru/lib/libctru.a(gfx.o)
                0x00101e4c                gfxInitDefault
 .text.gfxExit  0x00101e5c       0xb4 /opt/devkitpro/libctru/lib/libctru.a(gfx.o)
                0x00101e5c                gfxExit
 .text.gfxGetFramebuffer
                0x00101f10       0xa0 /opt/devkitpro/libctru/lib/libctru.a(gfx.o)
                0x00101f10                gfxGetFramebuffer
 .text.gfxFlushBuffers
                0x00101fb0      0x104 /opt/devkitpro/libctru/lib/libctru.a(gfx.o)
                0x00101fb0                gfxFlushBuffers
 .text.gfxSwapBuffers
                0x001020b4       0x50 /opt/devkitpro/libctru/lib/libctru.a(gfx.o)
                0x001020b4                gfxSwapBuffers
 .text.gfxSwapBuffersGpu
                0x00102104       0x50 /opt/devkitpro/libctru/lib/libctru.a(gfx.o)
                0x00102104                gfxSwapBuffersGpu
 .text.aptConvertScreenForCapture
                0x00102154      0x1ac /opt/devkitpro/libctru/lib/libctru.a(apt.o)
 .text.aptDspSleep
                0x00102300        0x8 /opt/devkitpro/libctru/lib/libctru.a(apt.o)
                0x00102300                aptDspSleep
 .text.aptDspWakeup
                0x00102308        0x4 /opt/devkitpro/libctru/lib/libctru.a(apt.o)
                0x00102308                aptDspWakeup
 .text.aptDspCancel
                0x0010230c        0x4 /opt/devkitpro/libctru/lib/libctru.a(apt.o)
                0x0010230c                aptDspCancel
 .text.aptSendCommand
                0x00102310      0x158 /opt/devkitpro/libctru/lib/libctru.a(apt.o)
                0x00102310                aptSendCommand
 .text.aptExitProcess
                0x00102468       0x44 /opt/devkitpro/libctru/lib/libctru.a(apt.o)
 .text.aptExit  0x001024ac      0x38c /opt/devkitpro/libctru/lib/libctru.a(apt.o)
                0x001024ac                aptExit
 .text.aptHandleSleep
                0x00102838       0xe0 /opt/devkitpro/libctru/lib/libctru.a(apt.o)
                0x00102838                aptHandleSleep
 .text.APT_SleepIfShellClosed
                0x00102918       0x84 /opt/devkitpro/libctru/lib/libctru.a(apt.o)
                0x00102918                APT_SleepIfShellClosed
 .text.aptSetSleepAllowed
                0x0010299c       0x84 /opt/devkitpro/libctru/lib/libctru.a(apt.o)
                0x0010299c                aptSetSleepAllowed
 .text.APT_UnlockTransition
                0x00102a20       0x84 /opt/devkitpro/libctru/lib/libctru.a(apt.o)
                0x00102a20                APT_UnlockTransition
 *fill*         0x00102aa4        0x4 
 .text.aptEventHandler
                0x00102aa8      0x4a4 /opt/devkitpro/libctru/lib/libctru.a(apt.o)
 .text.APT_ReceiveParameter
                0x00102f4c       0xb0 /opt/devkitpro/libctru/lib/libctru.a(apt.o)
                0x00102f4c                APT_ReceiveParameter
 .text.aptReceiveParameter.constprop.0
                0x00102ffc       0xac /opt/devkitpro/libctru/lib/libctru.a(apt.o)
 .text.aptScreenTransfer
                0x001030a8      0x2ac /opt/devkitpro/libctru/lib/libctru.a(apt.o)
 .text.aptWaitForWakeUp.isra.0
                0x00103354      0x320 /opt/devkitpro/libctru/lib/libctru.a(apt.o)
 .text.aptJumpToHomeMenu
                0x00103674       0xf8 /opt/devkitpro/libctru/lib/libctru.a(apt.o)
                0x00103674                aptJumpToHomeMenu
 .text.aptMainLoop
                0x0010376c       0x48 /opt/devkitpro/libctru/lib/libctru.a(apt.o)
                0x0010376c                aptMainLoop
 .text.aptInit  0x001037b4      0x22c /opt/devkitpro/libctru/lib/libctru.a(apt.o)
                0x001037b4                aptInit
 .text.APT_CheckNew3DS
                0x001039e0       0x7c /opt/devkitpro/libctru/lib/libctru.a(apt.o)
                0x001039e0                APT_CheckNew3DS
 .text.gspHardwareInit
                0x00103a5c      0xc64 /opt/devkitpro/libctru/lib/libctru.a(gspgpu.o)
 .text.gspInit  0x001046c0      0x248 /opt/devkitpro/libctru/lib/libctru.a(gspgpu.o)
                0x001046c0                gspInit
 .text.gspExit  0x00104908       0xf0 /opt/devkitpro/libctru/lib/libctru.a(gspgpu.o)
                0x00104908                gspExit
 .text.gspHasGpuRight
                0x001049f8       0x10 /opt/devkitpro/libctru/lib/libctru.a(gspgpu.o)
                0x001049f8                gspHasGpuRight
 .text.gspPresentBuffer
                0x00104a08       0xa0 /opt/devkitpro/libctru/lib/libctru.a(gspgpu.o)
                0x00104a08                gspPresentBuffer
 .text.gspWaitForEvent
                0x00104aa8       0x44 /opt/devkitpro/libctru/lib/libctru.a(gspgpu.o)
                0x00104aa8                gspWaitForEvent
 .text.gxCmdQueueInterrupt
                0x00104aec        0x4 /opt/devkitpro/libctru/lib/libctru.a(gspgpu.o)
                0x00104aec                gxCmdQueueInterrupt
 .text.gspEventThreadMain
                0x00104af0      0x158 /opt/devkitpro/libctru/lib/libctru.a(gspgpu.o)
 .text.GSPGPU_FlushDataCache
                0x00104c48       0x50 /opt/devkitpro/libctru/lib/libctru.a(gspgpu.o)
                0x00104c48                GSPGPU_FlushDataCache
 .text.GSPGPU_SetLcdForceBlack
                0x00104c98       0x34 /opt/devkitpro/libctru/lib/libctru.a(gspgpu.o)
                0x00104c98                GSPGPU_SetLcdForceBlack
 .text.GSPGPU_AcquireRight
                0x00104ccc       0x68 /opt/devkitpro/libctru/lib/libctru.a(gspgpu.o)
                0x00104ccc                GSPGPU_AcquireRight
 .text.GSPGPU_ReleaseRight
                0x00104d34       0x48 /opt/devkitpro/libctru/lib/libctru.a(gspgpu.o)
                0x00104d34                GSPGPU_ReleaseRight
 .text.GSPGPU_ImportDisplayCaptureInfo
                0x00104d7c       0x7c /opt/devkitpro/libctru/lib/libctru.a(gspgpu.o)
                0x00104d7c                GSPGPU_ImportDisplayCaptureInfo
 .text.GSPGPU_SaveVramSysArea
                0x00104df8       0x2c /opt/devkitpro/libctru/lib/libctru.a(gspgpu.o)
                0x00104df8                GSPGPU_SaveVramSysArea
 .text.GSPGPU_RestoreVramSysArea
                0x00104e24       0x2c /opt/devkitpro/libctru/lib/libctru.a(gspgpu.o)
                0x00104e24                GSPGPU_RestoreVramSysArea
 .text.hidShouldUseIrrst
                0x00104e50       0x24 /opt/devkitpro/libctru/lib/libctru.a(hid.o)
                0x00104e50                hidShouldUseIrrst
 .text.hidInit  0x00104e74      0x18c /opt/devkitpro/libctru/lib/libctru.a(hid.o)
                0x00104e74                hidInit
 .text.hidExit  0x00105000       0xe8 /opt/devkitpro/libctru/lib/libctru.a(hid.o)
                0x00105000                hidExit
 .text.hidScanInput
                0x001050e8      0x2a4 /opt/devkitpro/libctru/lib/libctru.a(hid.o)
                0x001050e8                hidScanInput
 .text.hidKeysDown
                0x0010538c       0x10 /opt/devkitpro/libctru/lib/libctru.a(hid.o)
                0x0010538c                hidKeysDown
 .text.irrstInit
                0x0010539c      0x160 /opt/devkitpro/libctru/lib/libctru.a(irrst.o)
                0x0010539c                irrstInit
 .text.irrstExit
                0x001054fc       0xcc /opt/devkitpro/libctru/lib/libctru.a(irrst.o)
                0x001054fc                irrstExit
 .text.irrstScanInput
                0x001055c8       0xb4 /opt/devkitpro/libctru/lib/libctru.a(irrst.o)
                0x001055c8                irrstScanInput
 .text.irrstKeysHeld
                0x0010567c       0x24 /opt/devkitpro/libctru/lib/libctru.a(irrst.o)
                0x0010567c                irrstKeysHeld
 .text.__libctru_init
                0x001056a0       0x38 /opt/devkitpro/libctru/lib/libctru.a(ctru_init.o)
                0x001056a0                __libctru_init
 .text.__system_initArgv
                0x001056d8      0x170 /opt/devkitpro/libctru/lib/libctru.a(initArgv.o)
                0x001056d8                __system_initArgv
 .text.__syscall_getreent
                0x00105848       0x30 /opt/devkitpro/libctru/lib/libctru.a(syscalls.o)
                0x00105848                __syscall_getreent
 .text.__syscall_lock_acquire
                0x00105878        0x4 /opt/devkitpro/libctru/lib/libctru.a(syscalls.o)
                0x00105878                __syscall_lock_acquire
 .text.__syscall_lock_release
                0x0010587c        0x4 /opt/devkitpro/libctru/lib/libctru.a(syscalls.o)
                0x0010587c                __syscall_lock_release
 .text.__syscall_lock_acquire_recursive
                0x00105880        0x4 /opt/devkitpro/libctru/lib/libctru.a(syscalls.o)
                0x00105880                __syscall_lock_acquire_recursive
 .text.__syscall_lock_release_recursive
                0x00105884        0x4 /opt/devkitpro/libctru/lib/libctru.a(syscalls.o)
                0x00105884                __syscall_lock_release_recursive
 .text.__syscall_exit
                0x00105888        0x4 /opt/devkitpro/libctru/lib/libctru.a(syscalls.o)
                0x00105888                __syscall_exit
 .text.initThreadVars
                0x0010588c       0x50 /opt/devkitpro/libctru/lib/libctru.a(syscalls.o)
                0x0010588c                initThreadVars
 .text.__system_initSyscalls
                0x001058dc       0x80 /opt/devkitpro/libctru/lib/libctru.a(syscalls.o)
                0x001058dc                __system_initSyscalls
 .text.svcControlMemory
                0x0010595c       0x20 /opt/devkitpro/libctru/lib/libctru.a(svc.o)
                0x0010595c                svcControlMemory
 .text.svcQueryMemory
                0x0010597c       0x30 /opt/devkitpro/libctru/lib/libctru.a(svc.o)
                0x0010597c                svcQueryMemory
 .text.svcExitProcess
                0x001059ac        0x8 /opt/devkitpro/libctru/lib/libctru.a(svc.o)
                0x001059ac                svcExitProcess
 .text.svcCreateThread
                0x001059b4       0x20 /opt/devkitpro/libctru/lib/libctru.a(svc.o)
                0x001059b4                svcCreateThread
 .text.svcExitThread
                0x001059d4        0x8 /opt/devkitpro/libctru/lib/libctru.a(svc.o)
                0x001059d4                svcExitThread
 .text.svcSleepThread
                0x001059dc        0x8 /opt/devkitpro/libctru/lib/libctru.a(svc.o)
                0x001059dc                svcSleepThread
 .text.svcReleaseMutex
                0x001059e4        0x8 /opt/devkitpro/libctru/lib/libctru.a(svc.o)
                0x001059e4                svcReleaseMutex
 .text.svcCreateEvent
                0x001059ec       0x14 /opt/devkitpro/libctru/lib/libctru.a(svc.o)
                0x001059ec                svcCreateEvent
 .text.svcSignalEvent
                0x00105a00        0x8 /opt/devkitpro/libctru/lib/libctru.a(svc.o)
                0x00105a00                svcSignalEvent
 .text.svcClearEvent
                0x00105a08        0x8 /opt/devkitpro/libctru/lib/libctru.a(svc.o)
                0x00105a08                svcClearEvent
 .text.svcMapMemoryBlock
                0x00105a10        0x8 /opt/devkitpro/libctru/lib/libctru.a(svc.o)
                0x00105a10                svcMapMemoryBlock
 .text.svcUnmapMemoryBlock
                0x00105a18        0x8 /opt/devkitpro/libctru/lib/libctru.a(svc.o)
                0x00105a18                svcUnmapMemoryBlock
 .text.svcCreateAddressArbiter
                0x00105a20       0x14 /opt/devkitpro/libctru/lib/libctru.a(svc.o)
                0x00105a20                svcCreateAddressArbiter
 .text.svcArbitrateAddressNoTimeout
                0x00105a34        0x8 /opt/devkitpro/libctru/lib/libctru.a(svc.o)
                0x00105a34                svcArbitrateAddressNoTimeout
 .text.svcCloseHandle
                0x00105a3c        0x8 /opt/devkitpro/libctru/lib/libctru.a(svc.o)
                0x00105a3c                svcCloseHandle
 .text.svcWaitSynchronization
                0x00105a44        0x8 /opt/devkitpro/libctru/lib/libctru.a(svc.o)
                0x00105a44                svcWaitSynchronization
 .text.svcWaitSynchronizationN
                0x00105a4c       0x28 /opt/devkitpro/libctru/lib/libctru.a(svc.o)
                0x00105a4c                svcWaitSynchronizationN
 .text.svcDuplicateHandle
                0x00105a74       0x14 /opt/devkitpro/libctru/lib/libctru.a(svc.o)
                0x00105a74                svcDuplicateHandle
 .text.svcConnectToPort
                0x00105a88       0x14 /opt/devkitpro/libctru/lib/libctru.a(svc.o)
                0x00105a88                svcConnectToPort
 .text.svcSendSyncRequest
                0x00105a9c        0x8 /opt/devkitpro/libctru/lib/libctru.a(svc.o)
                0x00105a9c                svcSendSyncRequest
 .text.svcGetResourceLimit
                0x00105aa4       0x14 /opt/devkitpro/libctru/lib/libctru.a(svc.o)
                0x00105aa4                svcGetResourceLimit
 .text.svcGetResourceLimitLimitValues
                0x00105ab8        0x8 /opt/devkitpro/libctru/lib/libctru.a(svc.o)
                0x00105ab8                svcGetResourceLimitLimitValues
 .text.svcGetResourceLimitCurrentValues
                0x00105ac0        0x8 /opt/devkitpro/libctru/lib/libctru.a(svc.o)
                0x00105ac0                svcGetResourceLimitCurrentValues
 .text.svcBreak
                0x00105ac8        0x8 /opt/devkitpro/libctru/lib/libctru.a(svc.o)
                0x00105ac8                svcBreak
 .text.initSystem
                0x00105ad0       0x50 /opt/devkitpro/libctru/lib/libctru.a(stack_adjust.o)
                0x00105ad0                initSystem
 .text.__ctru_exit
                0x00105b20       0x14 /opt/devkitpro/libctru/lib/libctru.a(stack_adjust.o)
                0x00105b20                __ctru_exit
 .text._ZL21addrMapNodeComparatorPK11rbtree_nodeS1_
                0x00105b34       0x24 /opt/devkitpro/libctru/lib/libctru.a(linear.o)
 .text._ZL21addrMapNodeDestructorP11rbtree_node
                0x00105b58        0x4 /opt/devkitpro/libctru/lib/libctru.a(linear.o)
 .text.linearMemAlign
                0x00105b5c      0x120 /opt/devkitpro/libctru/lib/libctru.a(linear.o)
                0x00105b5c                linearMemAlign
 .text.linearAlloc
                0x00105c7c        0x8 /opt/devkitpro/libctru/lib/libctru.a(linear.o)
                0x00105c7c                linearAlloc
 .text.linearFree
                0x00105c84       0x5c /opt/devkitpro/libctru/lib/libctru.a(linear.o)
                0x00105c84                linearFree
 .text._ZN7MemPool13CoalesceRightEP8MemBlock
                0x00105ce0       0x80 /opt/devkitpro/libctru/lib/libctru.a(mem_pool.o)
                0x00105ce0                MemPool::CoalesceRight(MemBlock*)
 .text._ZN7MemPool8AllocateER8MemChunkmi
                0x00105d60      0x16c /opt/devkitpro/libctru/lib/libctru.a(mem_pool.o)
                0x00105d60                MemPool::Allocate(MemChunk&, unsigned long, int)
 .text._ZN7MemPool10DeallocateERK8MemChunk
                0x00105ecc       0xfc /opt/devkitpro/libctru/lib/libctru.a(mem_pool.o)
                0x00105ecc                MemPool::Deallocate(MemChunk const&)
 .text._ZN7MemPool12GetFreeSpaceEv
                0x00105fc8       0x30 /opt/devkitpro/libctru/lib/libctru.a(mem_pool.o)
                0x00105fc8                MemPool::GetFreeSpace()
 .text._ZL21addrMapNodeComparatorPK11rbtree_nodeS1_
                0x00105ff8       0x24 /opt/devkitpro/libctru/lib/libctru.a(vram.o)
 .text._ZL21addrMapNodeDestructorP11rbtree_node
                0x0010601c        0x4 /opt/devkitpro/libctru/lib/libctru.a(vram.o)
 .text.vramMemAlignAt
                0x00106020      0x24c /opt/devkitpro/libctru/lib/libctru.a(vram.o)
                0x00106020                vramMemAlignAt
 .text.vramAlloc
                0x0010626c        0xc /opt/devkitpro/libctru/lib/libctru.a(vram.o)
                0x0010626c                vramAlloc
 .text.vramFree
                0x00106278       0x90 /opt/devkitpro/libctru/lib/libctru.a(vram.o)
                0x00106278                vramFree
 .text.envGetHandle
                0x00106308       0x84 /opt/devkitpro/libctru/lib/libctru.a(env.o)
                0x00106308                envGetHandle
 .text.envDestroyHandles
                0x0010638c       0x50 /opt/devkitpro/libctru/lib/libctru.a(env.o)
                0x0010638c                envDestroyHandles
 .text.__ctru_speedup_config
                0x001063dc       0x34 /opt/devkitpro/libctru/lib/libctru.a(os.o)
                0x001063dc                __ctru_speedup_config
 .text.srvInit  0x00106410      0x12c /opt/devkitpro/libctru/lib/libctru.a(srv.o)
                0x00106410                srvInit
 .text.srvExit  0x0010653c       0x58 /opt/devkitpro/libctru/lib/libctru.a(srv.o)
                0x0010653c                srvExit
 .text.srvEnableNotification
                0x00106594       0x60 /opt/devkitpro/libctru/lib/libctru.a(srv.o)
                0x00106594                srvEnableNotification
 .text.srvGetServiceHandleDirect
                0x001065f4       0xa0 /opt/devkitpro/libctru/lib/libctru.a(srv.o)
                0x001065f4                srvGetServiceHandleDirect
 .text.srvGetServiceHandle
                0x00106694       0x38 /opt/devkitpro/libctru/lib/libctru.a(srv.o)
                0x00106694                srvGetServiceHandle
 .text.srvSubscribe
                0x001066cc       0x34 /opt/devkitpro/libctru/lib/libctru.a(srv.o)
                0x001066cc                srvSubscribe
 .text.srvReceiveNotification
                0x00106700       0x60 /opt/devkitpro/libctru/lib/libctru.a(srv.o)
                0x00106700                srvReceiveNotification
 .text.srvPublishToSubscriber
                0x00106760       0x38 /opt/devkitpro/libctru/lib/libctru.a(srv.o)
                0x00106760                srvPublishToSubscriber
 .text.__sync_init
                0x00106798        0xc /opt/devkitpro/libctru/lib/libctru.a(synchronization.o)
                0x00106798                __sync_init
 .text.__sync_fini
                0x001067a4       0x18 /opt/devkitpro/libctru/lib/libctru.a(synchronization.o)
                0x001067a4                __sync_fini
 .text.syncArbitrateAddress
                0x001067bc       0x2c /opt/devkitpro/libctru/lib/libctru.a(synchronization.o)
                0x001067bc                syncArbitrateAddress
 .text.LightLock_Lock
                0x001067e8       0xac /opt/devkitpro/libctru/lib/libctru.a(synchronization.o)
                0x001067e8                LightLock_Lock
 .text.LightLock_Unlock
                0x00106894       0x40 /opt/devkitpro/libctru/lib/libctru.a(synchronization.o)
                0x00106894                LightLock_Unlock
 .text.RecursiveLock_Lock
                0x001068d4       0x30 /opt/devkitpro/libctru/lib/libctru.a(synchronization.o)
                0x001068d4                RecursiveLock_Lock
 .text.RecursiveLock_Unlock
                0x00106904       0x54 /opt/devkitpro/libctru/lib/libctru.a(synchronization.o)
                0x00106904                RecursiveLock_Unlock
 .text.LightEvent_Init
                0x00106958       0x40 /opt/devkitpro/libctru/lib/libctru.a(synchronization.o)
                0x00106958                LightEvent_Init
 .text.LightEvent_Clear
                0x00106998       0xa4 /opt/devkitpro/libctru/lib/libctru.a(synchronization.o)
                0x00106998                LightEvent_Clear
 .text.LightEvent_Signal
                0x00106a3c       0xc8 /opt/devkitpro/libctru/lib/libctru.a(synchronization.o)
                0x00106a3c                LightEvent_Signal
 .text.LightEvent_TryWait
                0x00106b04       0x50 /opt/devkitpro/libctru/lib/libctru.a(synchronization.o)
                0x00106b04                LightEvent_TryWait
 .text.LightEvent_Wait
                0x00106b54       0xa0 /opt/devkitpro/libctru/lib/libctru.a(synchronization.o)
                0x00106b54                LightEvent_Wait
 .text.threadCreate
                0x00106bf4      0x1d8 /opt/devkitpro/libctru/lib/libctru.a(thread.o)
                0x00106bf4                threadCreate
 .text.threadFree
                0x00106dcc       0x2c /opt/devkitpro/libctru/lib/libctru.a(thread.o)
                0x00106dcc                threadFree
 .text.threadJoin
                0x00106df8       0x24 /opt/devkitpro/libctru/lib/libctru.a(thread.o)
                0x00106df8                threadJoin
 .text.threadGetCurrent
                0x00106e1c       0x30 /opt/devkitpro/libctru/lib/libctru.a(thread.o)
                0x00106e1c                threadGetCurrent
 .text.threadExit
                0x00106e4c       0x40 /opt/devkitpro/libctru/lib/libctru.a(thread.o)
                0x00106e4c                threadExit
 .text._thread_begin
                0x00106e8c       0x20 /opt/devkitpro/libctru/lib/libctru.a(thread.o)
 .text.mappableFindAddressWithin
                0x00106eac       0xb4 /opt/devkitpro/libctru/lib/libctru.a(mappable.o)
 .text.mappableInit
                0x00106f60       0x28 /opt/devkitpro/libctru/lib/libctru.a(mappable.o)
                0x00106f60                mappableInit
 .text.mappableAlloc
                0x00106f88       0x80 /opt/devkitpro/libctru/lib/libctru.a(mappable.o)
                0x00106f88                mappableAlloc
 .text.mappableFree
                0x00107008        0x4 /opt/devkitpro/libctru/lib/libctru.a(mappable.o)
                0x00107008                mappableFree
 .text.ptmSysmInit
                0x0010700c       0x74 /opt/devkitpro/libctru/lib/libctru.a(ptmsysm.o)
                0x0010700c                ptmSysmInit
 .text.ptmSysmExit
                0x00107080       0x3c /opt/devkitpro/libctru/lib/libctru.a(ptmsysm.o)
                0x00107080                ptmSysmExit
 .text.PTMSYSM_ConfigureNew3DSCPU
                0x001070bc       0x34 /opt/devkitpro/libctru/lib/libctru.a(ptmsysm.o)
                0x001070bc                PTMSYSM_ConfigureNew3DSCPU
 .text.srvPmGetSessionHandle
                0x001070f0        0xc /opt/devkitpro/libctru/lib/libctru.a(srvpm.o)
                0x001070f0                srvPmGetSessionHandle
 .text.rbtree_find
                0x001070fc       0x74 /opt/devkitpro/libctru/lib/libctru.a(rbtree_find.o)
                0x001070fc                rbtree_find
 .text.rbtree_init
                0x00107170       0x10 /opt/devkitpro/libctru/lib/libctru.a(rbtree_init.o)
                0x00107170                rbtree_init
 .text.do_insert
                0x00107180      0x1b0 /opt/devkitpro/libctru/lib/libctru.a(rbtree_insert.o)
 .text.rbtree_insert
                0x00107330        0x8 /opt/devkitpro/libctru/lib/libctru.a(rbtree_insert.o)
                0x00107330                rbtree_insert
 .text.rbtree_remove
                0x00107338      0x318 /opt/devkitpro/libctru/lib/libctru.a(rbtree_remove.o)
                0x00107338                rbtree_remove
 .text.rbtree_rotate
                0x00107650       0x90 /opt/devkitpro/libctru/lib/libctru.a(rbtree_rotate.o)
                0x00107650                rbtree_rotate
 .text.__system_allocateHeaps
                0x001076e0      0x1e0 /opt/devkitpro/libctru/lib/libctru.a(allocateHeaps.o)
                0x001076e0                __system_allocateHeaps
 .text.__appExit
                0x001078c0       0x30 /opt/devkitpro/libctru/lib/libctru.a(appExit.o)
                0x001078c0                __appExit
 .text.__appInit
                0x001078f0       0x30 /opt/devkitpro/libctru/lib/libctru.a(appInit.o)
                0x001078f0                __appInit
 .text.__libctru_exit
                0x00107920       0x90 /opt/devkitpro/libctru/lib/libctru.a(ctru_exit.o)
                0x00107920                __libctru_exit
 .text.archive_link
                0x001079b0       0x14 /opt/devkitpro/libctru/lib/libctru.a(archive_dev.o)
 .text.archive_dirreset
                0x001079c4       0x14 /opt/devkitpro/libctru/lib/libctru.a(archive_dev.o)
 .text.archive_chmod
                0x001079d8       0x14 /opt/devkitpro/libctru/lib/libctru.a(archive_dev.o)
 .text.error_cmp
                0x001079ec       0x24 /opt/devkitpro/libctru/lib/libctru.a(archive_dev.o)
 .text.archive_translate_error
                0x00107a10       0x50 /opt/devkitpro/libctru/lib/libctru.a(archive_dev.o)
 .text.archive_seek
                0x00107a60       0xc8 /opt/devkitpro/libctru/lib/libctru.a(archive_dev.o)
 .text._archiveInit.part.0
                0x00107b28       0x7c /opt/devkitpro/libctru/lib/libctru.a(archive_dev.o)
 .text.archiveFindDevice.part.0
                0x00107ba4       0xc4 /opt/devkitpro/libctru/lib/libctru.a(archive_dev.o)
 .text.archive_utf16path
                0x00107c68      0x280 /opt/devkitpro/libctru/lib/libctru.a(archive_dev.o)
 .text._archiveUnmountDeviceStruct.part.0
                0x00107ee8       0x9c /opt/devkitpro/libctru/lib/libctru.a(archive_dev.o)
 .text.archive_fchmod
                0x00107f84       0x14 /opt/devkitpro/libctru/lib/libctru.a(archive_dev.o)
 .text.archive_statvfs
                0x00107f98       0x14 /opt/devkitpro/libctru/lib/libctru.a(archive_dev.o)
 .text._archiveMountDevice
                0x00107fac      0x164 /opt/devkitpro/libctru/lib/libctru.a(archive_dev.o)
 .text.archive_diropen
                0x00108110       0xe8 /opt/devkitpro/libctru/lib/libctru.a(archive_dev.o)
 .text.archive_fstat
                0x001081f8       0xa4 /opt/devkitpro/libctru/lib/libctru.a(archive_dev.o)
 .text.archive_fsync
                0x0010829c       0x6c /opt/devkitpro/libctru/lib/libctru.a(archive_dev.o)
 .text.archive_close
                0x00108308       0x6c /opt/devkitpro/libctru/lib/libctru.a(archive_dev.o)
 .text.archive_dirclose
                0x00108374       0x70 /opt/devkitpro/libctru/lib/libctru.a(archive_dev.o)
 .text.sdmc_statvfs
                0x001083e4       0xe8 /opt/devkitpro/libctru/lib/libctru.a(archive_dev.o)
 .text.archive_chdir
                0x001084cc       0xec /opt/devkitpro/libctru/lib/libctru.a(archive_dev.o)
 .text.archive_ftruncate
                0x001085b8       0x7c /opt/devkitpro/libctru/lib/libctru.a(archive_dev.o)
 .text.archive_read
                0x00108634       0xac /opt/devkitpro/libctru/lib/libctru.a(archive_dev.o)
 .text.archive_unlink
                0x001086e0       0xa4 /opt/devkitpro/libctru/lib/libctru.a(archive_dev.o)
 .text.archive_rmdir
                0x00108784       0xbc /opt/devkitpro/libctru/lib/libctru.a(archive_dev.o)
 .text.archive_mkdir
                0x00108840       0xdc /opt/devkitpro/libctru/lib/libctru.a(archive_dev.o)
 .text.archive_stat
                0x0010891c      0x194 /opt/devkitpro/libctru/lib/libctru.a(archive_dev.o)
 .text.archive_dirnext
                0x00108ab0      0x160 /opt/devkitpro/libctru/lib/libctru.a(archive_dev.o)
 .text.archive_write
                0x00108c10      0x124 /opt/devkitpro/libctru/lib/libctru.a(archive_dev.o)
 .text.archive_open
                0x00108d34      0x20c /opt/devkitpro/libctru/lib/libctru.a(archive_dev.o)
 .text.archive_rename
                0x00108f40      0x278 /opt/devkitpro/libctru/lib/libctru.a(archive_dev.o)
 .text.archiveMountSdmc
                0x001091b8      0x19c /opt/devkitpro/libctru/lib/libctru.a(archive_dev.o)
                0x001091b8                archiveMountSdmc
 .text.archiveUnmountAll
                0x00109354       0x54 /opt/devkitpro/libctru/lib/libctru.a(archive_dev.o)
                0x00109354                archiveUnmountAll
 .text.fsInit   0x001093a8       0xcc /opt/devkitpro/libctru/lib/libctru.a(fs.o)
                0x001093a8                fsInit
 .text.fsExit   0x00109474       0x3c /opt/devkitpro/libctru/lib/libctru.a(fs.o)
                0x00109474                fsExit
 .text.fsExemptFromSession
                0x001094b0       0x60 /opt/devkitpro/libctru/lib/libctru.a(fs.o)
                0x001094b0                fsExemptFromSession
 .text.fsUnexemptFromSession
                0x00109510       0x50 /opt/devkitpro/libctru/lib/libctru.a(fs.o)
                0x00109510                fsUnexemptFromSession
 .text.FSUSER_OpenFile
                0x00109560       0xcc /opt/devkitpro/libctru/lib/libctru.a(fs.o)
                0x00109560                FSUSER_OpenFile
 .text.FSUSER_DeleteFile
                0x0010962c       0xbc /opt/devkitpro/libctru/lib/libctru.a(fs.o)
                0x0010962c                FSUSER_DeleteFile
 .text.FSUSER_RenameFile
                0x001096e8       0xf8 /opt/devkitpro/libctru/lib/libctru.a(fs.o)
                0x001096e8                FSUSER_RenameFile
 .text.FSUSER_DeleteDirectory
                0x001097e0       0xbc /opt/devkitpro/libctru/lib/libctru.a(fs.o)
                0x001097e0                FSUSER_DeleteDirectory
 .text.FSUSER_CreateFile
                0x0010989c       0xd4 /opt/devkitpro/libctru/lib/libctru.a(fs.o)
                0x0010989c                FSUSER_CreateFile
 .text.FSUSER_CreateDirectory
                0x00109970       0xc4 /opt/devkitpro/libctru/lib/libctru.a(fs.o)
                0x00109970                FSUSER_CreateDirectory
 .text.FSUSER_RenameDirectory
                0x00109a34       0xf8 /opt/devkitpro/libctru/lib/libctru.a(fs.o)
                0x00109a34                FSUSER_RenameDirectory
 .text.FSUSER_OpenDirectory
                0x00109b2c       0xb4 /opt/devkitpro/libctru/lib/libctru.a(fs.o)
                0x00109b2c                FSUSER_OpenDirectory
 .text.FSUSER_OpenArchive
                0x00109be0       0x94 /opt/devkitpro/libctru/lib/libctru.a(fs.o)
                0x00109be0                FSUSER_OpenArchive
 .text.FSUSER_CloseArchive
                0x00109c74       0x8c /opt/devkitpro/libctru/lib/libctru.a(fs.o)
                0x00109c74                FSUSER_CloseArchive
 .text.FSUSER_GetSdmcArchiveResource
                0x00109d00       0x74 /opt/devkitpro/libctru/lib/libctru.a(fs.o)
                0x00109d00                FSUSER_GetSdmcArchiveResource
 .text.FSUSER_IsSdmcWritable
                0x00109d74       0x64 /opt/devkitpro/libctru/lib/libctru.a(fs.o)
                0x00109d74                FSUSER_IsSdmcWritable
 .text.FSFILE_Read
                0x00109dd8       0x58 /opt/devkitpro/libctru/lib/libctru.a(fs.o)
                0x00109dd8                FSFILE_Read
 .text.FSFILE_Write
                0x00109e30       0x60 /opt/devkitpro/libctru/lib/libctru.a(fs.o)
                0x00109e30                FSFILE_Write
 .text.FSFILE_GetSize
                0x00109e90       0x38 /opt/devkitpro/libctru/lib/libctru.a(fs.o)
                0x00109e90                FSFILE_GetSize
 .text.FSFILE_SetSize
                0x00109ec8       0x28 /opt/devkitpro/libctru/lib/libctru.a(fs.o)
                0x00109ec8                FSFILE_SetSize
 .text.FSFILE_Close
                0x00109ef0       0x3c /opt/devkitpro/libctru/lib/libctru.a(fs.o)
                0x00109ef0                FSFILE_Close
 .text.FSFILE_Flush
                0x00109f2c       0x24 /opt/devkitpro/libctru/lib/libctru.a(fs.o)
                0x00109f2c                FSFILE_Flush
 .text.FSDIR_Read
                0x00109f50       0x50 /opt/devkitpro/libctru/lib/libctru.a(fs.o)
                0x00109f50                FSDIR_Read
 .text.FSDIR_Close
                0x00109fa0       0x3c /opt/devkitpro/libctru/lib/libctru.a(fs.o)
                0x00109fa0                FSDIR_Close
 .text.rbtree_node_next
                0x00109fdc       0x5c /opt/devkitpro/libctru/lib/libctru.a(rbtree_iterator.o)
                0x00109fdc                rbtree_node_next
 .text.decode_utf8
                0x0010a038      0x13c /opt/devkitpro/libctru/lib/libctru.a(decode_utf8.o)
                0x0010a038                decode_utf8
 .text.utf16_to_utf8
                0x0010a174       0xe8 /opt/devkitpro/libctru/lib/libctru.a(utf16_to_utf8.o)
                0x0010a174                utf16_to_utf8
 .text.utf8_to_utf16
                0x0010a25c       0xc0 /opt/devkitpro/libctru/lib/libctru.a(utf8_to_utf16.o)
                0x0010a25c                utf8_to_utf16
 .text.__aeabi_read_tp
                0x0010a31c        0xc /opt/devkitpro/libctru/lib/libctru.a(readtp.o)
                0x0010a31c                __aeabi_read_tp
 .text.decode_utf16
                0x0010a328       0x64 /opt/devkitpro/libctru/lib/libctru.a(decode_utf16.o)
                0x0010a328                decode_utf16
 .text.encode_utf16
                0x0010a38c       0x54 /opt/devkitpro/libctru/lib/libctru.a(encode_utf16.o)
                0x0010a38c                encode_utf16
 .text.encode_utf8
                0x0010a3e0       0xe0 /opt/devkitpro/libctru/lib/libctru.a(encode_utf8.o)
                0x0010a3e0                encode_utf8
 .text.strncmp  0x0010a4c0       0xd8 /opt/devkitpro/devkitARM/bin/../lib/gcc/arm-none-eabi/14.1.0/../../../../arm-none-eabi/lib/armv6k/fpu/libg.a(libc_a-strncmp.o)
                0x0010a4c0                strncmp
 .text.strlen   0x0010a598       0x5c /opt/devkitpro/devkitARM/bin/../lib/gcc/arm-none-eabi/14.1.0/../../../../arm-none-eabi/lib/armv6k/fpu/libg.a(libc_a-strlen-stub.o)
                0x0010a598                strlen
 .text._strtoul_l.isra.0
                0x0010a5f4      0x1e4 /opt/devkitpro/devkitARM/bin/../lib/gcc/arm-none-eabi/14.1.0/../../../../arm-none-eabi/lib/armv6k/fpu/libg.a(libc_a-strtoul.o)
 .text.strtoul  0x0010a7d8       0x34 /opt/devkitpro/devkitARM/bin/../lib/gcc/arm-none-eabi/14.1.0/../../../../arm-none-eabi/lib/armv6k/fpu/libg.a(libc_a-strtoul.o)
                0x0010a7d8                strtoul
 .text.strncat  0x0010a80c       0xe4 /opt/devkitpro/devkitARM/bin/../lib/gcc/arm-none-eabi/14.1.0/../../../../arm-none-eabi/lib/armv6k/fpu/libg.a(libc_a-strncat.o)
                0x0010a80c                strncat
 .text.bsearch  0x0010a8f0       0x78 /opt/devkitpro/devkitARM/bin/../lib/gcc/arm-none-eabi/14.1.0/../../../../arm-none-eabi/lib/armv6k/fpu/libg.a(libc_a-bsearch.o)
                0x0010a8f0                bsearch
 .text.memalign
                0x0010a968       0x20 /opt/devkitpro/devkitARM/bin/../lib/gcc/arm-none-eabi/14.1.0/../../../../arm-none-eabi/lib/armv6k/fpu/libg.a(libc_a-malign.o)
                0x0010a968                memalign
 .text.stdio_exit_handler
                0x0010a988       0x1c /opt/devkitpro/devkitARM/bin/../lib/gcc/arm-none-eabi/14.1.0/../../../../arm-none-eabi/lib/armv6k/fpu/libg.a(libc_a-findfp.o)
 .text.cleanup_stdio
                0x0010a9a4       0x5c /opt/devkitpro/devkitARM/bin/../lib/gcc/arm-none-eabi/14.1.0/../../../../arm-none-eabi/lib/armv6k/fpu/libg.a(libc_a-findfp.o)
 .text.global_stdio_init.part.0
                0x0010aa00      0x154 /opt/devkitpro/devkitARM/bin/../lib/gcc/arm-none-eabi/14.1.0/../../../../arm-none-eabi/lib/armv6k/fpu/libg.a(libc_a-findfp.o)
 .text.__sinit  0x0010ab54       0x5c /opt/devkitpro/devkitARM/bin/../lib/gcc/arm-none-eabi/14.1.0/../../../../arm-none-eabi/lib/armv6k/fpu/libg.a(libc_a-findfp.o)
                0x0010ab54                __sinit
 .text.__sfp_lock_acquire
                0x0010abb0        0xc /opt/devkitpro/devkitARM/bin/../lib/gcc/arm-none-eabi/14.1.0/../../../../arm-none-eabi/lib/armv6k/fpu/libg.a(libc_a-findfp.o)
                0x0010abb0                __sfp_lock_acquire
 .text.__sfp_lock_release
                0x0010abbc        0xc /opt/devkitpro/devkitARM/bin/../lib/gcc/arm-none-eabi/14.1.0/../../../../arm-none-eabi/lib/armv6k/fpu/libg.a(libc_a-findfp.o)
                0x0010abbc                __sfp_lock_release
 .text._malloc_r
                0x0010abc8      0x7e8 /opt/devkitpro/devkitARM/bin/../lib/gcc/arm-none-eabi/14.1.0/../../../../arm-none-eabi/lib/armv6k/fpu/libg.a(libc_a-mallocr.o)
                0x0010abc8                _malloc_r
 .text._malloc_trim_r
                0x0010b3b0       0xf8 /opt/devkitpro/devkitARM/bin/../lib/gcc/arm-none-eabi/14.1.0/../../../../arm-none-eabi/lib/armv6k/fpu/libg.a(libc_a-freer.o)
                0x0010b3b0                _malloc_trim_r
 .text._free_r  0x0010b4a8      0x300 /opt/devkitpro/devkitARM/bin/../lib/gcc/arm-none-eabi/14.1.0/../../../../arm-none-eabi/lib/armv6k/fpu/libg.a(libc_a-freer.o)
                0x0010b4a8                _free_r
 .text.setvbuf  0x0010b7a8      0x294 /opt/devkitpro/devkitARM/bin/../lib/gcc/arm-none-eabi/14.1.0/../../../../arm-none-eabi/lib/armv6k/fpu/libg.a(libc_a-setvbuf.o)
                0x0010b7a8                setvbuf
 .text.strnlen  0x0010ba3c       0x4c /opt/devkitpro/devkitARM/bin/../lib/gcc/arm-none-eabi/14.1.0/../../../../arm-none-eabi/lib/armv6k/fpu/libg.a(libc_a-strnlen.o)
                0x0010ba3c                strnlen
 .text.__errno  0x0010ba88        0xc /opt/devkitpro/devkitARM/bin/../lib/gcc/arm-none-eabi/14.1.0/../../../../arm-none-eabi/lib/armv6k/fpu/libg.a(libc_a-errno.o)
                0x0010ba88                __errno
 .text.malloc   0x0010ba94       0x34 /opt/devkitpro/devkitARM/bin/../lib/gcc/arm-none-eabi/14.1.0/../../../../arm-none-eabi/lib/armv6k/fpu/libg.a(libc_a-malloc.o)
                0x0010ba94                malloc
 .text.free     0x0010bac8       0x18 /opt/devkitpro/devkitARM/bin/../lib/gcc/arm-none-eabi/14.1.0/../../../../arm-none-eabi/lib/armv6k/fpu/libg.a(libc_a-malloc.o)
                0x0010bac8                free
 .text.memcpy   0x0010bae0      0x130 /opt/devkitpro/devkitARM/bin/../lib/gcc/arm-none-eabi/14.1.0/../../../../arm-none-eabi/lib/armv6k/fpu/libg.a(libc_a-memcpy-stub.o)
                0x0010bae0                memcpy
 .text._puts_r  0x0010bc10       0xe0 /opt/devkitpro/devkitARM/bin/../lib/gcc/arm-none-eabi/14.1.0/../../../../arm-none-eabi/lib/armv6k/fpu/libg.a(libc_a-puts.o)
                0x0010bc10                _puts_r
 .text.puts     0x0010bcf0       0x18 /opt/devkitpro/devkitARM/bin/../lib/gcc/arm-none-eabi/14.1.0/../../../../arm-none-eabi/lib/armv6k/fpu/libg.a(libc_a-puts.o)
                0x0010bcf0                puts
 .text.memset   0x0010bd08       0xe8 /opt/devkitpro/devkitARM/bin/../lib/gcc/arm-none-eabi/14.1.0/../../../../arm-none-eabi/lib/armv6k/fpu/libg.a(libc_a-memset.o)
                0x0010bd08                memset
 .text._fwalk_sglue
                0x0010bdf0       0x70 /opt/devkitpro/devkitARM/bin/../lib/gcc/arm-none-eabi/14.1.0/../../../../arm-none-eabi/lib/armv6k/fpu/libg.a(libc_a-fwalk.o)
                0x0010bdf0                _fwalk_sglue
 .text.__malloc_lock
                0x0010be60        0xc /opt/devkitpro/devkitARM/bin/../lib/gcc/arm-none-eabi/14.1.0/../../../../arm-none-eabi/lib/armv6k/fpu/libg.a(libc_a-mlock.o)
                0x0010be60                __malloc_lock
 .text.__malloc_unlock
                0x0010be6c        0xc /opt/devkitpro/devkitARM/bin/../lib/gcc/arm-none-eabi/14.1.0/../../../../arm-none-eabi/lib/armv6k/fpu/libg.a(libc_a-mlock.o)
                0x0010be6c                __malloc_unlock
 .text.__call_exitprocs
                0x0010be78        0x4 /opt/devkitpro/devkitARM/bin/../lib/gcc/arm-none-eabi/14.1.0/../../../../arm-none-eabi/lib/armv6k/fpu/libg.a(libc_a-exit.o)
                0x0010be78                __call_exitprocs
 .text.exit     0x0010be7c       0x30 /opt/devkitpro/devkitARM/bin/../lib/gcc/arm-none-eabi/14.1.0/../../../../arm-none-eabi/lib/armv6k/fpu/libg.a(libc_a-exit.o)
                0x0010be7c                exit
 .text.strncpy  0x0010beac       0xc4 /opt/devkitpro/devkitARM/bin/../lib/gcc/arm-none-eabi/14.1.0/../../../../arm-none-eabi/lib/armv6k/fpu/libg.a(libc_a-strncpy.o)
                0x0010beac                strncpy
 .text.__libc_init_array
                0x0010bf70       0x84 /opt/devkitpro/devkitARM/bin/../lib/gcc/arm-none-eabi/14.1.0/../../../../arm-none-eabi/lib/armv6k/fpu/libg.a(libc_a-init.o)
                0x0010bf70                __libc_init_array
 .text.__sflush_r
                0x0010bff4      0x228 /opt/devkitpro/devkitARM/bin/../lib/gcc/arm-none-eabi/14.1.0/../../../../arm-none-eabi/lib/armv6k/fpu/libg.a(libc_a-fflush.o)
                0x0010bff4                __sflush_r
 .text._fflush_r
                0x0010c21c       0x94 /opt/devkitpro/devkitARM/bin/../lib/gcc/arm-none-eabi/14.1.0/../../../../arm-none-eabi/lib/armv6k/fpu/libg.a(libc_a-fflush.o)
                0x0010c21c                _fflush_r
 .text.__sfvwrite_r
                0x0010c2b0      0x480 /opt/devkitpro/devkitARM/bin/../lib/gcc/arm-none-eabi/14.1.0/../../../../arm-none-eabi/lib/armv6k/fpu/libg.a(libc_a-fvwrite.o)
                0x0010c2b0                __sfvwrite_r
 .text._memalign_r
                0x0010c730      0x150 /opt/devkitpro/devkitARM/bin/../lib/gcc/arm-none-eabi/14.1.0/../../../../arm-none-eabi/lib/armv6k/fpu/libg.a(libc_a-malignr.o)
                0x0010c730                _memalign_r
 .text.memchr   0x0010c880       0xe0 /opt/devkitpro/devkitARM/bin/../lib/gcc/arm-none-eabi/14.1.0/../../../../arm-none-eabi/lib/armv6k/fpu/libg.a(libc_a-memchr-stub.o)
                0x0010c880                memchr
 .text.__libc_fini_array
                0x0010c960       0x3c /opt/devkitpro/devkitARM/bin/../lib/gcc/arm-none-eabi/14.1.0/../../../../arm-none-eabi/lib/armv6k/fpu/libg.a(libc_a-fini.o)
                0x0010c960                __libc_fini_array
 .text.__sread  0x0010c99c       0x44 /opt/devkitpro/devkitARM/bin/../lib/gcc/arm-none-eabi/14.1.0/../../../../arm-none-eabi/lib/armv6k/fpu/libg.a(libc_a-stdio.o)
                0x0010c99c                __sread
 .text.__swrite
                0x0010c9e0       0x68 /opt/devkitpro/devkitARM/bin/../lib/gcc/arm-none-eabi/14.1.0/../../../../arm-none-eabi/lib/armv6k/fpu/libg.a(libc_a-stdio.o)
                0x0010c9e0                __swrite
 .text.__sseek  0x0010ca48       0x40 /opt/devkitpro/devkitARM/bin/../lib/gcc/arm-none-eabi/14.1.0/../../../../arm-none-eabi/lib/armv6k/fpu/libg.a(libc_a-stdio.o)
                0x0010ca48                __sseek
 .text.__sclose
                0x0010ca88        0x8 /opt/devkitpro/devkitARM/bin/../lib/gcc/arm-none-eabi/14.1.0/../../../../arm-none-eabi/lib/armv6k/fpu/libg.a(libc_a-stdio.o)
                0x0010ca88                __sclose
 .text._fclose_r
                0x0010ca90      0x148 /opt/devkitpro/devkitARM/bin/../lib/gcc/arm-none-eabi/14.1.0/../../../../arm-none-eabi/lib/armv6k/fpu/libg.a(libc_a-fclose.o)
                0x0010ca90                _fclose_r
 .text.__smakebuf_r
                0x0010cbd8      0x144 /opt/devkitpro/devkitARM/bin/../lib/gcc/arm-none-eabi/14.1.0/../../../../arm-none-eabi/lib/armv6k/fpu/libg.a(libc_a-makebuf.o)
                0x0010cbd8                __smakebuf_r
 .text.__swhatbuf_r
                0x0010cd1c       0x8c /opt/devkitpro/devkitARM/bin/../lib/gcc/arm-none-eabi/14.1.0/../../../../arm-none-eabi/lib/armv6k/fpu/libg.a(libc_a-makebuf.o)
                0x0010cd1c                __swhatbuf_r
 .text._realloc_r
                0x0010cda8      0x4a4 /opt/devkitpro/devkitARM/bin/../lib/gcc/arm-none-eabi/14.1.0/../../../../arm-none-eabi/lib/armv6k/fpu/libg.a(libc_a-reallocr.o)
                0x0010cda8                _realloc_r
 .text.__swsetup_r
                0x0010d24c      0x194 /opt/devkitpro/devkitARM/bin/../lib/gcc/arm-none-eabi/14.1.0/../../../../arm-none-eabi/lib/armv6k/fpu/libg.a(libc_a-wsetup.o)
                0x0010d24c                __swsetup_r
 .text.memmove  0x0010d3e0      0x160 /opt/devkitpro/devkitARM/bin/../lib/gcc/arm-none-eabi/14.1.0/../../../../arm-none-eabi/lib/armv6k/fpu/libg.a(libc_a-memmove.o)
                0x0010d3e0                memmove
 .text._exit    0x0010d540       0x20 /opt/devkitpro/devkitARM/bin/../lib/gcc/arm-none-eabi/14.1.0/../../../../arm-none-eabi/lib/armv6k/fpu/libsysbase.a(libsysbase_libsysbase_a-_exit.o)
                0x0010d540                _exit
 .text.chdir    0x0010d560      0x13c /opt/devkitpro/devkitARM/bin/../lib/gcc/arm-none-eabi/14.1.0/../../../../arm-none-eabi/lib/armv6k/fpu/libsysbase.a(libsysbase_libsysbase_a-chdir.o)
                0x0010d560                chdir
 .text._concatenate_path
                0x0010d69c      0x1cc /opt/devkitpro/devkitARM/bin/../lib/gcc/arm-none-eabi/14.1.0/../../../../arm-none-eabi/lib/armv6k/fpu/libsysbase.a(libsysbase_libsysbase_a-concatenate.o)
                0x0010d69c                _concatenate_path
 .text._fstat_r
                0x0010d868       0x88 /opt/devkitpro/devkitARM/bin/../lib/gcc/arm-none-eabi/14.1.0/../../../../arm-none-eabi/lib/armv6k/fpu/libsysbase.a(libsysbase_libsysbase_a-fstat.o)
                0x0010d868                _fstat_r
 .text.__getreent
                0x0010d8f0       0x2c /opt/devkitpro/devkitARM/bin/../lib/gcc/arm-none-eabi/14.1.0/../../../../arm-none-eabi/lib/armv6k/fpu/libsysbase.a(libsysbase_libsysbase_a-getreent.o)
                0x0010d8f0                __getreent
 .text.__get_handle
                0x0010d91c       0x3c /opt/devkitpro/devkitARM/bin/../lib/gcc/arm-none-eabi/14.1.0/../../../../arm-none-eabi/lib/armv6k/fpu/libsysbase.a(libsysbase_libsysbase_a-handle_manager.o)
                0x0010d91c                __get_handle
 .text._close_r
                0x0010d958       0xf4 /opt/devkitpro/devkitARM/bin/../lib/gcc/arm-none-eabi/14.1.0/../../../../arm-none-eabi/lib/armv6k/fpu/libsysbase.a(libsysbase_libsysbase_a-handle_manager.o)
                0x0010d958                _close_r
 .text.null_write
                0x0010da4c        0x8 /opt/devkitpro/devkitARM/bin/../lib/gcc/arm-none-eabi/14.1.0/../../../../arm-none-eabi/lib/armv6k/fpu/libsysbase.a(libsysbase_libsysbase_a-iosupport.o)
 .text.setDefaultDevice
                0x0010da54       0x18 /opt/devkitpro/devkitARM/bin/../lib/gcc/arm-none-eabi/14.1.0/../../../../arm-none-eabi/lib/armv6k/fpu/libsysbase.a(libsysbase_libsysbase_a-iosupport.o)
                0x0010da54                setDefaultDevice
 .text.FindDevice
                0x0010da6c       0xc8 /opt/devkitpro/devkitARM/bin/../lib/gcc/arm-none-eabi/14.1.0/../../../../arm-none-eabi/lib/armv6k/fpu/libsysbase.a(libsysbase_libsysbase_a-iosupport.o)
                0x0010da6c                FindDevice
 .text.RemoveDevice
                0x0010db34       0x28 /opt/devkitpro/devkitARM/bin/../lib/gcc/arm-none-eabi/14.1.0/../../../../arm-none-eabi/lib/armv6k/fpu/libsysbase.a(libsysbase_libsysbase_a-iosupport.o)
                0x0010db34                RemoveDevice
 .text.AddDevice
                0x0010db5c       0x98 /opt/devkitpro/devkitARM/bin/../lib/gcc/arm-none-eabi/14.1.0/../../../../arm-none-eabi/lib/armv6k/fpu/libsysbase.a(libsysbase_libsysbase_a-iosupport.o)
                0x0010db5c                AddDevice
 .text.GetDeviceOpTab
                0x0010dbf4       0x20 /opt/devkitpro/devkitARM/bin/../lib/gcc/arm-none-eabi/14.1.0/../../../../arm-none-eabi/lib/armv6k/fpu/libsysbase.a(libsysbase_libsysbase_a-iosupport.o)
                0x0010dbf4                GetDeviceOpTab
 .text._isatty_r
                0x0010dc14        0x8 /opt/devkitpro/devkitARM/bin/../lib/gcc/arm-none-eabi/14.1.0/../../../../arm-none-eabi/lib/armv6k/fpu/libsysbase.a(libsysbase_libsysbase_a-isatty.o)
                0x0010dc14                _isatty_r
 .text._lseek_r
                0x0010dc1c       0x8c /opt/devkitpro/devkitARM/bin/../lib/gcc/arm-none-eabi/14.1.0/../../../../arm-none-eabi/lib/armv6k/fpu/libsysbase.a(libsysbase_libsysbase_a-lseek.o)
                0x0010dc1c                _lseek_r
 .text._read_r  0x0010dca8       0x88 /opt/devkitpro/devkitARM/bin/../lib/gcc/arm-none-eabi/14.1.0/../../../../arm-none-eabi/lib/armv6k/fpu/libsysbase.a(libsysbase_libsysbase_a-read.o)
                0x0010dca8                _read_r
 .text._sbrk_r  0x0010dd30       0x78 /opt/devkitpro/devkitARM/bin/../lib/gcc/arm-none-eabi/14.1.0/../../../../arm-none-eabi/lib/armv6k/fpu/libsysbase.a(libsysbase_libsysbase_a-sbrk.o)
                0x0010dd30                _sbrk_r
 .text.__libc_lock_acquire
                0x0010dda8       0x1c /opt/devkitpro/devkitARM/bin/../lib/gcc/arm-none-eabi/14.1.0/../../../../arm-none-eabi/lib/armv6k/fpu/libsysbase.a(libsysbase_libsysbase_a-syscall_support.o)
                0x0010dda8                __libc_lock_acquire
 .text.__libc_lock_release
                0x0010ddc4       0x1c /opt/devkitpro/devkitARM/bin/../lib/gcc/arm-none-eabi/14.1.0/../../../../arm-none-eabi/lib/armv6k/fpu/libsysbase.a(libsysbase_libsysbase_a-syscall_support.o)
                0x0010ddc4                __libc_lock_release
 .text.__libc_lock_acquire_recursive
                0x0010dde0       0x1c /opt/devkitpro/devkitARM/bin/../lib/gcc/arm-none-eabi/14.1.0/../../../../arm-none-eabi/lib/armv6k/fpu/libsysbase.a(libsysbase_libsysbase_a-syscall_support.o)
                0x0010dde0                __libc_lock_acquire_recursive
 .text.__libc_lock_release_recursive
                0x0010ddfc       0x1c /opt/devkitpro/devkitARM/bin/../lib/gcc/arm-none-eabi/14.1.0/../../../../arm-none-eabi/lib/armv6k/fpu/libsysbase.a(libsysbase_libsysbase_a-syscall_support.o)
                0x0010ddfc                __libc_lock_release_recursive
 .text._write_r
                0x0010de18       0x88 /opt/devkitpro/devkitARM/bin/../lib/gcc/arm-none-eabi/14.1.0/../../../../arm-none-eabi/lib/armv6k/fpu/libsysbase.a(libsysbase_libsysbase_a-write.o)
                0x0010de18                _write_r
 .text.strchr   0x0010dea0      0x130 /opt/devkitpro/devkitARM/bin/../lib/gcc/arm-none-eabi/14.1.0/../../../../arm-none-eabi/lib/armv6k/fpu/libg.a(libc_a-strchr.o)
                0x0010dea0                strchr
 .text.strrchr  0x0010dfd0       0x48 /opt/devkitpro/devkitARM/bin/../lib/gcc/arm-none-eabi/14.1.0/../../../../arm-none-eabi/lib/armv6k/fpu/libg.a(libc_a-strrchr.o)
                0x0010dfd0                strrchr
 *(.glue_7)
 .glue_7        0x0010e018        0x0 linker stubs
 *(.glue_7t)
 .glue_7t       0x0010e018        0x0 linker stubs
 *(.stub)
 *(.gnu.warning)
 *(.gnu.linkonce.t*)
                0x0010e018                        . = ALIGN (0x4)
 *(.fini)
 .fini          0x0010e018        0xc /opt/devkitpro/devkitARM/bin/../lib/gcc/arm-none-eabi/14.1.0/armv6k/fpu/crti.o
                0x0010e018                _fini
 .fini          0x0010e024        0xc /opt/devkitpro/devkitARM/bin/../lib/gcc/arm-none-eabi/14.1.0/armv6k/fpu/crtn.o
                0x0010e030                        . = ALIGN (0x4)

.vfp11_veneer   0x0010e030        0x0
 .vfp11_veneer  0x0010e030        0x0 linker stubs

.v4_bx          0x0010e030        0x0
 .v4_bx         0x0010e030        0x0 linker stubs

.iplt           0x0010e030        0x0
 .iplt          0x0010e030        0x0 /opt/devkitpro/devkitARM/bin/../lib/gcc/arm-none-eabi/14.1.0/../../../../arm-none-eabi/lib/armv6k/fpu/3dsx_crt0.o
                0x0010f000                        . = ALIGN (0x1000)

.rodata         0x0010f000      0xbdc
 *(.rodata)
 .rodata        0x0010f000        0xc /opt/devkitpro/libctru/lib/libctru.a(archive_dev.o)
 *(.roda)
 *(.rodata.*)
 .rodata.str1.4
                0x0010f00c       0xae main.o
                                  0xe (size before relaxing)
 .rodata.str1.4
                0x0010f0ba       0x10 /opt/devkitpro/libctru/lib/libctru.a(console.o)
 *fill*         0x0010f0ba        0x2 
 .rodata.dotab_stdout
                0x0010f0bc       0x80 /opt/devkitpro/libctru/lib/libctru.a(console.o)
 .rodata.grayScale
                0x0010f13c       0x18 /opt/devkitpro/libctru/lib/libctru.a(console.o)
 .rodata.colorCube
                0x0010f154        0x6 /opt/devkitpro/libctru/lib/libctru.a(console.o)
 *fill*         0x0010f15a        0x2 
 .rodata.colorTable
                0x0010f15c       0x30 /opt/devkitpro/libctru/lib/libctru.a(console.o)
 .rodata.aptSendCommand.str1.4
                0x0010f18c       0x16 /opt/devkitpro/libctru/lib/libctru.a(apt.o)
 .rodata.morton_y.2
                0x0010f18c        0x8 /opt/devkitpro/libctru/lib/libctru.a(apt.o)
 .rodata.morton_x.3
                0x0010f194        0x8 /opt/devkitpro/libctru/lib/libctru.a(apt.o)
 .rodata.s_sleepWakeEvents.4
                0x0010f19c        0x8 /opt/devkitpro/libctru/lib/libctru.a(apt.o)
 .rodata.gspInit.str1.4
                0x0010f1a4        0x9 /opt/devkitpro/libctru/lib/libctru.a(gspgpu.o)
 .rodata.hidInit.str1.4
                0x0010f1a4       0x15 /opt/devkitpro/libctru/lib/libctru.a(hid.o)
 .rodata.irrstInit.str1.4
                0x0010f1a4        0x7 /opt/devkitpro/libctru/lib/libctru.a(irrst.o)
 .rodata.__system_initArgv.str1.4
                0x0010f1a4        0xa /opt/devkitpro/libctru/lib/libctru.a(initArgv.o)
 .rodata.default_font_bin
                0x0010f1a4      0x800 /opt/devkitpro/libctru/lib/libctru.a(default_font.bin.o)
                0x0010f1a4                default_font_bin
                0x0010f9a4                default_font_bin_end
 .rodata.srvInit.str1.4
                0x0010f9a4        0x5 /opt/devkitpro/libctru/lib/libctru.a(srv.o)
 .rodata.ptmSysmInit.str1.4
                0x0010f9a4        0x9 /opt/devkitpro/libctru/lib/libctru.a(ptmsysm.o)
 .rodata.archive_utf16path.str1.4
                0x0010f9a4        0x2 /opt/devkitpro/libctru/lib/libctru.a(archive_dev.o)
 .rodata._archiveUnmountDeviceStruct.part.0.str1.4
                0x0010f9a4        0x2 /opt/devkitpro/libctru/lib/libctru.a(archive_dev.o)
 .rodata._archiveMountDevice.str1.4
                0x0010f9a4        0xc /opt/devkitpro/libctru/lib/libctru.a(archive_dev.o)
 .rodata.archiveMountSdmc.str1.4
                0x0010f9a4        0x5 /opt/devkitpro/libctru/lib/libctru.a(archive_dev.o)
 .rodata.error_table
                0x0010f9a4       0x30 /opt/devkitpro/libctru/lib/libctru.a(archive_dev.o)
 .rodata.str1.4
                0x0010f9d4        0x8 /opt/devkitpro/libctru/lib/libctru.a(archive_dev.o)
 .rodata.archive_devoptab
                0x0010f9d4       0x80 /opt/devkitpro/libctru/lib/libctru.a(archive_dev.o)
 .rodata.fsInit.str1.4
                0x0010fa54        0x8 /opt/devkitpro/libctru/lib/libctru.a(fs.o)
 .rodata._ctype_
                0x0010fa54      0x101 /opt/devkitpro/devkitARM/bin/../lib/gcc/arm-none-eabi/14.1.0/../../../../arm-none-eabi/lib/armv6k/fpu/libg.a(libc_a-ctype_.o)
                0x0010fa54                _ctype_
 .rodata._puts_r.str1.4
                0x0010fb55        0x2 /opt/devkitpro/devkitARM/bin/../lib/gcc/arm-none-eabi/14.1.0/../../../../arm-none-eabi/lib/armv6k/fpu/libg.a(libc_a-puts.o)
 .rodata.AddDevice.str1.4
                0x0010fb55        0x8 /opt/devkitpro/devkitARM/bin/../lib/gcc/arm-none-eabi/14.1.0/../../../../arm-none-eabi/lib/armv6k/fpu/libsysbase.a(libsysbase_libsysbase_a-iosupport.o)
 *fill*         0x0010fb55        0x3 
 .rodata.dotab_stdnull
                0x0010fb58       0x80 /opt/devkitpro/devkitARM/bin/../lib/gcc/arm-none-eabi/14.1.0/../../../../arm-none-eabi/lib/armv6k/fpu/libsysbase.a(libsysbase_libsysbase_a-iosupport.o)
                0x0010fb58                dotab_stdnull
 *all.rodata*(*)
 *(.gnu.linkonce.r*)
                0x0010fbd8                        . = ALIGN (0x4)
                0x0010fbd8                        __tdata_align = .
                0x0010fbd8        0x4 LONG 0x4 ALIGNOF (.tdata)
                0x0010fbdc                        . = ALIGN (0x4)

.eh_frame       0x0010fbdc        0x0
 .eh_frame      0x0010fbdc        0x0 /opt/devkitpro/devkitARM/bin/../lib/gcc/arm-none-eabi/14.1.0/armv6k/fpu/crtbegin.o

.rel.dyn        0x0010fbdc        0x0
 .rel.iplt      0x0010fbdc        0x0 /opt/devkitpro/devkitARM/bin/../lib/gcc/arm-none-eabi/14.1.0/../../../../arm-none-eabi/lib/armv6k/fpu/3dsx_crt0.o
 .rel.got       0x0010fbdc        0x0 /opt/devkitpro/devkitARM/bin/../lib/gcc/arm-none-eabi/14.1.0/../../../../arm-none-eabi/lib/armv6k/fpu/3dsx_crt0.o

.ARM.extab
 *(.ARM.extab* .gnu.linkonce.armextab.*)
                0x0010fbdc                        __exidx_start = .

.ARM.exidx
 *(.ARM.exidx* .gnu.linkonce.armexidx.*)
                0x0010fbdc                        __exidx_end = .
                0x00110000                        . = ALIGN (0x1000)

.data           0x00110000     0x1a5c
 *(.data)
 *(.data.*)
 .data.firstConsoleInit.0
                0x00110000        0x1 /opt/devkitpro/libctru/lib/libctru.a(console.o)
 *fill*         0x00110001        0x3 
 .data.currentConsole
                0x00110004        0x4 /opt/devkitpro/libctru/lib/libctru.a(console.o)
                0x00110004                currentConsole
 .data.defaultConsole
                0x00110008       0x48 /opt/devkitpro/libctru/lib/libctru.a(console.o)
                0x00110008                defaultConsole
 .data.aptChainloadDeliverArgSize
                0x00110050        0x4 /opt/devkitpro/libctru/lib/libctru.a(apt.o)
 .data.kCount   0x00110054        0x4 /opt/devkitpro/libctru/lib/libctru.a(hid.o)
 .data.kInterval
                0x00110058        0x4 /opt/devkitpro/libctru/lib/libctru.a(hid.o)
 .data.kDelay   0x0011005c        0x4 /opt/devkitpro/libctru/lib/libctru.a(hid.o)
 .data.__stacksize__
                0x00110060        0x4 /opt/devkitpro/libctru/lib/libctru.a(stack_adjust.o)
                0x00110060                __stacksize__
 .data._impure_ptr
                0x00110064        0x4 /opt/devkitpro/devkitARM/bin/../lib/gcc/arm-none-eabi/14.1.0/../../../../arm-none-eabi/lib/armv6k/fpu/libg.a(libc_a-impure.o)
                0x00110064                _impure_ptr
 .data._impure_data
                0x00110068      0x120 /opt/devkitpro/devkitARM/bin/../lib/gcc/arm-none-eabi/14.1.0/../../../../arm-none-eabi/lib/armv6k/fpu/libg.a(libc_a-impure.o)
                0x00110068                _impure_data
 .data.__sglue  0x00110188        0xc /opt/devkitpro/devkitARM/bin/../lib/gcc/arm-none-eabi/14.1.0/../../../../arm-none-eabi/lib/armv6k/fpu/libg.a(libc_a-findfp.o)
                0x00110188                __sglue
 .data.__malloc_sbrk_base
                0x00110194        0x4 /opt/devkitpro/devkitARM/bin/../lib/gcc/arm-none-eabi/14.1.0/../../../../arm-none-eabi/lib/armv6k/fpu/libg.a(libc_a-mallocr.o)
                0x00110194                __malloc_sbrk_base
 .data.__malloc_trim_threshold
                0x00110198        0x4 /opt/devkitpro/devkitARM/bin/../lib/gcc/arm-none-eabi/14.1.0/../../../../arm-none-eabi/lib/armv6k/fpu/libg.a(libc_a-mallocr.o)
                0x00110198                __malloc_trim_threshold
 *fill*         0x0011019c        0x4 
 .data.__malloc_av_
                0x001101a0      0x408 /opt/devkitpro/devkitARM/bin/../lib/gcc/arm-none-eabi/14.1.0/../../../../arm-none-eabi/lib/armv6k/fpu/libg.a(libc_a-mallocr.o)
                0x001101a0                __malloc_av_
 .data._current_working_directory
                0x001105a8      0x400 /opt/devkitpro/devkitARM/bin/../lib/gcc/arm-none-eabi/14.1.0/../../../../arm-none-eabi/lib/armv6k/fpu/libsysbase.a(libsysbase_libsysbase_a-chdir.o)
 .data.handles  0x001109a8     0x1000 /opt/devkitpro/devkitARM/bin/../lib/gcc/arm-none-eabi/14.1.0/../../../../arm-none-eabi/lib/armv6k/fpu/libsysbase.a(libsysbase_libsysbase_a-handle_manager.o)
 .data.__stderr_handle
                0x001119a8        0xc /opt/devkitpro/devkitARM/bin/../lib/gcc/arm-none-eabi/14.1.0/../../../../arm-none-eabi/lib/armv6k/fpu/libsysbase.a(libsysbase_libsysbase_a-handle_manager.o)
 .data.__stdout_handle
                0x001119b4        0xc /opt/devkitpro/devkitARM/bin/../lib/gcc/arm-none-eabi/14.1.0/../../../../arm-none-eabi/lib/armv6k/fpu/libsysbase.a(libsysbase_libsysbase_a-handle_manager.o)
 .data.__stdin_handle
                0x001119c0        0xc /opt/devkitpro/devkitARM/bin/../lib/gcc/arm-none-eabi/14.1.0/../../../../arm-none-eabi/lib/armv6k/fpu/libsysbase.a(libsysbase_libsysbase_a-handle_manager.o)
 .data.devoptab_list
                0x001119cc       0x8c /opt/devkitpro/devkitARM/bin/../lib/gcc/arm-none-eabi/14.1.0/../../../../arm-none-eabi/lib/armv6k/fpu/libsysbase.a(libsysbase_libsysbase_a-iosupport.o)
                0x001119cc                devoptab_list
 .data.defaultDevice
                0x00111a58        0x4 /opt/devkitpro/devkitARM/bin/../lib/gcc/arm-none-eabi/14.1.0/../../../../arm-none-eabi/lib/armv6k/fpu/libsysbase.a(libsysbase_libsysbase_a-iosupport.o)
 *(.gnu.linkonce.d*)
                0x00111a5c                        . = ALIGN (0x4)

.igot.plt       0x00111a5c        0x0
 .igot.plt      0x00111a5c        0x0 /opt/devkitpro/devkitARM/bin/../lib/gcc/arm-none-eabi/14.1.0/../../../../arm-none-eabi/lib/armv6k/fpu/3dsx_crt0.o

.got            0x00111a5c        0x8
 .got           0x00111a5c        0x8 /opt/devkitpro/devkitARM/bin/../lib/gcc/arm-none-eabi/14.1.0/../../../../arm-none-eabi/lib/armv6k/fpu/3dsx_crt0.o

.got.plt        0x00111a64        0xc
 .got.plt       0x00111a64        0xc /opt/devkitpro/devkitARM/bin/../lib/gcc/arm-none-eabi/14.1.0/../../../../arm-none-eabi/lib/armv6k/fpu/3dsx_crt0.o
                0x00111a64                _GLOBAL_OFFSET_TABLE_

.tdata          0x00111a70        0x0
                0x00111a70                        __tdata_lma = .
 *(.tdata)
 *(.tdata.*)
 *(.gnu.linkonce.td.*)
                0x00111a70                        . = ALIGN (0x4)
                0x00111a70                        __tdata_lma_end = .

.tbss           0x00111a70      0xc08
 *(.tbss)
 *(.tbss.*)
 .tbss.__ctru_dev_utf16_buf
                0x00111a70      0x802 /opt/devkitpro/libctru/lib/libctru.a(path_buf.o)
                0x00111a70                __ctru_dev_utf16_buf
 *fill*         0x00112272        0x2 
 .tbss.__ctru_dev_path_buf
                0x00112274      0x401 /opt/devkitpro/libctru/lib/libctru.a(path_buf.o)
                0x00112274                __ctru_dev_path_buf
 *(.gnu.linkonce.tb.*)
 *(.tcommon)
                0x00112678                        . = ALIGN (0x4)
 *fill*         0x00112675        0x3 

.preinit_array  0x00111a70        0x0
                0x00111a70                        PROVIDE (__preinit_array_start = .)
 *(.preinit_array)
                0x00111a70                        PROVIDE (__preinit_array_end = .)

.init_array     0x00111a70        0x4
                0x00111a70                        PROVIDE (__init_array_start = .)
 *(SORT_BY_NAME(.init_array.*))
 *(.init_array)
 .init_array    0x00111a70        0x4 /opt/devkitpro/devkitARM/bin/../lib/gcc/arm-none-eabi/14.1.0/armv6k/fpu/crtbegin.o
                0x00111a74                        PROVIDE (__init_array_end = .)

.fini_array     0x00111a74        0x4
                0x00111a74                        PROVIDE (__fini_array_start = .)
 *(.fini_array)
 .fini_array    0x00111a74        0x4 /opt/devkitpro/devkitARM/bin/../lib/gcc/arm-none-eabi/14.1.0/armv6k/fpu/crtbegin.o
 *(SORT_BY_NAME(.fini_array.*))
                0x00111a78                        PROVIDE (__fini_array_end = .)

.ctors
 *crtbegin.o(.ctors)
 *(EXCLUDE_FILE(*crtend.o) .ctors)
 *(SORT_BY_NAME(.ctors.*))
 *(.ctors)

.dtors
 *crtbegin.o(.dtors)
 *(EXCLUDE_FILE(*crtend.o) .dtors)
 *(SORT_BY_NAME(.dtors.*))
 *(.dtors)
                0x00111a78                        __bss_start__ = .

.bss            0x00111a78     0x2de4
 *(.dynbss)
 *(.bss)
 *(.bss.*)
 .bss.completed.1
                0x00111a78        0x1 /opt/devkitpro/devkitARM/bin/../lib/gcc/arm-none-eabi/14.1.0/armv6k/fpu/crtbegin.o
 *fill*         0x00111a79        0x3 
 .bss.object.0  0x00111a7c       0x18 /opt/devkitpro/devkitARM/bin/../lib/gcc/arm-none-eabi/14.1.0/armv6k/fpu/crtbegin.o
 .bss.escapeSeq
                0x00111a94       0x1c /opt/devkitpro/libctru/lib/libctru.a(console.o)
 .bss.currentCopy
                0x00111ab0       0x48 /opt/devkitpro/libctru/lib/libctru.a(console.o)
                0x00111ab0                currentCopy
 .bss.screenAlloc
                0x00111af8        0x4 /opt/devkitpro/libctru/lib/libctru.a(gfx.o)
 .bss.screenFree
                0x00111afc        0x4 /opt/devkitpro/libctru/lib/libctru.a(gfx.o)
 .bss.gfxIsDoubleBuf
                0x00111b00        0x2 /opt/devkitpro/libctru/lib/libctru.a(gfx.o)
 *fill*         0x00111b02        0x2 
 .bss.gfxCurBuf
                0x00111b04        0x2 /opt/devkitpro/libctru/lib/libctru.a(gfx.o)
 .bss.gfxIsVram
                0x00111b06        0x1 /opt/devkitpro/libctru/lib/libctru.a(gfx.o)
 .bss.gfxTopMode
                0x00111b07        0x1 /opt/devkitpro/libctru/lib/libctru.a(gfx.o)
 .bss.gfxFramebufferFormats
                0x00111b08        0x2 /opt/devkitpro/libctru/lib/libctru.a(gfx.o)
 *fill*         0x00111b0a        0x2 
 .bss.gfxBottomFramebufferMaxSize
                0x00111b0c        0x4 /opt/devkitpro/libctru/lib/libctru.a(gfx.o)
 .bss.gfxTopFramebufferMaxSize
                0x00111b10        0x4 /opt/devkitpro/libctru/lib/libctru.a(gfx.o)
 *fill*         0x00111b14        0x4 
 .bss.gfxBottomFramebuffers
                0x00111b18        0x8 /opt/devkitpro/libctru/lib/libctru.a(gfx.o)
 .bss.gfxTopFramebuffers
                0x00111b20        0x8 /opt/devkitpro/libctru/lib/libctru.a(gfx.o)
 .bss.flagValue.0
                0x00111b28        0x1 /opt/devkitpro/libctru/lib/libctru.a(apt.o)
 .bss.flagInit.1
                0x00111b29        0x1 /opt/devkitpro/libctru/lib/libctru.a(apt.o)
 *fill*         0x00111b2a        0x2 
 .bss.serviceName.6
                0x00111b2c        0x4 /opt/devkitpro/libctru/lib/libctru.a(apt.o)
 .bss.aptChainloadFlags
                0x00111b30        0x1 /opt/devkitpro/libctru/lib/libctru.a(apt.o)
 .bss.aptChainloadMediatype
                0x00111b31        0x1 /opt/devkitpro/libctru/lib/libctru.a(apt.o)
 *fill*         0x00111b32        0x2 
 .bss.aptChainloadHmac
                0x00111b34       0x20 /opt/devkitpro/libctru/lib/libctru.a(apt.o)
 .bss.aptChainloadDeliverArg
                0x00111b54      0x300 /opt/devkitpro/libctru/lib/libctru.a(apt.o)
 *fill*         0x00111e54        0x4 
 .bss.aptChainloadTid
                0x00111e58        0x8 /opt/devkitpro/libctru/lib/libctru.a(apt.o)
 .bss.aptParameters
                0x00111e60     0x1000 /opt/devkitpro/libctru/lib/libctru.a(apt.o)
 .bss.aptFlags  0x00112e60        0x4 /opt/devkitpro/libctru/lib/libctru.a(apt.o)
 .bss.aptHomeButtonState
                0x00112e64        0x1 /opt/devkitpro/libctru/lib/libctru.a(apt.o)
 *fill*         0x00112e65        0x3 
 .bss.aptMessageFuncData
                0x00112e68        0x4 /opt/devkitpro/libctru/lib/libctru.a(apt.o)
 .bss.aptMessageFunc
                0x00112e6c        0x4 /opt/devkitpro/libctru/lib/libctru.a(apt.o)
 .bss.aptFirstHook
                0x00112e70        0xc /opt/devkitpro/libctru/lib/libctru.a(apt.o)
 .bss.aptEventHandlerThreadQuit
                0x00112e7c        0x1 /opt/devkitpro/libctru/lib/libctru.a(apt.o)
 *fill*         0x00112e7d        0x3 
 .bss.aptEventHandlerThread
                0x00112e80        0x4 /opt/devkitpro/libctru/lib/libctru.a(apt.o)
 .bss.aptSleepEvent
                0x00112e84        0x8 /opt/devkitpro/libctru/lib/libctru.a(apt.o)
 .bss.aptReceiveEvent
                0x00112e8c        0x8 /opt/devkitpro/libctru/lib/libctru.a(apt.o)
 .bss.aptEvents
                0x00112e94        0x8 /opt/devkitpro/libctru/lib/libctru.a(apt.o)
 .bss.aptLockHandle
                0x00112e9c        0x4 /opt/devkitpro/libctru/lib/libctru.a(apt.o)
 .bss.aptRefCount
                0x00112ea0        0x4 /opt/devkitpro/libctru/lib/libctru.a(apt.o)
 .bss.gspEventCbOneShot
                0x00112ea4        0x7 /opt/devkitpro/libctru/lib/libctru.a(gspgpu.o)
 *fill*         0x00112eab        0x1 
 .bss.gspEventCbData
                0x00112eac       0x1c /opt/devkitpro/libctru/lib/libctru.a(gspgpu.o)
 .bss.gspEventCb
                0x00112ec8       0x1c /opt/devkitpro/libctru/lib/libctru.a(gspgpu.o)
 .bss.gspEvents
                0x00112ee4       0x38 /opt/devkitpro/libctru/lib/libctru.a(gspgpu.o)
 .bss.gspLastEvent
                0x00112f1c        0x4 /opt/devkitpro/libctru/lib/libctru.a(gspgpu.o)
 .bss.gspRunEvents
                0x00112f20        0x1 /opt/devkitpro/libctru/lib/libctru.a(gspgpu.o)
 *fill*         0x00112f21        0x3 
 .bss.gspEventThread
                0x00112f24        0x4 /opt/devkitpro/libctru/lib/libctru.a(gspgpu.o)
 .bss.gspEvent  0x00112f28        0x4 /opt/devkitpro/libctru/lib/libctru.a(gspgpu.o)
 .bss.gspGpuRight
                0x00112f2c        0x1 /opt/devkitpro/libctru/lib/libctru.a(gspgpu.o)
 .bss.gspThreadId
                0x00112f2d        0x1 /opt/devkitpro/libctru/lib/libctru.a(gspgpu.o)
 *fill*         0x00112f2e        0x2 
 .bss.gspSharedMem
                0x00112f30        0x4 /opt/devkitpro/libctru/lib/libctru.a(gspgpu.o)
 .bss.gspSharedMemHandle
                0x00112f34        0x4 /opt/devkitpro/libctru/lib/libctru.a(gspgpu.o)
 .bss.gspRefCount
                0x00112f38        0x4 /opt/devkitpro/libctru/lib/libctru.a(gspgpu.o)
 .bss.gspGpuHandle
                0x00112f3c        0x4 /opt/devkitpro/libctru/lib/libctru.a(gspgpu.o)
 .bss.usingIrrst
                0x00112f40        0x1 /opt/devkitpro/libctru/lib/libctru.a(hid.o)
 *fill*         0x00112f41        0x3 
 .bss.hidRefCount
                0x00112f44        0x4 /opt/devkitpro/libctru/lib/libctru.a(hid.o)
 .bss.gRate     0x00112f48        0x6 /opt/devkitpro/libctru/lib/libctru.a(hid.o)
 *fill*         0x00112f4e        0x2 
 .bss.aVec      0x00112f50        0x6 /opt/devkitpro/libctru/lib/libctru.a(hid.o)
 *fill*         0x00112f56        0x2 
 .bss.cPos      0x00112f58        0x4 /opt/devkitpro/libctru/lib/libctru.a(hid.o)
 .bss.tPos      0x00112f5c        0x4 /opt/devkitpro/libctru/lib/libctru.a(hid.o)
 .bss.kRepeat   0x00112f60        0x4 /opt/devkitpro/libctru/lib/libctru.a(hid.o)
 .bss.kUp       0x00112f64        0x4 /opt/devkitpro/libctru/lib/libctru.a(hid.o)
 .bss.kDown     0x00112f68        0x4 /opt/devkitpro/libctru/lib/libctru.a(hid.o)
 .bss.kHeld     0x00112f6c        0x4 /opt/devkitpro/libctru/lib/libctru.a(hid.o)
 .bss.kOld      0x00112f70        0x4 /opt/devkitpro/libctru/lib/libctru.a(hid.o)
 .bss.hidSharedMem
                0x00112f74        0x4 /opt/devkitpro/libctru/lib/libctru.a(hid.o)
                0x00112f74                hidSharedMem
 .bss.hidEvents
                0x00112f78       0x14 /opt/devkitpro/libctru/lib/libctru.a(hid.o)
                0x00112f78                hidEvents
 .bss.hidMemHandle
                0x00112f8c        0x4 /opt/devkitpro/libctru/lib/libctru.a(hid.o)
                0x00112f8c                hidMemHandle
 .bss.hidHandle
                0x00112f90        0x4 /opt/devkitpro/libctru/lib/libctru.a(hid.o)
                0x00112f90                hidHandle
 .bss.irrstRefCount
                0x00112f94        0x4 /opt/devkitpro/libctru/lib/libctru.a(irrst.o)
 .bss.csPos     0x00112f98        0x4 /opt/devkitpro/libctru/lib/libctru.a(irrst.o)
 .bss.kHeld     0x00112f9c        0x4 /opt/devkitpro/libctru/lib/libctru.a(irrst.o)
 .bss.irrstSharedMem
                0x00112fa0        0x4 /opt/devkitpro/libctru/lib/libctru.a(irrst.o)
                0x00112fa0                irrstSharedMem
 .bss.irrstEvent
                0x00112fa4        0x4 /opt/devkitpro/libctru/lib/libctru.a(irrst.o)
                0x00112fa4                irrstEvent
 .bss.irrstMemHandle
                0x00112fa8        0x4 /opt/devkitpro/libctru/lib/libctru.a(irrst.o)
                0x00112fa8                irrstMemHandle
 .bss.irrstHandle
                0x00112fac        0x4 /opt/devkitpro/libctru/lib/libctru.a(irrst.o)
                0x00112fac                irrstHandle
 .bss.__system_retAddr
                0x00112fb0        0x4 /opt/devkitpro/libctru/lib/libctru.a(ctru_init.o)
                0x00112fb0                __system_retAddr
 .bss.__system_argv
                0x00112fb4        0x4 /opt/devkitpro/libctru/lib/libctru.a(initArgv.o)
                0x00112fb4                __system_argv
 .bss.__system_argc
                0x00112fb8        0x4 /opt/devkitpro/libctru/lib/libctru.a(initArgv.o)
                0x00112fb8                __system_argc
 .bss.saved_stack.42
                0x00112fbc        0x8 /opt/devkitpro/libctru/lib/libctru.a(stack_adjust.o)
 *fill*         0x00112fc4        0x4 
 .bss._ZL11sLinearPool
                0x00112fc8        0x8 /opt/devkitpro/libctru/lib/libctru.a(linear.o)
 .bss._ZL8sAddrMap
                0x00112fd0        0xc /opt/devkitpro/libctru/lib/libctru.a(linear.o)
 *fill*         0x00112fdc        0x4 
 .bss._ZL10sVramPoolB
                0x00112fe0        0x8 /opt/devkitpro/libctru/lib/libctru.a(vram.o)
 .bss._ZL10sVramPoolA
                0x00112fe8        0x8 /opt/devkitpro/libctru/lib/libctru.a(vram.o)
 .bss._ZL8sAddrMap
                0x00112ff0        0xc /opt/devkitpro/libctru/lib/libctru.a(vram.o)
 .bss.__3dslink_host
                0x00112ffc        0x4 /opt/devkitpro/libctru/lib/libctru.a(3dslink.o)
                0x00112ffc                __3dslink_host
 .bss.__ctru_speedup
                0x00113000        0x1 /opt/devkitpro/libctru/lib/libctru.a(os.o)
                0x00113000                __ctru_speedup
 *fill*         0x00113001        0x3 
 .bss.srvRefCount
                0x00113004        0x4 /opt/devkitpro/libctru/lib/libctru.a(srv.o)
 .bss.srvHandle
                0x00113008        0x4 /opt/devkitpro/libctru/lib/libctru.a(srv.o)
 .bss.arbiter   0x0011300c        0x4 /opt/devkitpro/libctru/lib/libctru.a(synchronization.o)
 .bss.currentAddr
                0x00113010        0x4 /opt/devkitpro/libctru/lib/libctru.a(mappable.o)
 .bss.maxAddr   0x00113014        0x4 /opt/devkitpro/libctru/lib/libctru.a(mappable.o)
 .bss.minAddr   0x00113018        0x4 /opt/devkitpro/libctru/lib/libctru.a(mappable.o)
 .bss.ptmSysmRefCount
                0x0011301c        0x4 /opt/devkitpro/libctru/lib/libctru.a(ptmsysm.o)
 .bss.ptmSysmHandle
                0x00113020        0x4 /opt/devkitpro/libctru/lib/libctru.a(ptmsysm.o)
 .bss.srvPmHandle
                0x00113024        0x4 /opt/devkitpro/libctru/lib/libctru.a(srvpm.o)
 .bss.__ctru_linear_heap_size
                0x00113028        0x4 /opt/devkitpro/libctru/lib/libctru.a(allocateHeaps.o)
                0x00113028                __ctru_linear_heap_size
 .bss.__ctru_heap_size
                0x0011302c        0x4 /opt/devkitpro/libctru/lib/libctru.a(allocateHeaps.o)
                0x0011302c                __ctru_heap_size
 .bss.__ctru_linear_heap
                0x00113030        0x4 /opt/devkitpro/libctru/lib/libctru.a(allocateHeaps.o)
                0x00113030                __ctru_linear_heap
 .bss.__ctru_heap
                0x00113034        0x4 /opt/devkitpro/libctru/lib/libctru.a(allocateHeaps.o)
                0x00113034                __ctru_heap
 .bss.archive_devices
                0x00113038      0x5c0 /opt/devkitpro/libctru/lib/libctru.a(archive_dev.o)
 .bss.archive_device_cwd
                0x001135f8        0x4 /opt/devkitpro/libctru/lib/libctru.a(archive_dev.o)
 .bss.archive_initialized
                0x001135fc        0x1 /opt/devkitpro/libctru/lib/libctru.a(archive_dev.o)
 *fill*         0x001135fd        0x3 
 .bss.fsExemptArchives
                0x00113600       0x80 /opt/devkitpro/libctru/lib/libctru.a(fs.o)
 .bss.fsuRefCount
                0x00113680        0x4 /opt/devkitpro/libctru/lib/libctru.a(fs.o)
 .bss.fsuHandle
                0x00113684        0x4 /opt/devkitpro/libctru/lib/libctru.a(fs.o)
 .bss.__sfp_recursive_mutex
                0x00113688        0xc /opt/devkitpro/devkitARM/bin/../lib/gcc/arm-none-eabi/14.1.0/../../../../arm-none-eabi/lib/armv6k/fpu/libg.a(libc_a-findfp.o)
 *fill*         0x00113694        0x4 
 .bss.__sf      0x00113698      0x168 /opt/devkitpro/devkitARM/bin/../lib/gcc/arm-none-eabi/14.1.0/../../../../arm-none-eabi/lib/armv6k/fpu/libg.a(libc_a-findfp.o)
                0x00113698                __sf
 .bss.__stdio_exit_handler
                0x00113800        0x4 /opt/devkitpro/devkitARM/bin/../lib/gcc/arm-none-eabi/14.1.0/../../../../arm-none-eabi/lib/armv6k/fpu/libg.a(libc_a-findfp.o)
                0x00113800                __stdio_exit_handler
 .bss.__malloc_current_mallinfo
                0x00113804       0x28 /opt/devkitpro/devkitARM/bin/../lib/gcc/arm-none-eabi/14.1.0/../../../../arm-none-eabi/lib/armv6k/fpu/libg.a(libc_a-mallocr.o)
                0x00113804                __malloc_current_mallinfo
 .bss.__malloc_max_total_mem
                0x0011382c        0x4 /opt/devkitpro/devkitARM/bin/../lib/gcc/arm-none-eabi/14.1.0/../../../../arm-none-eabi/lib/armv6k/fpu/libg.a(libc_a-mallocr.o)
                0x0011382c                __malloc_max_total_mem
 .bss.__malloc_max_sbrked_mem
                0x00113830        0x4 /opt/devkitpro/devkitARM/bin/../lib/gcc/arm-none-eabi/14.1.0/../../../../arm-none-eabi/lib/armv6k/fpu/libg.a(libc_a-mallocr.o)
                0x00113830                __malloc_max_sbrked_mem
 .bss.__malloc_top_pad
                0x00113834        0x4 /opt/devkitpro/devkitARM/bin/../lib/gcc/arm-none-eabi/14.1.0/../../../../arm-none-eabi/lib/armv6k/fpu/libg.a(libc_a-mallocr.o)
                0x00113834                __malloc_top_pad
 .bss.__malloc_recursive_mutex
                0x00113838        0xc /opt/devkitpro/devkitARM/bin/../lib/gcc/arm-none-eabi/14.1.0/../../../../arm-none-eabi/lib/armv6k/fpu/libg.a(libc_a-mlock.o)
 .bss.temp_cwd  0x00113844      0x400 /opt/devkitpro/devkitARM/bin/../lib/gcc/arm-none-eabi/14.1.0/../../../../arm-none-eabi/lib/armv6k/fpu/libsysbase.a(libsysbase_libsysbase_a-chdir.o)
 .bss.__hndl_lock
                0x00113c44        0x4 /opt/devkitpro/devkitARM/bin/../lib/gcc/arm-none-eabi/14.1.0/../../../../arm-none-eabi/lib/armv6k/fpu/libsysbase.a(libsysbase_libsysbase_a-handle_manager.o)
 .bss.fake_heap_start
                0x00113c48        0x4 /opt/devkitpro/devkitARM/bin/../lib/gcc/arm-none-eabi/14.1.0/../../../../arm-none-eabi/lib/armv6k/fpu/libsysbase.a(libsysbase_libsysbase_a-malloc_vars.o)
                0x00113c48                fake_heap_start
 .bss.fake_heap_end
                0x00113c4c        0x4 /opt/devkitpro/devkitARM/bin/../lib/gcc/arm-none-eabi/14.1.0/../../../../arm-none-eabi/lib/armv6k/fpu/libsysbase.a(libsysbase_libsysbase_a-malloc_vars.o)
                0x00113c4c                fake_heap_end
 .bss.heap_start.0
                0x00113c50        0x4 /opt/devkitpro/devkitARM/bin/../lib/gcc/arm-none-eabi/14.1.0/../../../../arm-none-eabi/lib/armv6k/fpu/libsysbase.a(libsysbase_libsysbase_a-sbrk.o)
 *(.gnu.linkonce.b*)
 *(COMMON)
                0x00113c54                        . = (0x8 + ABSOLUTE (ALIGN (ABSOLUTE ((. - 0x8)), MAX (ALIGNOF (.tdata), ALIGNOF (.tbss)))))
                0x00113c54                        __tls_start = .
                0x00113c54                        . = (. + SIZEOF (.tdata))
                0x00113c54                        . = ALIGN (ALIGNOF (.tbss))
                0x0011485c                        . = (. + SIZEOF (.tbss))
 *fill*         0x00113c54      0xc08 
                0x0011485c                        __tls_end = .
                0x0011485c                        __bss_end__ = .
                0x0011485c                        __end__ = ABSOLUTE (.)

/DISCARD/
 *(.group .comment .note)

.stab
 *(.stab)

.stabstr
 *(.stabstr)

.stab.excl
 *(.stab.excl)

.stab.exclstr
 *(.stab.exclstr)

.stab.index
 *(.stab.index)

.stab.indexstr
 *(.stab.indexstr)

.debug
 *(.debug)

.line
 *(.line)

.debug_srcinfo
 *(.debug_srcinfo)

.debug_sfnames
 *(.debug_sfnames)

.debug_aranges  0x00000000     0x1680
 *(.debug_aranges)
 .debug_aranges
                0x00000000       0x20 main.o
 .debug_aranges
                0x00000020       0x88 /opt/devkitpro/libctru/lib/libctru.a(console.o)
 .debug_aranges
                0x000000a8       0xa0 /opt/devkitpro/libctru/lib/libctru.a(gfx.o)
 .debug_aranges
                0x00000148      0x268 /opt/devkitpro/libctru/lib/libctru.a(apt.o)
 .debug_aranges
                0x000003b0      0x108 /opt/devkitpro/libctru/lib/libctru.a(gspgpu.o)
 .debug_aranges
                0x000004b8       0xd0 /opt/devkitpro/libctru/lib/libctru.a(hid.o)
 .debug_aranges
                0x00000588       0x68 /opt/devkitpro/libctru/lib/libctru.a(irrst.o)
 .debug_aranges
                0x000005f0       0x20 /opt/devkitpro/libctru/lib/libctru.a(ctru_init.o)
 .debug_aranges
                0x00000610       0x20 /opt/devkitpro/libctru/lib/libctru.a(initArgv.o)
 .debug_aranges
                0x00000630       0xe0 /opt/devkitpro/libctru/lib/libctru.a(syscalls.o)
 .debug_aranges
                0x00000710      0x330 /opt/devkitpro/libctru/lib/libctru.a(svc.o)
 .debug_aranges
                0x00000a40       0x28 /opt/devkitpro/libctru/lib/libctru.a(stack_adjust.o)
 .debug_aranges
                0x00000a68       0x58 /opt/devkitpro/libctru/lib/libctru.a(linear.o)
 .debug_aranges
                0x00000ac0       0x38 /opt/devkitpro/libctru/lib/libctru.a(mem_pool.o)
 .debug_aranges
                0x00000af8       0x68 /opt/devkitpro/libctru/lib/libctru.a(vram.o)
 .debug_aranges
                0x00000b60       0x20 /opt/devkitpro/libctru/lib/libctru.a(3dslink.o)
 .debug_aranges
                0x00000b80       0x28 /opt/devkitpro/libctru/lib/libctru.a(env.o)
 .debug_aranges
                0x00000ba8       0x58 /opt/devkitpro/libctru/lib/libctru.a(os.o)
 .debug_aranges
                0x00000c00       0xc0 /opt/devkitpro/libctru/lib/libctru.a(srv.o)
 .debug_aranges
                0x00000cc0       0xf0 /opt/devkitpro/libctru/lib/libctru.a(synchronization.o)
 .debug_aranges
                0x00000db0       0x60 /opt/devkitpro/libctru/lib/libctru.a(thread.o)
 .debug_aranges
                0x00000e10       0x38 /opt/devkitpro/libctru/lib/libctru.a(mappable.o)
 .debug_aranges
                0x00000e48       0xa0 /opt/devkitpro/libctru/lib/libctru.a(ptmsysm.o)
 .debug_aranges
                0x00000ee8       0x50 /opt/devkitpro/libctru/lib/libctru.a(srvpm.o)
 .debug_aranges
                0x00000f38       0x20 /opt/devkitpro/libctru/lib/libctru.a(rbtree_find.o)
 .debug_aranges
                0x00000f58       0x20 /opt/devkitpro/libctru/lib/libctru.a(rbtree_init.o)
 .debug_aranges
                0x00000f78       0x30 /opt/devkitpro/libctru/lib/libctru.a(rbtree_insert.o)
 .debug_aranges
                0x00000fa8       0x20 /opt/devkitpro/libctru/lib/libctru.a(rbtree_remove.o)
 .debug_aranges
                0x00000fc8       0x20 /opt/devkitpro/libctru/lib/libctru.a(rbtree_rotate.o)
 .debug_aranges
                0x00000fe8       0x20 /opt/devkitpro/libctru/lib/libctru.a(allocateHeaps.o)
 .debug_aranges
                0x00001008       0x20 /opt/devkitpro/libctru/lib/libctru.a(appExit.o)
 .debug_aranges
                0x00001028       0x20 /opt/devkitpro/libctru/lib/libctru.a(appInit.o)
 .debug_aranges
                0x00001048       0x20 /opt/devkitpro/libctru/lib/libctru.a(ctru_exit.o)
 .debug_aranges
                0x00001068      0x140 /opt/devkitpro/libctru/lib/libctru.a(archive_dev.o)
 .debug_aranges
                0x000011a8       0x18 /opt/devkitpro/libctru/lib/libctru.a(path_buf.o)
 .debug_aranges
                0x000011c0      0x3b8 /opt/devkitpro/libctru/lib/libctru.a(fs.o)
 .debug_aranges
                0x00001578       0x28 /opt/devkitpro/libctru/lib/libctru.a(rbtree_iterator.o)
 .debug_aranges
                0x000015a0       0x20 /opt/devkitpro/libctru/lib/libctru.a(decode_utf8.o)
 .debug_aranges
                0x000015c0       0x20 /opt/devkitpro/libctru/lib/libctru.a(utf16_to_utf8.o)
 .debug_aranges
                0x000015e0       0x20 /opt/devkitpro/libctru/lib/libctru.a(utf8_to_utf16.o)
 .debug_aranges
                0x00001600       0x20 /opt/devkitpro/libctru/lib/libctru.a(readtp.o)
 .debug_aranges
                0x00001620       0x20 /opt/devkitpro/libctru/lib/libctru.a(decode_utf16.o)
 .debug_aranges
                0x00001640       0x20 /opt/devkitpro/libctru/lib/libctru.a(encode_utf16.o)
 .debug_aranges
                0x00001660       0x20 /opt/devkitpro/libctru/lib/libctru.a(encode_utf8.o)

.debug_pubnames
 *(.debug_pubnames)

.debug_info     0x00000000    0x2d8cf
 *(.debug_info)
 .debug_info    0x00000000      0x4f7 main.o
 .debug_info    0x000004f7     0x21f3 /opt/devkitpro/libctru/lib/libctru.a(console.o)
 .debug_info    0x000026ea      0xcfb /opt/devkitpro/libctru/lib/libctru.a(gfx.o)
 .debug_info    0x000033e5     0x5593 /opt/devkitpro/libctru/lib/libctru.a(apt.o)
 .debug_info    0x00008978     0x5c04 /opt/devkitpro/libctru/lib/libctru.a(gspgpu.o)
 .debug_info    0x0000e57c     0x13d8 /opt/devkitpro/libctru/lib/libctru.a(hid.o)
 .debug_info    0x0000f954      0xafc /opt/devkitpro/libctru/lib/libctru.a(irrst.o)
 .debug_info    0x00010450      0x185 /opt/devkitpro/libctru/lib/libctru.a(ctru_init.o)
 .debug_info    0x000105d5      0x2bc /opt/devkitpro/libctru/lib/libctru.a(initArgv.o)
 .debug_info    0x00010891     0x1765 /opt/devkitpro/libctru/lib/libctru.a(syscalls.o)
 .debug_info    0x00011ff6       0x23 /opt/devkitpro/libctru/lib/libctru.a(svc.o)
 .debug_info    0x00012019       0x23 /opt/devkitpro/libctru/lib/libctru.a(stack_adjust.o)
 .debug_info    0x0001203c     0x1155 /opt/devkitpro/libctru/lib/libctru.a(linear.o)
 .debug_info    0x00013191     0x1001 /opt/devkitpro/libctru/lib/libctru.a(mem_pool.o)
 .debug_info    0x00014192     0x173a /opt/devkitpro/libctru/lib/libctru.a(vram.o)
 .debug_info    0x000158cc      0xa42 /opt/devkitpro/libctru/lib/libctru.a(3dslink.o)
 .debug_info    0x0001630e      0x2a9 /opt/devkitpro/libctru/lib/libctru.a(env.o)
 .debug_info    0x000165b7      0x6cc /opt/devkitpro/libctru/lib/libctru.a(os.o)
 .debug_info    0x00016c83     0x1af2 /opt/devkitpro/libctru/lib/libctru.a(srv.o)
 .debug_info    0x00018775     0x2956 /opt/devkitpro/libctru/lib/libctru.a(synchronization.o)
 .debug_info    0x0001b0cb     0x1152 /opt/devkitpro/libctru/lib/libctru.a(thread.o)
 .debug_info    0x0001c21d      0x36d /opt/devkitpro/libctru/lib/libctru.a(mappable.o)
 .debug_info    0x0001c58a      0xb06 /opt/devkitpro/libctru/lib/libctru.a(ptmsysm.o)
 .debug_info    0x0001d090      0x872 /opt/devkitpro/libctru/lib/libctru.a(srvpm.o)
 .debug_info    0x0001d902      0x1e0 /opt/devkitpro/libctru/lib/libctru.a(rbtree_find.o)
 .debug_info    0x0001dae2      0x17c /opt/devkitpro/libctru/lib/libctru.a(rbtree_init.o)
 .debug_info    0x0001dc5e      0x667 /opt/devkitpro/libctru/lib/libctru.a(rbtree_insert.o)
 .debug_info    0x0001e2c5      0x960 /opt/devkitpro/libctru/lib/libctru.a(rbtree_remove.o)
 .debug_info    0x0001ec25      0x358 /opt/devkitpro/libctru/lib/libctru.a(rbtree_rotate.o)
 .debug_info    0x0001ef7d      0x529 /opt/devkitpro/libctru/lib/libctru.a(allocateHeaps.o)
 .debug_info    0x0001f4a6      0x13d /opt/devkitpro/libctru/lib/libctru.a(appExit.o)
 .debug_info    0x0001f5e3      0x148 /opt/devkitpro/libctru/lib/libctru.a(appInit.o)
 .debug_info    0x0001f72b      0x2b7 /opt/devkitpro/libctru/lib/libctru.a(ctru_exit.o)
 .debug_info    0x0001f9e2     0x42b1 /opt/devkitpro/libctru/lib/libctru.a(archive_dev.o)
 .debug_info    0x00023c93       0xd7 /opt/devkitpro/libctru/lib/libctru.a(path_buf.o)
 .debug_info    0x00023d6a     0x8f48 /opt/devkitpro/libctru/lib/libctru.a(fs.o)
 .debug_info    0x0002ccb2      0x351 /opt/devkitpro/libctru/lib/libctru.a(rbtree_iterator.o)
 .debug_info    0x0002d003      0x158 /opt/devkitpro/libctru/lib/libctru.a(decode_utf8.o)
 .debug_info    0x0002d15b      0x205 /opt/devkitpro/libctru/lib/libctru.a(utf16_to_utf8.o)
 .debug_info    0x0002d360      0x205 /opt/devkitpro/libctru/lib/libctru.a(utf8_to_utf16.o)
 .debug_info    0x0002d565       0x24 /opt/devkitpro/libctru/lib/libctru.a(readtp.o)
 .debug_info    0x0002d589      0x134 /opt/devkitpro/libctru/lib/libctru.a(decode_utf16.o)
 .debug_info    0x0002d6bd      0x109 /opt/devkitpro/libctru/lib/libctru.a(encode_utf16.o)
 .debug_info    0x0002d7c6      0x109 /opt/devkitpro/libctru/lib/libctru.a(encode_utf8.o)

.debug_abbrev   0x00000000     0x70f0
 *(.debug_abbrev)
 .debug_abbrev  0x00000000      0x1a6 main.o
 .debug_abbrev  0x000001a6      0x5df /opt/devkitpro/libctru/lib/libctru.a(console.o)
 .debug_abbrev  0x00000785      0x389 /opt/devkitpro/libctru/lib/libctru.a(gfx.o)
 .debug_abbrev  0x00000b0e      0x763 /opt/devkitpro/libctru/lib/libctru.a(apt.o)
 .debug_abbrev  0x00001271      0x62a /opt/devkitpro/libctru/lib/libctru.a(gspgpu.o)
 .debug_abbrev  0x0000189b      0x516 /opt/devkitpro/libctru/lib/libctru.a(hid.o)
 .debug_abbrev  0x00001db1      0x38b /opt/devkitpro/libctru/lib/libctru.a(irrst.o)
 .debug_abbrev  0x0000213c      0x129 /opt/devkitpro/libctru/lib/libctru.a(ctru_init.o)
 .debug_abbrev  0x00002265      0x198 /opt/devkitpro/libctru/lib/libctru.a(initArgv.o)
 .debug_abbrev  0x000023fd      0x4f5 /opt/devkitpro/libctru/lib/libctru.a(syscalls.o)
 .debug_abbrev  0x000028f2       0x12 /opt/devkitpro/libctru/lib/libctru.a(svc.o)
 .debug_abbrev  0x00002904       0x12 /opt/devkitpro/libctru/lib/libctru.a(stack_adjust.o)
 .debug_abbrev  0x00002916      0x43f /opt/devkitpro/libctru/lib/libctru.a(linear.o)
 .debug_abbrev  0x00002d55      0x3a5 /opt/devkitpro/libctru/lib/libctru.a(mem_pool.o)
 .debug_abbrev  0x000030fa      0x489 /opt/devkitpro/libctru/lib/libctru.a(vram.o)
 .debug_abbrev  0x00003583      0x259 /opt/devkitpro/libctru/lib/libctru.a(3dslink.o)
 .debug_abbrev  0x000037dc      0x1bf /opt/devkitpro/libctru/lib/libctru.a(env.o)
 .debug_abbrev  0x0000399b      0x2b2 /opt/devkitpro/libctru/lib/libctru.a(os.o)
 .debug_abbrev  0x00003c4d      0x514 /opt/devkitpro/libctru/lib/libctru.a(srv.o)
 .debug_abbrev  0x00004161      0x4f2 /opt/devkitpro/libctru/lib/libctru.a(synchronization.o)
 .debug_abbrev  0x00004653      0x495 /opt/devkitpro/libctru/lib/libctru.a(thread.o)
 .debug_abbrev  0x00004ae8      0x1d3 /opt/devkitpro/libctru/lib/libctru.a(mappable.o)
 .debug_abbrev  0x00004cbb      0x24f /opt/devkitpro/libctru/lib/libctru.a(ptmsysm.o)
 .debug_abbrev  0x00004f0a      0x2f1 /opt/devkitpro/libctru/lib/libctru.a(srvpm.o)
 .debug_abbrev  0x000051fb      0x107 /opt/devkitpro/libctru/lib/libctru.a(rbtree_find.o)
 .debug_abbrev  0x00005302       0xc1 /opt/devkitpro/libctru/lib/libctru.a(rbtree_init.o)
 .debug_abbrev  0x000053c3      0x228 /opt/devkitpro/libctru/lib/libctru.a(rbtree_insert.o)
 .debug_abbrev  0x000055eb      0x276 /opt/devkitpro/libctru/lib/libctru.a(rbtree_remove.o)
 .debug_abbrev  0x00005861      0x1bc /opt/devkitpro/libctru/lib/libctru.a(rbtree_rotate.o)
 .debug_abbrev  0x00005a1d      0x193 /opt/devkitpro/libctru/lib/libctru.a(allocateHeaps.o)