Archive member included to satisfy reference by file (symbol)

/opt/devkitpro/libctru/lib/libctru.a(linear.o)
                              main.o (linearAlloc)
/opt/devkitpro/libctru/lib/libctru.a(mem_pool.o)
                              /opt/devkitpro/libctru/lib/libctru.a(linear.o) (MemPool::Allocate(MemChunk&, unsigned long, int))
/opt/devkitpro/libctru/lib/libctru.a(console.o)
                              main.o (consoleInit)
/opt/devkitpro/libctru/lib/libctru.a(gfx.o)
                              /opt/devkitpro/libctru/lib/libctru.a(console.o) (gfxIsWide)
/opt/devkitpro/libctru/lib/libctru.a(ndsp.o)
                              main.o (ndspInit)
/opt/devkitpro/libctru/lib/libctru.a(ndsp-channel.o)
                              main.o (ndspChnSetFormat)
/opt/devkitpro/libctru/lib/libctru.a(apt.o)
                              main.o (aptMainLoop)
/opt/devkitpro/libctru/lib/libctru.a(cfgu.o)
                              /opt/devkitpro/libctru/lib/libctru.a(ndsp.o) (cfguInit)
/opt/devkitpro/libctru/lib/libctru.a(dsp.o)
                              /opt/devkitpro/libctru/lib/libctru.a(ndsp.o) (dspInit)
/opt/devkitpro/libctru/lib/libctru.a(fs.o)
                              /opt/devkitpro/libctru/lib/libctru.a(ndsp.o) (FSUSER_OpenFileDirectly)
/opt/devkitpro/libctru/lib/libctru.a(gspgpu.o)
                              /opt/devkitpro/libctru/lib/libctru.a(gfx.o) (gspInit)
/opt/devkitpro/libctru/lib/libctru.a(hid.o)
                              main.o (hidScanInput)
/opt/devkitpro/libctru/lib/libctru.a(irrst.o)
                              /opt/devkitpro/libctru/lib/libctru.a(hid.o) (irrstInit)
/opt/devkitpro/libctru/lib/libctru.a(rbtree_find.o)
                              /opt/devkitpro/libctru/lib/libctru.a(linear.o) (rbtree_find)
/opt/devkitpro/libctru/lib/libctru.a(rbtree_init.o)
                              /opt/devkitpro/libctru/lib/libctru.a(linear.o) (rbtree_init)
/opt/devkitpro/libctru/lib/libctru.a(rbtree_insert.o)
                              /opt/devkitpro/libctru/lib/libctru.a(linear.o) (rbtree_insert)
/opt/devkitpro/libctru/lib/libctru.a(rbtree_remove.o)
                              /opt/devkitpro/libctru/lib/libctru.a(linear.o) (rbtree_remove)
/opt/devkitpro/libctru/lib/libctru.a(rbtree_rotate.o)
                              /opt/devkitpro/libctru/lib/libctru.a(rbtree_insert.o) (rbtree_rotate)
/opt/devkitpro/libctru/lib/libctru.a(allocateHeaps.o)
                              /opt/devkitpro/libctru/lib/libctru.a(linear.o) (__ctru_linear_heap_size)
/opt/devkitpro/libctru/lib/libctru.a(ctru_init.o)
                              /opt/devkitpro/libctru/lib/libctru.a(apt.o) (__system_retAddr)
/opt/devkitpro/libctru/lib/libctru.a(initArgv.o)
                              /opt/devkitpro/libctru/lib/libctru.a(ctru_init.o) (__system_initArgv)
/opt/devkitpro/libctru/lib/libctru.a(syscalls.o)
                              /opt/devkitpro/libctru/lib/libctru.a(ctru_init.o) (__system_initSyscalls)
/opt/devkitpro/libctru/lib/libctru.a(svc.o)
                              /opt/devkitpro/libctru/lib/libctru.a(allocateHeaps.o) (svcControlMemory)
/opt/devkitpro/libctru/lib/libctru.a(stack_adjust.o)
                              /opt/devkitpro/devkitARM/bin/../lib/gcc/arm-none-eabi/15.1.0/../../../../arm-none-eabi/lib/armv6k/fpu/3dsx_crt0.o (initSystem)
/opt/devkitpro/libctru/lib/libctru.a(default_font.bin.o)
                              /opt/devkitpro/libctru/lib/libctru.a(console.o) (default_font_bin)
/opt/devkitpro/libctru/lib/libctru.a(vram.o)
                              /opt/devkitpro/libctru/lib/libctru.a(gfx.o) (vramAlloc)
/opt/devkitpro/libctru/lib/libctru.a(3dslink.o)
                              /opt/devkitpro/libctru/lib/libctru.a(initArgv.o) (__3dslink_host)
/opt/devkitpro/libctru/lib/libctru.a(env.o)
                              /opt/devkitpro/libctru/lib/libctru.a(ndsp.o) (envGetHandle)
/opt/devkitpro/libctru/lib/libctru.a(os.o)
                              /opt/devkitpro/libctru/lib/libctru.a(ndsp-channel.o) (osConvertVirtToPhys)
/opt/devkitpro/libctru/lib/libctru.a(srv.o)
                              /opt/devkitpro/libctru/lib/libctru.a(apt.o) (srvInit)
/opt/devkitpro/libctru/lib/libctru.a(synchronization.o)
                              /opt/devkitpro/libctru/lib/libctru.a(ctru_init.o) (__sync_init)
/opt/devkitpro/libctru/lib/libctru.a(thread.o)
                              /opt/devkitpro/libctru/lib/libctru.a(ndsp.o) (threadCreate)
/opt/devkitpro/libctru/lib/libctru.a(mappable.o)
                              /opt/devkitpro/libctru/lib/libctru.a(allocateHeaps.o) (mappableInit)
/opt/devkitpro/libctru/lib/libctru.a(ptmsysm.o)
                              /opt/devkitpro/libctru/lib/libctru.a(os.o) (ptmSysmInit)
/opt/devkitpro/libctru/lib/libctru.a(srvpm.o)
                              /opt/devkitpro/libctru/lib/libctru.a(srv.o) (srvPmGetSessionHandle)
/opt/devkitpro/libctru/lib/libctru.a(soc_connect.o)
[...]
Memory Configuration

Name             Origin             Length             Attributes
*default*        0x00000000         0xffffffff

Linker script and memory map

                0x00000000                        __sync_synchronize = __sync_synchronize_dmb
                0x00100000                        PROVIDE (__start__ = 0x100000)
                0x00100000                        . = __start__

.text           0x00100000    0x1fadc
 *(.crt0)
 .crt0          0x00100000       0x94 /opt/devkitpro/devkitARM/bin/../lib/gcc/arm-none-eabi/15.1.0/../../../../arm-none-eabi/lib/armv6k/fpu/3dsx_crt0.o
                0x00100000                _start
                0x00100008                __service_ptr
                0x0010000c                __apt_appid
                0x00100010                __heap_size
                0x00100014                __linear_heap_size
                0x00100018                __system_arglist
                0x0010001c                __system_runflags
 *(.init)
 .init          0x00100094        0xc /opt/devkitpro/devkitARM/bin/../lib/gcc/arm-none-eabi/15.1.0/armv6k/fpu/crti.o
                0x00100094                _init
 .init          0x001000a0        0xc /opt/devkitpro/devkitARM/bin/../lib/gcc/arm-none-eabi/15.1.0/armv6k/fpu/crtn.o
                0x001000ac                        . = ALIGN (0x4)
 *(.text)
 .text          0x001000ac      0x240 /opt/devkitpro/devkitARM/bin/../lib/gcc/arm-none-eabi/15.1.0/armv6k/fpu/libgcc.a(_divsi3.o)
                0x001000ac                __aeabi_idiv
                0x001000ac                __divsi3
                0x001002cc                __aeabi_idivmod
 .text          0x001002ec        0x4 /opt/devkitpro/devkitARM/bin/../lib/gcc/arm-none-eabi/15.1.0/armv6k/fpu/libgcc.a(_dvmd_tls.o)
                0x001002ec                __aeabi_ldiv0
                0x001002ec                __aeabi_idiv0
 .text          0x001002f0       0x3c /opt/devkitpro/devkitARM/bin/../lib/gcc/arm-none-eabi/15.1.0/armv6k/fpu/libgcc.a(_aeabi_uldivmod.o)
                0x001002f0                __aeabi_uldivmod
 .text          0x0010032c      0x1a8 /opt/devkitpro/devkitARM/bin/../lib/gcc/arm-none-eabi/15.1.0/armv6k/fpu/libgcc.a(libunwind.o)
                0x0010032c                __restore_core_regs
                0x0010032c                restore_core_regs
                0x00100340                __gnu_Unwind_Restore_VFP
                0x00100348                __gnu_Unwind_Save_VFP
                0x00100350                __gnu_Unwind_Restore_VFP_D
                0x00100358                __gnu_Unwind_Save_VFP_D
                0x00100360                __gnu_Unwind_Restore_VFP_D_16_to_31
                0x00100368                __gnu_Unwind_Save_VFP_D_16_to_31
                0x00100370                __gnu_Unwind_Restore_WMMXD
                0x001003b4                __gnu_Unwind_Save_WMMXD
                0x001003f8                __gnu_Unwind_Restore_WMMXC
                0x0010040c                __gnu_Unwind_Save_WMMXC
                0x00100420                ___Unwind_RaiseException
                0x00100420                _Unwind_RaiseException
                0x00100444                ___Unwind_Resume
                0x00100444                _Unwind_Resume
                0x00100468                _Unwind_Resume_or_Rethrow
                0x00100468                ___Unwind_Resume_or_Rethrow
                0x0010048c                ___Unwind_ForcedUnwind
                0x0010048c                _Unwind_ForcedUnwind
                0x001004b0                _Unwind_Backtrace
                0x001004b0                ___Unwind_Backtrace
 *fill*         0x001004d4        0xc 
 .text          0x001004e0      0x390 /opt/devkitpro/devkitARM/bin/../lib/gcc/arm-none-eabi/15.1.0/../../../../arm-none-eabi/lib/armv6k/fpu/libg.a(libc_a-strcmp.o)
                0x001004e8                strcmp
 .text          0x00100870      0x20c /opt/devkitpro/devkitARM/bin/../lib/gcc/arm-none-eabi/15.1.0/armv6k/fpu/libgcc.a(_udivsi3.o)
                0x00100870                __udivsi3
                0x00100870                __aeabi_uidiv
                0x00100a5c                __aeabi_uidivmod
 *(.text.*)
 .text.__do_global_dtors_aux
                0x00100a7c       0x50 /opt/devkitpro/devkitARM/bin/../lib/gcc/arm-none-eabi/15.1.0/armv6k/fpu/crtbegin.o
 .text.frame_dummy
                0x00100acc       0x2c /opt/devkitpro/devkitARM/bin/../lib/gcc/arm-none-eabi/15.1.0/armv6k/fpu/crtbegin.o
 .text._ZNSt7__cxx1112basic_stringIcSt11char_traitsIcESaIcEE12_M_constructIPKcEEvT_S8_St20forward_iterator_tag.isra.0
                0x00100af8       0x94 main.o
 .text._Z11print_filesSt6vectorI6direntSaIS0_EEj
                0x00100b8c      0x150 main.o
                0x00100b8c                print_files(std::vector<dirent, std::allocator<dirent> >, unsigned int)
 *fill*         0x00100cdc        0x4 
 .text._Z11fill_bufferPvjji
                0x00100ce0       0xa0 main.o
                0x00100ce0                fill_buffer(void*, unsigned int, unsigned int, int)
 .text._ZNSt6vectorI6direntSaIS0_EE17_M_realloc_appendIJRKS0_EEEvDpOT_
                0x00100d80       0xd4 main.o
                0x00100d80                void std::vector<dirent, std::allocator<dirent> >::_M_realloc_append<dirent const&>(dirent const&)
 .text._Z9get_filesPKc
                0x00100e54       0xac main.o
                0x00100e54                get_files(char const*)
 .text.startup.main
                0x00100f00      0x5e4 main.o
                0x00100f00                main
 .text._ZL21addrMapNodeComparatorPK11rbtree_nodeS1_
                0x001014e4       0x24 /opt/devkitpro/libctru/lib/libctru.a(linear.o)
 .text._ZL21addrMapNodeDestructorP11rbtree_node
                0x00101508        0x4 /opt/devkitpro/libctru/lib/libctru.a(linear.o)
 .text.linearMemAlign
                0x0010150c      0x12c /opt/devkitpro/libctru/lib/libctru.a(linear.o)
                0x0010150c                linearMemAlign
 .text.linearAlloc
                0x00101638        0x8 /opt/devkitpro/libctru/lib/libctru.a(linear.o)
                0x00101638                linearAlloc
 .text.linearFree
                0x00101640       0x5c /opt/devkitpro/libctru/lib/libctru.a(linear.o)
                0x00101640                linearFree
 .text._ZN7MemPool13CoalesceRightEP8MemBlock
                0x0010169c       0x88 /opt/devkitpro/libctru/lib/libctru.a(mem_pool.o)
                0x0010169c                MemPool::CoalesceRight(MemBlock*)
 .text._ZN7MemPool8AllocateER8MemChunkmi
                0x00101724      0x178 /opt/devkitpro/libctru/lib/libctru.a(mem_pool.o)
                0x00101724                MemPool::Allocate(MemChunk&, unsigned long, int)
 .text._ZN7MemPool10DeallocateERK8MemChunk
                0x0010189c      0x118 /opt/devkitpro/libctru/lib/libctru.a(mem_pool.o)
                0x0010189c                MemPool::Deallocate(MemChunk const&)
 .text._ZN7MemPool12GetFreeSpaceEv
                0x001019b4       0x30 /opt/devkitpro/libctru/lib/libctru.a(mem_pool.o)
                0x001019b4                MemPool::GetFreeSpace()
 .text.consoleDrawChar
                0x001019e4      0x1c8 /opt/devkitpro/libctru/lib/libctru.a(console.o)
                0x001019e4                consoleDrawChar
 .text.consolePrintChar
                0x00101bac      0x170 /opt/devkitpro/libctru/lib/libctru.a(console.o)
                0x00101bac                consolePrintChar
 .text.con_write
                0x00101d1c      0xc40 /opt/devkitpro/libctru/lib/libctru.a(console.o)
                0x00101d1c                con_write
 .text.newRow   0x0010295c      0x110 /opt/devkitpro/libctru/lib/libctru.a(console.o)
 .text.consoleInit
                0x00102a6c      0x180 /opt/devkitpro/libctru/lib/libctru.a(console.o)
                0x00102a6c                consoleInit
 .text.consoleClear
                0x00102bec       0xb8 /opt/devkitpro/libctru/lib/libctru.a(console.o)
                0x00102bec                consoleClear
 .text.gfxPresentFramebuffer
                0x00102ca4       0xcc /opt/devkitpro/libctru/lib/libctru.a(gfx.o)
 .text.gfxIsWide
                0x00102d70       0x1c /opt/devkitpro/libctru/lib/libctru.a(gfx.o)
                0x00102d70                gfxIsWide
 .text.gfxSetScreenFormat
                0x00102d8c       0xf8 /opt/devkitpro/libctru/lib/libctru.a(gfx.o)
                0x00102d8c                gfxSetScreenFormat
 .text.gfxSetDoubleBuffering
                0x00102e84       0x10 /opt/devkitpro/libctru/lib/libctru.a(gfx.o)
                0x00102e84                gfxSetDoubleBuffering
 .text.gfxInit  0x00102e94       0xd8 /opt/devkitpro/libctru/lib/libctru.a(gfx.o)
                0x00102e94                gfxInit
 .text.gfxInitDefault
                0x00102f6c       0x10 /opt/devkitpro/libctru/lib/libctru.a(gfx.o)
                0x00102f6c                gfxInitDefault
 .text.gfxExit  0x00102f7c       0xb8 /opt/devkitpro/libctru/lib/libctru.a(gfx.o)
                0x00102f7c                gfxExit
 .text.gfxGetFramebuffer
                0x00103034       0xa0 /opt/devkitpro/libctru/lib/libctru.a(gfx.o)
                0x00103034                gfxGetFramebuffer
 .text.gfxFlushBuffers
                0x001030d4      0x100 /opt/devkitpro/libctru/lib/libctru.a(gfx.o)
                0x001030d4                gfxFlushBuffers
 .text.gfxSwapBuffers
                0x001031d4       0x50 /opt/devkitpro/libctru/lib/libctru.a(gfx.o)
                0x001031d4                gfxSwapBuffers
 .text.gfxSwapBuffersGpu
                0x00103224       0x50 /opt/devkitpro/libctru/lib/libctru.a(gfx.o)
                0x00103224                gfxSwapBuffersGpu
 .text.ndspUpdateMaster
                0x00103274      0x158 /opt/devkitpro/libctru/lib/libctru.a(ndsp.o)
 *fill*         0x001033cc        0x4 
 .text.ndspFinalize
                0x001033d0      0x108 /opt/devkitpro/libctru/lib/libctru.a(ndsp.o)
 .text.ndspInitialize.part.0
                0x001034d8      0x254 /opt/devkitpro/libctru/lib/libctru.a(ndsp.o)
 .text.ndspHookCallback
                0x0010372c      0x108 /opt/devkitpro/libctru/lib/libctru.a(ndsp.o)
 *fill*         0x00103834        0x4 
 .text.ndspThreadMain
                0x00103838      0x318 /opt/devkitpro/libctru/lib/libctru.a(ndsp.o)
 .text.ndspInit
                0x00103b50      0x3f0 /opt/devkitpro/libctru/lib/libctru.a(ndsp.o)
                0x00103b50                ndspInit
 .text.ndspExit
                0x00103f40       0xd8 /opt/devkitpro/libctru/lib/libctru.a(ndsp.o)
                0x00103f40                ndspExit
 .text.ndspSetOutputMode
                0x00104018       0x34 /opt/devkitpro/libctru/lib/libctru.a(ndsp.o)
                0x00104018                ndspSetOutputMode
 .text.ndspChnReset
                0x0010404c       0xe0 /opt/devkitpro/libctru/lib/libctru.a(ndsp-channel.o)
                0x0010404c                ndspChnReset
 .text.ndspChnSetFormat
                0x0010412c       0x18 /opt/devkitpro/libctru/lib/libctru.a(ndsp-channel.o)
                0x0010412c                ndspChnSetFormat
 .text.ndspChnSetInterp
                0x00104144       0x50 /opt/devkitpro/libctru/lib/libctru.a(ndsp-channel.o)
                0x00104144                ndspChnSetInterp
 .text.ndspChnSetRate
                0x00104194       0x60 /opt/devkitpro/libctru/lib/libctru.a(ndsp-channel.o)
                0x00104194                ndspChnSetRate
 .text.ndspChnSetMix
                0x001041f4       0x80 /opt/devkitpro/libctru/lib/libctru.a(ndsp-channel.o)
                0x001041f4                ndspChnSetMix
 .text.ndspChnWaveBufAdd
                0x00104274       0xc8 /opt/devkitpro/libctru/lib/libctru.a(ndsp-channel.o)
                0x00104274                ndspChnWaveBufAdd
 .text.ndspiInitChn
                0x0010433c       0x40 /opt/devkitpro/libctru/lib/libctru.a(ndsp-channel.o)
                0x0010433c                ndspiInitChn
 .text.ndspiDirtyChn
                0x0010437c       0x2c /opt/devkitpro/libctru/lib/libctru.a(ndsp-channel.o)
                0x0010437c                ndspiDirtyChn
 .text.ndspiUpdateChn
                0x001043a8      0x43c /opt/devkitpro/libctru/lib/libctru.a(ndsp-channel.o)
                0x001043a8                ndspiUpdateChn
 .text.ndspiReadChnState
                0x001047e4      0x180 /opt/devkitpro/libctru/lib/libctru.a(ndsp-channel.o)
                0x001047e4                ndspiReadChnState
 .text.aptConvertScreenForCapture
                0x00104964      0x180 /opt/devkitpro/libctru/lib/libctru.a(apt.o)
 .text.aptSendCommand
                0x00104ae4      0x138 /opt/devkitpro/libctru/lib/libctru.a(apt.o)
                0x00104ae4                aptSendCommand
 *fill*         0x00104c1c        0x4 
 .text.aptExitProcess
                0x00104c20       0x44 /opt/devkitpro/libctru/lib/libctru.a(apt.o)
 .text.aptExit  0x00104c64      0x394 /opt/devkitpro/libctru/lib/libctru.a(apt.o)
                0x00104c64                aptExit
 .text.aptHandleSleep
                0x00104ff8       0xd8 /opt/devkitpro/libctru/lib/libctru.a(apt.o)
                0x00104ff8                aptHandleSleep
 .text.APT_SleepIfShellClosed
                0x001050d0       0x84 /opt/devkitpro/libctru/lib/libctru.a(apt.o)
                0x001050d0                APT_SleepIfShellClosed
 .text.aptSetSleepAllowed
                0x00105154       0x78 /opt/devkitpro/libctru/lib/libctru.a(apt.o)
                0x00105154                aptSetSleepAllowed
 .text.APT_UnlockTransition
                0x001051cc       0x84 /opt/devkitpro/libctru/lib/libctru.a(apt.o)
                0x001051cc                APT_UnlockTransition
 .text.aptEventHandler
                0x00105250      0x470 /opt/devkitpro/libctru/lib/libctru.a(apt.o)
 .text.APT_ReceiveParameter
                0x001056c0       0xbc /opt/devkitpro/libctru/lib/libctru.a(apt.o)
                0x001056c0                APT_ReceiveParameter
 .text.aptReceiveParameter.constprop.0
                0x0010577c       0xb0 /opt/devkitpro/libctru/lib/libctru.a(apt.o)
 *fill*         0x0010582c        0x4 
 .text.aptScreenTransfer
                0x00105830      0x294 /opt/devkitpro/libctru/lib/libctru.a(apt.o)
 .text.aptWaitForWakeUp.isra.0
                0x00105ac4      0x2d0 /opt/devkitpro/libctru/lib/libctru.a(apt.o)
 .text.aptJumpToHomeMenu
                0x00105d94       0xf4 /opt/devkitpro/libctru/lib/libctru.a(apt.o)
                0x00105d94                aptJumpToHomeMenu
 .text.aptMainLoop
                0x00105e88       0x58 /opt/devkitpro/libctru/lib/libctru.a(apt.o)
                0x00105e88                aptMainLoop
 .text.aptInit  0x00105ee0      0x240 /opt/devkitpro/libctru/lib/libctru.a(apt.o)
                0x00105ee0                aptInit
 .text.APT_CheckNew3DS
                0x00106120       0x90 /opt/devkitpro/libctru/lib/libctru.a(apt.o)
                0x00106120                APT_CheckNew3DS
 .text.cfguInit
                0x001061b0       0xa8 /opt/devkitpro/libctru/lib/libctru.a(cfgu.o)
                0x001061b0                cfguInit
 .text.cfguExit
                0x00106258       0x3c /opt/devkitpro/libctru/lib/libctru.a(cfgu.o)
                0x00106258                cfguExit
 .text.CFGU_GetConfigInfoBlk2
                0x00106294       0x4c /opt/devkitpro/libctru/lib/libctru.a(cfgu.o)
                0x00106294                CFGU_GetConfigInfoBlk2
 .text.DSP_LoadComponent.part.0
                0x001062e0       0xa4 /opt/devkitpro/libctru/lib/libctru.a(dsp.o)
 .text.dspInit  0x00106384       0xfc /opt/devkitpro/libctru/lib/libctru.a(dsp.o)
                0x00106384                dspInit
 .text.dspExit  0x00106480       0x8c /opt/devkitpro/libctru/lib/libctru.a(dsp.o)
                0x00106480                dspExit
 .text.dspHook  0x0010650c       0x24 /opt/devkitpro/libctru/lib/libctru.a(dsp.o)
                0x0010650c                dspHook
 .text.dspUnhook
                0x00106530       0x30 /opt/devkitpro/libctru/lib/libctru.a(dsp.o)
                0x00106530                dspUnhook
 .text.aptDspSleep
                0x00106560       0xb4 /opt/devkitpro/libctru/lib/libctru.a(dsp.o)
                0x00106560                aptDspSleep
 .text.aptDspWakeup
                0x00106614       0xb4 /opt/devkitpro/libctru/lib/libctru.a(dsp.o)
                0x00106614                aptDspWakeup
 .text.aptDspCancel
                0x001066c8       0x44 /opt/devkitpro/libctru/lib/libctru.a(dsp.o)
                0x001066c8                aptDspCancel
 .text.DSP_FlushDataCache
                0x0010670c       0x50 /opt/devkitpro/libctru/lib/libctru.a(dsp.o)
                0x0010670c                DSP_FlushDataCache
 .text.DSP_SetSemaphore
                0x0010675c       0x34 /opt/devkitpro/libctru/lib/libctru.a(dsp.o)
                0x0010675c                DSP_SetSemaphore
 .text.DSP_SetSemaphoreMask
                0x00106790       0x34 /opt/devkitpro/libctru/lib/libctru.a(dsp.o)
                0x00106790                DSP_SetSemaphoreMask
 .text.DSP_GetSemaphoreHandle
                0x001067c4       0x38 /opt/devkitpro/libctru/lib/libctru.a(dsp.o)
                0x001067c4                DSP_GetSemaphoreHandle
 .text.DSP_LoadComponent
                0x001067fc       0x3c /opt/devkitpro/libctru/lib/libctru.a(dsp.o)
                0x001067fc                DSP_LoadComponent
 .text.DSP_RegisterInterruptEvents
                0x00106838       0x44 /opt/devkitpro/libctru/lib/libctru.a(dsp.o)
                0x00106838                DSP_RegisterInterruptEvents
 .text.DSP_ReadPipeIfPossible
                0x0010687c       0x78 /opt/devkitpro/libctru/lib/libctru.a(dsp.o)
                0x0010687c                DSP_ReadPipeIfPossible
 .text.DSP_WriteProcessPipe
                0x001068f4       0x4c /opt/devkitpro/libctru/lib/libctru.a(dsp.o)
                0x001068f4                DSP_WriteProcessPipe
 .text.DSP_ConvertProcessAddressFromDspDram
                0x00106940       0x44 /opt/devkitpro/libctru/lib/libctru.a(dsp.o)
                0x00106940                DSP_ConvertProcessAddressFromDspDram
 .text.DSP_RecvData
                0x00106984       0x44 /opt/devkitpro/libctru/lib/libctru.a(dsp.o)
                0x00106984                DSP_RecvData
 .text.DSP_RecvDataIsReady
                0x001069c8       0x50 /opt/devkitpro/libctru/lib/libctru.a(dsp.o)
                0x001069c8                DSP_RecvDataIsReady
 .text.fsInit   0x00106a18      0x104 /opt/devkitpro/libctru/lib/libctru.a(fs.o)
                0x00106a18                fsInit
 .text.fsExit   0x00106b1c       0x3c /opt/devkitpro/libctru/lib/libctru.a(fs.o)
                0x00106b1c                fsExit
 .text.fsExemptFromSession
                0x00106b58       0x68 /opt/devkitpro/libctru/lib/libctru.a(fs.o)
                0x00106b58                fsExemptFromSession
 .text.fsUnexemptFromSession
                0x00106bc0       0x50 /opt/devkitpro/libctru/lib/libctru.a(fs.o)
                0x00106bc0                fsUnexemptFromSession
 .text.FSUSER_OpenFile
                0x00106c10       0xcc /opt/devkitpro/libctru/lib/libctru.a(fs.o)
                0x00106c10                FSUSER_OpenFile
 .text.FSUSER_OpenFileDirectly
                0x00106cdc       0xcc /opt/devkitpro/libctru/lib/libctru.a(fs.o)
                0x00106cdc                FSUSER_OpenFileDirectly
 .text.FSUSER_DeleteFile
                0x00106da8       0xb8 /opt/devkitpro/libctru/lib/libctru.a(fs.o)
                0x00106da8                FSUSER_DeleteFile
 .text.FSUSER_RenameFile
                0x00106e60       0xf4 /opt/devkitpro/libctru/lib/libctru.a(fs.o)
                0x00106e60                FSUSER_RenameFile
 .text.FSUSER_DeleteDirectory
                0x00106f54       0xb8 /opt/devkitpro/libctru/lib/libctru.a(fs.o)
                0x00106f54                FSUSER_DeleteDirectory
 .text.FSUSER_CreateFile
                0x0010700c       0xd0 /opt/devkitpro/libctru/lib/libctru.a(fs.o)
                0x0010700c                FSUSER_CreateFile
 .text.FSUSER_CreateDirectory
                0x001070dc       0xc0 /opt/devkitpro/libctru/lib/libctru.a(fs.o)
                0x001070dc                FSUSER_CreateDirectory
 .text.FSUSER_RenameDirectory
                0x0010719c       0xf4 /opt/devkitpro/libctru/lib/libctru.a(fs.o)
                0x0010719c                FSUSER_RenameDirectory
 .text.FSUSER_OpenDirectory
                0x00107290       0xb4 /opt/devkitpro/libctru/lib/libctru.a(fs.o)
                0x00107290                FSUSER_OpenDirectory
 .text.FSUSER_OpenArchive
                0x00107344       0x90 /opt/devkitpro/libctru/lib/libctru.a(fs.o)
                0x00107344                FSUSER_OpenArchive
 .text.FSUSER_CloseArchive
                0x001073d4       0x8c /opt/devkitpro/libctru/lib/libctru.a(fs.o)
                0x001073d4                FSUSER_CloseArchive
 .text.FSUSER_GetSdmcArchiveResource
                0x00107460       0x74 /opt/devkitpro/libctru/lib/libctru.a(fs.o)
                0x00107460                FSUSER_GetSdmcArchiveResource
 .text.FSUSER_IsSdmcWritable
                0x001074d4       0x64 /opt/devkitpro/libctru/lib/libctru.a(fs.o)
                0x001074d4                FSUSER_IsSdmcWritable
 .text.FSFILE_Read
                0x00107538       0x64 /opt/devkitpro/libctru/lib/libctru.a(fs.o)
                0x00107538                FSFILE_Read
 .text.FSFILE_Write
                0x0010759c       0x6c /opt/devkitpro/libctru/lib/libctru.a(fs.o)
                0x0010759c                FSFILE_Write
 .text.FSFILE_GetSize
                0x00107608       0x44 /opt/devkitpro/libctru/lib/libctru.a(fs.o)
                0x00107608                FSFILE_GetSize
 .text.FSFILE_SetSize
                0x0010764c       0x28 /opt/devkitpro/libctru/lib/libctru.a(fs.o)
                0x0010764c                FSFILE_SetSize
 .text.FSFILE_Close
                0x00107674       0x3c /opt/devkitpro/libctru/lib/libctru.a(fs.o)
                0x00107674                FSFILE_Close
 .text.FSFILE_Flush
                0x001076b0       0x24 /opt/devkitpro/libctru/lib/libctru.a(fs.o)
                0x001076b0                FSFILE_Flush
 .text.FSDIR_Read
                0x001076d4       0x60 /opt/devkitpro/libctru/lib/libctru.a(fs.o)
                0x001076d4                FSDIR_Read
 .text.FSDIR_Close
                0x00107734       0x3c /opt/devkitpro/libctru/lib/libctru.a(fs.o)
                0x00107734                FSDIR_Close
 .text.gspHardwareInit
                0x00107770      0xc70 /opt/devkitpro/libctru/lib/libctru.a(gspgpu.o)
 .text.gspInit  0x001083e0      0x280 /opt/devkitpro/libctru/lib/libctru.a(gspgpu.o)
                0x001083e0                gspInit
 .text.gspExit  0x00108660      0x110 /opt/devkitpro/libctru/lib/libctru.a(gspgpu.o)
                0x00108660                gspExit
 .text.gspHasGpuRight
                0x00108770       0x10 /opt/devkitpro/libctru/lib/libctru.a(gspgpu.o)
                0x00108770                gspHasGpuRight
 .text.gspPresentBuffer
                0x00108780       0xa4 /opt/devkitpro/libctru/lib/libctru.a(gspgpu.o)
                0x00108780                gspPresentBuffer
 .text.gspWaitForEvent
                0x00108824       0x50 /opt/devkitpro/libctru/lib/libctru.a(gspgpu.o)
                0x00108824                gspWaitForEvent
 .text.gxCmdQueueInterrupt
                0x00108874        0x4 /opt/devkitpro/libctru/lib/libctru.a(gspgpu.o)
                0x00108874                gxCmdQueueInterrupt
 .text.gspEventThreadMain
                0x00108878      0x154 /opt/devkitpro/libctru/lib/libctru.a(gspgpu.o)
 .text.GSPGPU_FlushDataCache
                0x001089cc       0x50 /opt/devkitpro/libctru/lib/libctru.a(gspgpu.o)
                0x001089cc                GSPGPU_FlushDataCache
 .text.GSPGPU_SetLcdForceBlack
                0x00108a1c       0x34 /opt/devkitpro/libctru/lib/libctru.a(gspgpu.o)
                0x00108a1c                GSPGPU_SetLcdForceBlack
 .text.GSPGPU_AcquireRight
                0x00108a50       0x80 /opt/devkitpro/libctru/lib/libctru.a(gspgpu.o)
                0x00108a50                GSPGPU_AcquireRight
 .text.GSPGPU_ReleaseRight
                0x00108ad0       0x5c /opt/devkitpro/libctru/lib/libctru.a(gspgpu.o)
                0x00108ad0                GSPGPU_ReleaseRight
 .text.GSPGPU_ImportDisplayCaptureInfo
                0x00108b2c       0x7c /opt/devkitpro/libctru/lib/libctru.a(gspgpu.o)
                0x00108b2c                GSPGPU_ImportDisplayCaptureInfo
 .text.GSPGPU_SaveVramSysArea
                0x00108ba8       0x2c /opt/devkitpro/libctru/lib/libctru.a(gspgpu.o)
                0x00108ba8                GSPGPU_SaveVramSysArea
 .text.GSPGPU_RestoreVramSysArea
                0x00108bd4       0x2c /opt/devkitpro/libctru/lib/libctru.a(gspgpu.o)
                0x00108bd4                GSPGPU_RestoreVramSysArea
 .text.hidShouldUseIrrst
                0x00108c00       0x24 /opt/devkitpro/libctru/lib/libctru.a(hid.o)
                0x00108c00                hidShouldUseIrrst
 .text.hidInit  0x00108c24      0x1cc /opt/devkitpro/libctru/lib/libctru.a(hid.o)
                0x00108c24                hidInit
 .text.hidExit  0x00108df0       0xe8 /opt/devkitpro/libctru/lib/libctru.a(hid.o)
                0x00108df0                hidExit
 .text.hidScanInput
                0x00108ed8      0x2a0 /opt/devkitpro/libctru/lib/libctru.a(hid.o)
                0x00108ed8                hidScanInput
 .text.hidKeysDown
                0x00109178       0x10 /opt/devkitpro/libctru/lib/libctru.a(hid.o)
                0x00109178                hidKeysDown
 .text.irrstInit
                0x00109188      0x1a4 /opt/devkitpro/libctru/lib/libctru.a(irrst.o)
                0x00109188                irrstInit
 .text.irrstExit
                0x0010932c       0xdc /opt/devkitpro/libctru/lib/libctru.a(irrst.o)
                0x0010932c                irrstExit
 .text.irrstScanInput
                0x00109408       0xb4 /opt/devkitpro/libctru/lib/libctru.a(irrst.o)
                0x00109408                irrstScanInput
 .text.irrstKeysHeld
                0x001094bc       0x24 /opt/devkitpro/libctru/lib/libctru.a(irrst.o)
                0x001094bc                irrstKeysHeld
 .text.rbtree_find
                0x001094e0       0x74 /opt/devkitpro/libctru/lib/libctru.a(rbtree_find.o)
                0x001094e0                rbtree_find
 .text.rbtree_init
                0x00109554       0x10 /opt/devkitpro/libctru/lib/libctru.a(rbtree_init.o)
                0x00109554                rbtree_init
 .text.do_insert
                0x00109564      0x198 /opt/devkitpro/libctru/lib/libctru.a(rbtree_insert.o)
 .text.rbtree_insert
                0x001096fc        0x8 /opt/devkitpro/libctru/lib/libctru.a(rbtree_insert.o)
                0x001096fc                rbtree_insert
 .text.rbtree_remove
                0x00109704      0x310 /opt/devkitpro/libctru/lib/libctru.a(rbtree_remove.o)
                0x00109704                rbtree_remove
 .text.rbtree_rotate
                0x00109a14       0x90 /opt/devkitpro/libctru/lib/libctru.a(rbtree_rotate.o)
                0x00109a14                rbtree_rotate
 *fill*         0x00109aa4        0x4 
 .text.__system_allocateHeaps
                0x00109aa8      0x1e8 /opt/devkitpro/libctru/lib/libctru.a(allocateHeaps.o)
                0x00109aa8                __system_allocateHeaps
 .text.__libctru_init
                0x00109c90       0x38 /opt/devkitpro/libctru/lib/libctru.a(ctru_init.o)
                0x00109c90                __libctru_init
 .text.__system_initArgv
                0x00109cc8      0x16c /opt/devkitpro/libctru/lib/libctru.a(initArgv.o)
                0x00109cc8                __system_initArgv
 .text.__syscall_getreent
                0x00109e34       0x30 /opt/devkitpro/libctru/lib/libctru.a(syscalls.o)
                0x00109e34                __syscall_getreent
 .text.__syscall_lock_acquire
                0x00109e64        0x4 /opt/devkitpro/libctru/lib/libctru.a(syscalls.o)
                0x00109e64                __syscall_lock_acquire
 .text.__syscall_lock_release
                0x00109e68        0x4 /opt/devkitpro/libctru/lib/libctru.a(syscalls.o)
                0x00109e68                __syscall_lock_release
 .text.__syscall_lock_acquire_recursive
                0x00109e6c        0x4 /opt/devkitpro/libctru/lib/libctru.a(syscalls.o)
                0x00109e6c                __syscall_lock_acquire_recursive
 .text.__syscall_lock_release_recursive
                0x00109e70        0x4 /opt/devkitpro/libctru/lib/libctru.a(syscalls.o)
                0x00109e70                __syscall_lock_release_recursive
 .text.__syscall_exit
                0x00109e74        0x4 /opt/devkitpro/libctru/lib/libctru.a(syscalls.o)
                0x00109e74                __syscall_exit
 .text.initThreadVars
                0x00109e78       0x54 /opt/devkitpro/libctru/lib/libctru.a(syscalls.o)
                0x00109e78                initThreadVars
 .text.__system_initSyscalls
                0x00109ecc       0x80 /opt/devkitpro/libctru/lib/libctru.a(syscalls.o)
                0x00109ecc                __system_initSyscalls
 .text.svcControlMemory
                0x00109f4c       0x20 /opt/devkitpro/libctru/lib/libctru.a(svc.o)
                0x00109f4c                svcControlMemory
 .text.svcQueryMemory
                0x00109f6c       0x30 /opt/devkitpro/libctru/lib/libctru.a(svc.o)
                0x00109f6c                svcQueryMemory
 .text.svcExitProcess
                0x00109f9c        0x8 /opt/devkitpro/libctru/lib/libctru.a(svc.o)
                0x00109f9c                svcExitProcess
 .text.svcCreateThread
                0x00109fa4       0x20 /opt/devkitpro/libctru/lib/libctru.a(svc.o)
                0x00109fa4                svcCreateThread
 .text.svcExitThread
                0x00109fc4        0x8 /opt/devkitpro/libctru/lib/libctru.a(svc.o)
                0x00109fc4                svcExitThread
 .text.svcSleepThread
                0x00109fcc        0x8 /opt/devkitpro/libctru/lib/libctru.a(svc.o)
                0x00109fcc                svcSleepThread
 .text.svcReleaseMutex
                0x00109fd4        0x8 /opt/devkitpro/libctru/lib/libctru.a(svc.o)
                0x00109fd4                svcReleaseMutex
 .text.svcCreateEvent
                0x00109fdc       0x14 /opt/devkitpro/libctru/lib/libctru.a(svc.o)
                0x00109fdc                svcCreateEvent
 .text.svcSignalEvent
                0x00109ff0        0x8 /opt/devkitpro/libctru/lib/libctru.a(svc.o)
                0x00109ff0                svcSignalEvent
 .text.svcClearEvent
                0x00109ff8        0x8 /opt/devkitpro/libctru/lib/libctru.a(svc.o)
                0x00109ff8                svcClearEvent
 .text.svcMapMemoryBlock
                0x0010a000        0x8 /opt/devkitpro/libctru/lib/libctru.a(svc.o)
                0x0010a000                svcMapMemoryBlock
 .text.svcUnmapMemoryBlock
                0x0010a008        0x8 /opt/devkitpro/libctru/lib/libctru.a(svc.o)
                0x0010a008                svcUnmapMemoryBlock
 .text.svcCreateAddressArbiter
                0x0010a010       0x14 /opt/devkitpro/libctru/lib/libctru.a(svc.o)
                0x0010a010                svcCreateAddressArbiter
 .text.svcArbitrateAddressNoTimeout
                0x0010a024        0x8 /opt/devkitpro/libctru/lib/libctru.a(svc.o)
                0x0010a024                svcArbitrateAddressNoTimeout
 .text.svcCloseHandle
                0x0010a02c        0x8 /opt/devkitpro/libctru/lib/libctru.a(svc.o)
                0x0010a02c                svcCloseHandle
 .text.svcWaitSynchronization
                0x0010a034        0x8 /opt/devkitpro/libctru/lib/libctru.a(svc.o)
                0x0010a034                svcWaitSynchronization
 .text.svcWaitSynchronizationN
                0x0010a03c       0x28 /opt/devkitpro/libctru/lib/libctru.a(svc.o)
                0x0010a03c                svcWaitSynchronizationN
 .text.svcDuplicateHandle
                0x0010a064       0x14 /opt/devkitpro/libctru/lib/libctru.a(svc.o)
                0x0010a064                svcDuplicateHandle
 .text.svcConnectToPort
                0x0010a078       0x14 /opt/devkitpro/libctru/lib/libctru.a(svc.o)
                0x0010a078                svcConnectToPort
 .text.svcSendSyncRequest
                0x0010a08c        0x8 /opt/devkitpro/libctru/lib/libctru.a(svc.o)
                0x0010a08c                svcSendSyncRequest
 .text.svcGetResourceLimit
                0x0010a094       0x14 /opt/devkitpro/libctru/lib/libctru.a(svc.o)
                0x0010a094                svcGetResourceLimit
 .text.svcGetResourceLimitLimitValues
                0x0010a0a8        0x8 /opt/devkitpro/libctru/lib/libctru.a(svc.o)
                0x0010a0a8                svcGetResourceLimitLimitValues
 .text.svcGetResourceLimitCurrentValues
                0x0010a0b0        0x8 /opt/devkitpro/libctru/lib/libctru.a(svc.o)
                0x0010a0b0                svcGetResourceLimitCurrentValues
 .text.svcBreak
                0x0010a0b8        0x8 /opt/devkitpro/libctru/lib/libctru.a(svc.o)
                0x0010a0b8                svcBreak
 .text.initSystem
                0x0010a0c0       0x50 /opt/devkitpro/libctru/lib/libctru.a(stack_adjust.o)
                0x0010a0c0                initSystem
 .text.__ctru_exit
                0x0010a110       0x14 /opt/devkitpro/libctru/lib/libctru.a(stack_adjust.o)
                0x0010a110                __ctru_exit
 .text._ZL21addrMapNodeComparatorPK11rbtree_nodeS1_
                0x0010a124       0x24 /opt/devkitpro/libctru/lib/libctru.a(vram.o)
 .text._ZL21addrMapNodeDestructorP11rbtree_node
                0x0010a148        0x4 /opt/devkitpro/libctru/lib/libctru.a(vram.o)
 .text.vramMemAlignAt
                0x0010a14c      0x248 /opt/devkitpro/libctru/lib/libctru.a(vram.o)
                0x0010a14c                vramMemAlignAt
 .text.vramAlloc
                0x0010a394        0xc /opt/devkitpro/libctru/lib/libctru.a(vram.o)
                0x0010a394                vramAlloc
 .text.vramFree
                0x0010a3a0       0x94 /opt/devkitpro/libctru/lib/libctru.a(vram.o)
                0x0010a3a0                vramFree
 .text.envGetHandle
                0x0010a434       0x8c /opt/devkitpro/libctru/lib/libctru.a(env.o)
                0x0010a434                envGetHandle
 .text.envDestroyHandles
                0x0010a4c0       0x50 /opt/devkitpro/libctru/lib/libctru.a(env.o)
                0x0010a4c0                envDestroyHandles
 .text.osConvertVirtToPhys
                0x0010a510       0x74 /opt/devkitpro/libctru/lib/libctru.a(os.o)
                0x0010a510                osConvertVirtToPhys
 .text.__ctru_speedup_config
                0x0010a584       0x34 /opt/devkitpro/libctru/lib/libctru.a(os.o)
                0x0010a584                __ctru_speedup_config
 .text.srvInit  0x0010a5b8      0x164 /opt/devkitpro/libctru/lib/libctru.a(srv.o)
                0x0010a5b8                srvInit
 .text.srvExit  0x0010a71c       0x64 /opt/devkitpro/libctru/lib/libctru.a(srv.o)
                0x0010a71c                srvExit
 .text.srvEnableNotification
                0x0010a780       0x60 /opt/devkitpro/libctru/lib/libctru.a(srv.o)
                0x0010a780                srvEnableNotification
 .text.srvGetServiceHandleDirect
                0x0010a7e0       0xa0 /opt/devkitpro/libctru/lib/libctru.a(srv.o)
                0x0010a7e0                srvGetServiceHandleDirect
 .text.srvGetServiceHandle
                0x0010a880       0x48 /opt/devkitpro/libctru/lib/libctru.a(srv.o)
                0x0010a880                srvGetServiceHandle
 .text.srvSubscribe
                0x0010a8c8       0x34 /opt/devkitpro/libctru/lib/libctru.a(srv.o)
                0x0010a8c8                srvSubscribe
 .text.srvReceiveNotification
                0x0010a8fc       0x60 /opt/devkitpro/libctru/lib/libctru.a(srv.o)
                0x0010a8fc                srvReceiveNotification
 .text.srvPublishToSubscriber
                0x0010a95c       0x38 /opt/devkitpro/libctru/lib/libctru.a(srv.o)
                0x0010a95c                srvPublishToSubscriber
 .text.__sync_init
                0x0010a994        0xc /opt/devkitpro/libctru/lib/libctru.a(synchronization.o)
                0x0010a994                __sync_init
 .text.__sync_fini
                0x0010a9a0       0x18 /opt/devkitpro/libctru/lib/libctru.a(synchronization.o)
                0x0010a9a0                __sync_fini
 .text.syncArbitrateAddress
                0x0010a9b8       0x28 /opt/devkitpro/libctru/lib/libctru.a(synchronization.o)
                0x0010a9b8                syncArbitrateAddress
 .text.LightLock_Init
                0x0010a9e0       0x1c /opt/devkitpro/libctru/lib/libctru.a(synchronization.o)
                0x0010a9e0                LightLock_Init
 .text.LightLock_Lock
                0x0010a9fc       0xac /opt/devkitpro/libctru/lib/libctru.a(synchronization.o)
                0x0010a9fc                LightLock_Lock
 .text.LightLock_Unlock
                0x0010aaa8       0x40 /opt/devkitpro/libctru/lib/libctru.a(synchronization.o)
                0x0010aaa8                LightLock_Unlock
 .text.RecursiveLock_Lock
                0x0010aae8       0x54 /opt/devkitpro/libctru/lib/libctru.a(synchronization.o)
                0x0010aae8                RecursiveLock_Lock
 .text.RecursiveLock_Unlock
                0x0010ab3c       0x54 /opt/devkitpro/libctru/lib/libctru.a(synchronization.o)
                0x0010ab3c                RecursiveLock_Unlock
 .text.LightEvent_Init
                0x0010ab90       0x44 /opt/devkitpro/libctru/lib/libctru.a(synchronization.o)
                0x0010ab90                LightEvent_Init
 .text.LightEvent_Clear
                0x0010abd4       0xb8 /opt/devkitpro/libctru/lib/libctru.a(synchronization.o)
                0x0010abd4                LightEvent_Clear
 .text.LightEvent_Signal
                0x0010ac8c       0xdc /opt/devkitpro/libctru/lib/libctru.a(synchronization.o)
                0x0010ac8c                LightEvent_Signal
 .text.LightEvent_TryWait
                0x0010ad68       0x50 /opt/devkitpro/libctru/lib/libctru.a(synchronization.o)
                0x0010ad68                LightEvent_TryWait
 .text.LightEvent_Wait
                0x0010adb8       0xac /opt/devkitpro/libctru/lib/libctru.a(synchronization.o)
                0x0010adb8                LightEvent_Wait
 .text.threadCreate
                0x0010ae64      0x1fc /opt/devkitpro/libctru/lib/libctru.a(thread.o)
                0x0010ae64                threadCreate
 .text.threadFree
                0x0010b060       0x38 /opt/devkitpro/libctru/lib/libctru.a(thread.o)
                0x0010b060                threadFree
 .text.threadJoin
                0x0010b098       0x24 /opt/devkitpro/libctru/lib/libctru.a(thread.o)
                0x0010b098                threadJoin
 .text.threadGetCurrent
                0x0010b0bc       0x30 /opt/devkitpro/libctru/lib/libctru.a(thread.o)
                0x0010b0bc                threadGetCurrent
 .text.threadExit
                0x0010b0ec       0x40 /opt/devkitpro/libctru/lib/libctru.a(thread.o)
                0x0010b0ec                threadExit
 .text._thread_begin
                0x0010b12c       0x20 /opt/devkitpro/libctru/lib/libctru.a(thread.o)
 .text.mappableFindAddressWithin
                0x0010b14c       0x90 /opt/devkitpro/libctru/lib/libctru.a(mappable.o)
 .text.mappableInit
                0x0010b1dc       0x28 /opt/devkitpro/libctru/lib/libctru.a(mappable.o)
                0x0010b1dc                mappableInit
 .text.mappableAlloc
                0x0010b204       0x7c /opt/devkitpro/libctru/lib/libctru.a(mappable.o)
                0x0010b204                mappableAlloc
 .text.mappableFree
                0x0010b280        0x4 /opt/devkitpro/libctru/lib/libctru.a(mappable.o)
                0x0010b280                mappableFree
 .text.ptmSysmInit
                0x0010b284       0x78 /opt/devkitpro/libctru/lib/libctru.a(ptmsysm.o)
                0x0010b284                ptmSysmInit
 .text.ptmSysmExit
                0x0010b2fc       0x3c /opt/devkitpro/libctru/lib/libctru.a(ptmsysm.o)
                0x0010b2fc                ptmSysmExit
 .text.PTMSYSM_ConfigureNew3DSCPU
                0x0010b338       0x34 /opt/devkitpro/libctru/lib/libctru.a(ptmsysm.o)
                0x0010b338                PTMSYSM_ConfigureNew3DSCPU
 .text.srvPmGetSessionHandle
                0x0010b36c        0xc /opt/devkitpro/libctru/lib/libctru.a(srvpm.o)
                0x0010b36c                srvPmGetSessionHandle
 .text.rbtree_node_next
                0x0010b378       0x60 /opt/devkitpro/libctru/lib/libctru.a(rbtree_iterator.o)
                0x0010b378                rbtree_node_next
 .text.__appExit
                0x0010b3d8       0x30 /opt/devkitpro/libctru/lib/libctru.a(appExit.o)
                0x0010b3d8                __appExit
 .text.__appInit
                0x0010b408       0x30 /opt/devkitpro/libctru/lib/libctru.a(appInit.o)
                0x0010b408                __appInit
 .text.__libctru_exit
                0x0010b438       0x90 /opt/devkitpro/libctru/lib/libctru.a(ctru_exit.o)
                0x0010b438                __libctru_exit
 .text.archive_link
                0x0010b4c8       0x14 /opt/devkitpro/libctru/lib/libctru.a(archive_dev.o)
 .text.archive_dirreset
                0x0010b4dc       0x14 /opt/devkitpro/libctru/lib/libctru.a(archive_dev.o)
 .text.archive_chmod
                0x0010b4f0       0x14 /opt/devkitpro/libctru/lib/libctru.a(archive_dev.o)
 .text.error_cmp
                0x0010b504       0x24 /opt/devkitpro/libctru/lib/libctru.a(archive_dev.o)
 .text.archive_translate_error
                0x0010b528       0x50 /opt/devkitpro/libctru/lib/libctru.a(archive_dev.o)
 .text.archive_seek
                0x0010b578       0xc0 /opt/devkitpro/libctru/lib/libctru.a(archive_dev.o)
 .text._archiveInit.part.0
                0x0010b638       0x78 /opt/devkitpro/libctru/lib/libctru.a(archive_dev.o)
 .text.archiveFindDevice.part.0
                0x0010b6b0       0xd4 /opt/devkitpro/libctru/lib/libctru.a(archive_dev.o)
 .text.archive_utf16path
                0x0010b784      0x298 /opt/devkitpro/libctru/lib/libctru.a(archive_dev.o)
 .text._archiveUnmountDeviceStruct.part.0
                0x0010ba1c       0x98 /opt/devkitpro/libctru/lib/libctru.a(archive_dev.o)
 .text.archive_statvfs
                0x0010bab4       0x14 /opt/devkitpro/libctru/lib/libctru.a(archive_dev.o)
 .text.archive_fchmod
                0x0010bac8       0x14 /opt/devkitpro/libctru/lib/libctru.a(archive_dev.o)
 .text._archiveMountDevice
                0x0010badc      0x178 /opt/devkitpro/libctru/lib/libctru.a(archive_dev.o)
 .text.archive_diropen
                0x0010bc54       0xf8 /opt/devkitpro/libctru/lib/libctru.a(archive_dev.o)
 .text.archive_fstat
                0x0010bd4c       0xac /opt/devkitpro/libctru/lib/libctru.a(archive_dev.o)
 .text.archive_fsync
                0x0010bdf8       0x74 /opt/devkitpro/libctru/lib/libctru.a(archive_dev.o)
 .text.archive_close
                0x0010be6c       0x74 /opt/devkitpro/libctru/lib/libctru.a(archive_dev.o)
 .text.archive_dirclose
                0x0010bee0       0x78 /opt/devkitpro/libctru/lib/libctru.a(archive_dev.o)
 .text.sdmc_statvfs
                0x0010bf58       0xec /opt/devkitpro/libctru/lib/libctru.a(archive_dev.o)
 .text.archive_chdir
                0x0010c044       0xf8 /opt/devkitpro/libctru/lib/libctru.a(archive_dev.o)
 .text.archive_ftruncate
                0x0010c13c       0x8c /opt/devkitpro/libctru/lib/libctru.a(archive_dev.o)
 .text.archive_read
                0x0010c1c8       0xbc /opt/devkitpro/libctru/lib/libctru.a(archive_dev.o)
 .text.archive_unlink
                0x0010c284       0xa8 /opt/devkitpro/libctru/lib/libctru.a(archive_dev.o)
 .text.archive_rmdir
                0x0010c32c       0xc0 /opt/devkitpro/libctru/lib/libctru.a(archive_dev.o)
 .text.archive_mkdir
                0x0010c3ec       0xd8 /opt/devkitpro/libctru/lib/libctru.a(archive_dev.o)
 .text.archive_stat
                0x0010c4c4      0x1a0 /opt/devkitpro/libctru/lib/libctru.a(archive_dev.o)
 .text.archive_dirnext
                0x0010c664      0x164 /opt/devkitpro/libctru/lib/libctru.a(archive_dev.o)
 .text.archive_write
                0x0010c7c8      0x13c /opt/devkitpro/libctru/lib/libctru.a(archive_dev.o)
 *fill*         0x0010c904        0x4 
 .text.archive_open
                0x0010c908      0x254 /opt/devkitpro/libctru/lib/libctru.a(archive_dev.o)
 .text.archive_rename
                0x0010cb5c      0x270 /opt/devkitpro/libctru/lib/libctru.a(archive_dev.o)
 .text.archiveMountSdmc
                0x0010cdcc      0x1c8 /opt/devkitpro/libctru/lib/libctru.a(archive_dev.o)
                0x0010cdcc                archiveMountSdmc
 .text.archiveUnmountAll
                0x0010cf94       0x54 /opt/devkitpro/libctru/lib/libctru.a(archive_dev.o)
                0x0010cf94                archiveUnmountAll
 .text.decode_utf8
                0x0010cfe8      0x140 /opt/devkitpro/libctru/lib/libctru.a(decode_utf8.o)
                0x0010cfe8                decode_utf8
 .text.utf16_to_utf8
                0x0010d128       0xe8 /opt/devkitpro/libctru/lib/libctru.a(utf16_to_utf8.o)
                0x0010d128                utf16_to_utf8
 .text.utf8_to_utf16
                0x0010d210       0xc0 /opt/devkitpro/libctru/lib/libctru.a(utf8_to_utf16.o)
                0x0010d210                utf8_to_utf16
 .text.__aeabi_read_tp
                0x0010d2d0        0xc /opt/devkitpro/libctru/lib/libctru.a(readtp.o)
                0x0010d2d0                __aeabi_read_tp
 .text.decode_utf16
                0x0010d2dc       0x54 /opt/devkitpro/libctru/lib/libctru.a(decode_utf16.o)
                0x0010d2dc                decode_utf16
 .text.encode_utf16
                0x0010d330       0x54 /opt/devkitpro/libctru/lib/libctru.a(encode_utf16.o)
                0x0010d330                encode_utf16
 .text.encode_utf8
                0x0010d384       0xe0 /opt/devkitpro/libctru/lib/libctru.a(encode_utf8.o)
                0x0010d384                encode_utf8
 .text._ZdlPvj  0x0010d464        0x4 /opt/devkitpro/devkitARM/bin/../lib/gcc/arm-none-eabi/15.1.0/../../../../arm-none-eabi/lib/armv6k/fpu/libstdc++.a(del_ops.o)
                0x0010d464                operator delete(void*, unsigned int)
 .text._Znwj    0x0010d468       0x5c /opt/devkitpro/devkitARM/bin/../lib/gcc/arm-none-eabi/15.1.0/../../../../arm-none-eabi/lib/armv6k/fpu/libstdc++.a(new_op.o)
                0x0010d468                operator new(unsigned int)
 .text.unlikely._ZSt19__throw_logic_errorPKc
                0x0010d4c4       0x40 /opt/devkitpro/devkitARM/bin/../lib/gcc/arm-none-eabi/15.1.0/../../../../arm-none-eabi/lib/armv6k/fpu/libstdc++.a(functexcept.o)
                0x0010d4c4                std::__throw_logic_error(char const*)
 .text.unlikely._ZSt20__throw_length_errorPKc
                0x0010d504       0x40 /opt/devkitpro/devkitARM/bin/../lib/gcc/arm-none-eabi/15.1.0/../../../../arm-none-eabi/lib/armv6k/fpu/libstdc++.a(functexcept.o)
                0x0010d504                std::__throw_length_error(char const*)
 .text.unlikely._ZSt20__throw_out_of_rangePKc
                0x0010d544       0x40 /opt/devkitpro/devkitARM/bin/../lib/gcc/arm-none-eabi/15.1.0/../../../../arm-none-eabi/lib/armv6k/fpu/libstdc++.a(functexcept.o)
                0x0010d544                std::__throw_out_of_range(char const*)
 .text.unlikely._ZSt24__throw_out_of_range_fmtPKcz
                0x0010d584       0x10 /opt/devkitpro/devkitARM/bin/../lib/gcc/arm-none-eabi/15.1.0/../../../../arm-none-eabi/lib/armv6k/fpu/libstdc++.a(functexcept.o)
                0x0010d584                std::__throw_out_of_range_fmt(char const*, ...)
 .text._ZNSt7__cxx1112basic_stringIcSt11char_traitsIcESaIcEE9_M_createERjj
                0x0010d594       0x54 /opt/devkitpro/devkitARM/bin/../lib/gcc/arm-none-eabi/15.1.0/../../../../arm-none-eabi/lib/armv6k/fpu/libstdc++.a(string-inst.o)
                0x0010d594                std::__cxx11::basic_string<char, std::char_traits<char>, std::allocator<char> >::_M_create(unsigned int&, unsigned int)
 .text._ZNSt7__cxx1112basic_stringIcSt11char_traitsIcESaIcEE10_M_disposeEv
                0x0010d5e8       0x14 /opt/devkitpro/devkitARM/bin/../lib/gcc/arm-none-eabi/15.1.0/../../../../arm-none-eabi/lib/armv6k/fpu/libstdc++.a(string-inst.o)
                0x0010d5e8                std::__cxx11::basic_string<char, std::char_traits<char>, std::allocator<char> >::_M_dispose()
 .text._ZNSt7__cxx1112basic_stringIcSt11char_traitsIcESaIcEE9_M_mutateEjjPKcj
                0x0010d5fc      0x104 /opt/devkitpro/devkitARM/bin/../lib/gcc/arm-none-eabi/15.1.0/../../../../arm-none-eabi/lib/armv6k/fpu/libstdc++.a(string-inst.o)
                0x0010d5fc                std::__cxx11::basic_string<char, std::char_traits<char>, std::allocator<char> >::_M_mutate(unsigned int, unsigned int, char const*, unsigned int)
 .text._ZNSt7__cxx1112basic_stringIcSt11char_traitsIcESaIcEE9push_backEc
                0x0010d700       0x74 /opt/devkitpro/devkitARM/bin/../lib/gcc/arm-none-eabi/15.1.0/../../../../arm-none-eabi/lib/armv6k/fpu/libstdc++.a(string-inst.o)
                0x0010d700                std::__cxx11::basic_string<char, std::char_traits<char>, std::allocator<char> >::push_back(char)
 .text.unlikely._ZNSt7__cxx1112basic_stringIcSt11char_traitsIcESaIcEE15_M_replace_coldEPcjPKcjj
                0x0010d774      0x140 /opt/devkitpro/devkitARM/bin/../lib/gcc/arm-none-eabi/15.1.0/../../../../arm-none-eabi/lib/armv6k/fpu/libstdc++.a(string-inst.o)
                0x0010d774                std::__cxx11::basic_string<char, std::char_traits<char>, std::allocator<char> >::_M_replace_cold(char*, unsigned int, char const*, unsigned int, unsigned int)
 .text._ZNSt7__cxx1112basic_stringIcSt11char_traitsIcESaIcEE10_M_replaceEjjPKcj
                0x0010d8b4      0x130 /opt/devkitpro/devkitARM/bin/../lib/gcc/arm-none-eabi/15.1.0/../../../../arm-none-eabi/lib/armv6k/fpu/libstdc++.a(string-inst.o)
                0x0010d8b4                std::__cxx11::basic_string<char, std::char_traits<char>, std::allocator<char> >::_M_replace(unsigned int, unsigned int, char const*, unsigned int)
 .text._ZNSt7__cxx1112basic_stringIcSt11char_traitsIcESaIcEE9_M_appendEPKcj
                0x0010d9e4       0x90 /opt/devkitpro/devkitARM/bin/../lib/gcc/arm-none-eabi/15.1.0/../../../../arm-none-eabi/lib/armv6k/fpu/libstdc++.a(string-inst.o)
                0x0010d9e4                std::__cxx11::basic_string<char, std::char_traits<char>, std::allocator<char> >::_M_append(char const*, unsigned int)
 .text._ZNKSt7__cxx1112basic_stringIcSt11char_traitsIcESaIcEE5rfindEcj
                0x0010da74       0x40 /opt/devkitpro/devkitARM/bin/../lib/gcc/arm-none-eabi/15.1.0/../../../../arm-none-eabi/lib/armv6k/fpu/libstdc++.a(string-inst.o)
                0x0010da74                std::__cxx11::basic_string<char, std::char_traits<char>, std::allocator<char> >::rfind(char, unsigned int) const
 .text._ZNSt7__cxx1112basic_stringIcSt11char_traitsIcESaIcEE12_M_constructIPKcEEvT_S8_St20forward_iterator_tag
                0x0010dab4       0x94 /opt/devkitpro/devkitARM/bin/../lib/gcc/arm-none-eabi/15.1.0/../../../../arm-none-eabi/lib/armv6k/fpu/libstdc++.a(string-inst.o)
                0x0010dab4                void std::__cxx11::basic_string<char, std::char_traits<char>, std::allocator<char> >::_M_construct<char const*>(char const*, char const*, std::forward_iterator_tag)
 .text._ZNKSt7__cxx1112basic_stringIcSt11char_traitsIcESaIcEE6substrEjj
                0x0010db48       0x5c /opt/devkitpro/devkitARM/bin/../lib/gcc/arm-none-eabi/15.1.0/../../../../arm-none-eabi/lib/armv6k/fpu/libstdc++.a(string-inst.o)
                0x0010db48                std::__cxx11::basic_string<char, std::char_traits<char>, std::allocator<char> >::substr(unsigned int, unsigned int) const
 .text._ZNKSt9bad_alloc4whatEv
                0x0010dba4        0xc /opt/devkitpro/devkitARM/bin/../lib/gcc/arm-none-eabi/15.1.0/../../../../arm-none-eabi/lib/armv6k/fpu/libstdc++.a(bad_alloc.o)
                0x0010dba4                std::bad_alloc::what() const
 .text._ZNSt9bad_allocD2Ev
                0x0010dbb0       0x20 /opt/devkitpro/devkitARM/bin/../lib/gcc/arm-none-eabi/15.1.0/../../../../arm-none-eabi/lib/armv6k/fpu/libstdc++.a(bad_alloc.o)
                0x0010dbb0                std::bad_alloc::~bad_alloc()
                0x0010dbb0                std::bad_alloc::~bad_alloc()
 .text._ZNSt9bad_allocD0Ev
                0x0010dbd0       0x2c /opt/devkitpro/devkitARM/bin/../lib/gcc/arm-none-eabi/15.1.0/../../../../arm-none-eabi/lib/armv6k/fpu/libstdc++.a(bad_alloc.o)
                0x0010dbd0                std::bad_alloc::~bad_alloc()
 .text._ZdlPv   0x0010dbfc        0x4 /opt/devkitpro/devkitARM/bin/../lib/gcc/arm-none-eabi/15.1.0/../../../../arm-none-eabi/lib/armv6k/fpu/libstdc++.a(del_op.o)
                0x0010dbfc                operator delete(void*)
 .text._ZNK9__gnu_cxx24__concurrence_lock_error4whatEv
                0x0010dc00        0xc /opt/devkitpro/devkitARM/bin/../lib/gcc/arm-none-eabi/15.1.0/../../../../arm-none-eabi/lib/armv6k/fpu/libstdc++.a(eh_alloc.o)
                0x0010dc00                __gnu_cxx::__concurrence_lock_error::what() const
 .text._ZNK9__gnu_cxx26__concurrence_unlock_error4whatEv
                0x0010dc0c        0xc /opt/devkitpro/devkitARM/bin/../lib/gcc/arm-none-eabi/15.1.0/../../../../arm-none-eabi/lib/armv6k/fpu/libstdc++.a(eh_alloc.o)
                0x0010dc0c                __gnu_cxx::__concurrence_unlock_error::what() const
 .text._ZN9__gnu_cxx24__concurrence_lock_errorD2Ev
                0x0010dc18       0x20 /opt/devkitpro/devkitARM/bin/../lib/gcc/arm-none-eabi/15.1.0/../../../../arm-none-eabi/lib/armv6k/fpu/libstdc++.a(eh_alloc.o)
                0x0010dc18                __gnu_cxx::__concurrence_lock_error::~__concurrence_lock_error()
                0x0010dc18                __gnu_cxx::__concurrence_lock_error::~__concurrence_lock_error()
 .text._ZN9__gnu_cxx24__concurrence_lock_errorD0Ev
                0x0010dc38       0x2c /opt/devkitpro/devkitARM/bin/../lib/gcc/arm-none-eabi/15.1.0/../../../../arm-none-eabi/lib/armv6k/fpu/libstdc++.a(eh_alloc.o)
                0x0010dc38                __gnu_cxx::__concurrence_lock_error::~__concurrence_lock_error()
 .text._ZN9__gnu_cxx26__concurrence_unlock_errorD2Ev
                0x0010dc64       0x20 /opt/devkitpro/devkitARM/bin/../lib/gcc/arm-none-eabi/15.1.0/../../../../arm-none-eabi/lib/armv6k/fpu/libstdc++.a(eh_alloc.o)
                0x0010dc64                __gnu_cxx::__concurrence_unlock_error::~__concurrence_unlock_error()
                0x0010dc64                __gnu_cxx::__concurrence_unlock_error::~__concurrence_unlock_error()
 .text._ZN9__gnu_cxx26__concurrence_unlock_errorD0Ev
                0x0010dc84       0x2c /opt/devkitpro/devkitARM/bin/../lib/gcc/arm-none-eabi/15.1.0/../../../../arm-none-eabi/lib/armv6k/fpu/libstdc++.a(eh_alloc.o)
                0x0010dc84                __gnu_cxx::__concurrence_unlock_error::~__concurrence_unlock_error()
 .text.unlikely._ZN9__gnu_cxx30__throw_concurrence_lock_errorEv
                0x0010dcb0       0x2c /opt/devkitpro/devkitARM/bin/../lib/gcc/arm-none-eabi/15.1.0/../../../../arm-none-eabi/lib/armv6k/fpu/libstdc++.a(eh_alloc.o)
                0x0010dcb0                __gnu_cxx::__throw_concurrence_lock_error()
 .text.unlikely._ZN9__gnu_cxx32__throw_concurrence_unlock_errorEv
                0x0010dcdc       0x2c /opt/devkitpro/devkitARM/bin/../lib/gcc/arm-none-eabi/15.1.0/../../../../arm-none-eabi/lib/armv6k/fpu/libstdc++.a(eh_alloc.o)
                0x0010dcdc                __gnu_cxx::__throw_concurrence_unlock_error()
 .text._ZN12_GLOBAL__N_14pool4freeEPv.constprop.0
                0x0010dd08      0x12c /opt/devkitpro/devkitARM/bin/../lib/gcc/arm-none-eabi/15.1.0/../../../../arm-none-eabi/lib/armv6k/fpu/libstdc++.a(eh_alloc.o)
 .text._ZN12_GLOBAL__N_14pool8allocateEj.constprop.0
                0x0010de34       0xf0 /opt/devkitpro/devkitARM/bin/../lib/gcc/arm-none-eabi/15.1.0/../../../../arm-none-eabi/lib/armv6k/fpu/libstdc++.a(eh_alloc.o)
 .text.__cxa_allocate_exception
                0x0010df24       0x44 /opt/devkitpro/devkitARM/bin/../lib/gcc/arm-none-eabi/15.1.0/../../../../arm-none-eabi/lib/armv6k/fpu/libstdc++.a(eh_alloc.o)
                0x0010df24                __cxa_allocate_exception
 .text.__cxa_free_exception
                0x0010df68       0x28 /opt/devkitpro/devkitARM/bin/../lib/gcc/arm-none-eabi/15.1.0/../../../../arm-none-eabi/lib/armv6k/fpu/libstdc++.a(eh_alloc.o)
                0x0010df68                __cxa_free_exception
 .text.startup._GLOBAL__sub_I__ZN9__gnu_cxx9__freeresEv
                0x0010df90      0x1a4 /opt/devkitpro/devkitARM/bin/../lib/gcc/arm-none-eabi/15.1.0/../../../../arm-none-eabi/lib/armv6k/fpu/libstdc++.a(eh_alloc.o)
 .text.__cxa_end_cleanup
                0x0010e134       0x10 /opt/devkitpro/devkitARM/bin/../lib/gcc/arm-none-eabi/15.1.0/../../../../arm-none-eabi/lib/armv6k/fpu/libstdc++.a(eh_arm.o)
                0x0010e134                __cxa_end_cleanup
 .text.__cxa_type_match
                0x0010e144      0x138 /opt/devkitpro/devkitARM/bin/../lib/gcc/arm-none-eabi/15.1.0/../../../../arm-none-eabi/lib/armv6k/fpu/libstdc++.a(eh_arm.o)
                0x0010e144                __cxa_type_match
 .text.__cxa_begin_cleanup
                0x0010e27c       0xb4 /opt/devkitpro/devkitARM/bin/../lib/gcc/arm-none-eabi/15.1.0/../../../../arm-none-eabi/lib/armv6k/fpu/libstdc++.a(eh_arm.o)
                0x0010e27c                __cxa_begin_cleanup
 .text.__gnu_end_cleanup
                0x0010e330       0xb4 /opt/devkitpro/devkitARM/bin/../lib/gcc/arm-none-eabi/15.1.0/../../../../arm-none-eabi/lib/armv6k/fpu/libstdc++.a(eh_arm.o)
                0x0010e330                __gnu_end_cleanup
 .text.__cxa_begin_catch
                0x0010e3e4       0xe0 /opt/devkitpro/devkitARM/bin/../lib/gcc/arm-none-eabi/15.1.0/../../../../arm-none-eabi/lib/armv6k/fpu/libstdc++.a(eh_catch.o)
                0x0010e3e4                __cxa_begin_catch
 .text.__cxa_end_catch
                0x0010e4c4       0xe0 /opt/devkitpro/devkitARM/bin/../lib/gcc/arm-none-eabi/15.1.0/../../../../arm-none-eabi/lib/armv6k/fpu/libstdc++.a(eh_catch.o)
                0x0010e4c4                __cxa_end_catch
 .text._ZNSt9exceptionD2Ev
                0x0010e5a4        0x4 /opt/devkitpro/devkitARM/bin/../lib/gcc/arm-none-eabi/15.1.0/../../../../arm-none-eabi/lib/armv6k/fpu/libstdc++.a(eh_exception.o)
                0x0010e5a4                std::exception::~exception()
                0x0010e5a4                std::exception::~exception()
 .text._ZNSt13bad_exceptionD2Ev
                0x0010e5a8        0x4 /opt/devkitpro/devkitARM/bin/../lib/gcc/arm-none-eabi/15.1.0/../../../../arm-none-eabi/lib/armv6k/fpu/libstdc++.a(eh_exception.o)
                0x0010e5a8                std::bad_exception::~bad_exception()
                0x0010e5a8                std::bad_exception::~bad_exception()
 .text._ZNKSt13bad_exception4whatEv
                0x0010e5ac        0xc /opt/devkitpro/devkitARM/bin/../lib/gcc/arm-none-eabi/15.1.0/../../../../arm-none-eabi/lib/armv6k/fpu/libstdc++.a(eh_exception.o)
                0x0010e5ac                transaction clone for std::bad_exception::what() const
                0x0010e5ac                std::bad_exception::what() const
 .text._ZNSt13bad_exceptionD0Ev
                0x0010e5b8       0x20 /opt/devkitpro/devkitARM/bin/../lib/gcc/arm-none-eabi/15.1.0/../../../../arm-none-eabi/lib/armv6k/fpu/libstdc++.a(eh_exception.o)
                0x0010e5b8                std::bad_exception::~bad_exception()
 .text._ZL15eh_globals_dtorPv
                0x0010e5d8       0x38 /opt/devkitpro/devkitARM/bin/../lib/gcc/arm-none-eabi/15.1.0/../../../../arm-none-eabi/lib/armv6k/fpu/libstdc++.a(eh_globals.o)
 .text.__cxa_get_globals_fast
                0x0010e610       0x38 /opt/devkitpro/devkitARM/bin/../lib/gcc/arm-none-eabi/15.1.0/../../../../arm-none-eabi/lib/armv6k/fpu/libstdc++.a(eh_globals.o)
                0x0010e610                __cxa_get_globals_fast
 .text.__cxa_get_globals
                0x0010e648       0x90 /opt/devkitpro/devkitARM/bin/../lib/gcc/arm-none-eabi/15.1.0/../../../../arm-none-eabi/lib/armv6k/fpu/libstdc++.a(eh_globals.o)
                0x0010e648                __cxa_get_globals
 .text.startup._GLOBAL__sub_I__ZN17__eh_globals_init7_S_initE
                0x0010e6d8       0x40 /opt/devkitpro/devkitARM/bin/../lib/gcc/arm-none-eabi/15.1.0/../../../../arm-none-eabi/lib/armv6k/fpu/libstdc++.a(eh_globals.o)
 .text.exit._GLOBAL__sub_D__ZN17__eh_globals_init7_S_initE
                0x0010e718       0x34 /opt/devkitpro/devkitARM/bin/../lib/gcc/arm-none-eabi/15.1.0/../../../../arm-none-eabi/lib/armv6k/fpu/libstdc++.a(eh_globals.o)
 .text._ZL28read_encoded_value_with_basehjPKhPj
                0x0010e74c      0x150 /opt/devkitpro/devkitARM/bin/../lib/gcc/arm-none-eabi/15.1.0/../../../../arm-none-eabi/lib/armv6k/fpu/libstdc++.a(eh_personality.o)
 .text._ZL21base_of_encoded_valuehP15_Unwind_Context
                0x0010e89c       0x5c /opt/devkitpro/devkitARM/bin/../lib/gcc/arm-none-eabi/15.1.0/../../../../arm-none-eabi/lib/armv6k/fpu/libstdc++.a(eh_personality.o)
 .text._ZL17parse_lsda_headerP15_Unwind_ContextPKhP16lsda_header_info
                0x0010e8f8       0xf0 /opt/devkitpro/devkitARM/bin/../lib/gcc/arm-none-eabi/15.1.0/../../../../arm-none-eabi/lib/armv6k/fpu/libstdc++.a(eh_personality.o)
 .text.__gxx_personality_v0
                0x0010e9e8      0x6c8 /opt/devkitpro/devkitARM/bin/../lib/gcc/arm-none-eabi/15.1.0/../../../../arm-none-eabi/lib/armv6k/fpu/libstdc++.a(eh_personality.o)
                0x0010e9e8                __gxx_personality_v0
 .text._ZN10__cxxabiv111__terminateEPFvvE
                0x0010f0b0       0x14 /opt/devkitpro/devkitARM/bin/../lib/gcc/arm-none-eabi/15.1.0/../../../../arm-none-eabi/lib/armv6k/fpu/libstdc++.a(eh_terminate.o)
                0x0010f0b0                __cxxabiv1::__terminate(void (*)())
 .text.unlikely._ZSt9terminatev
                0x0010f0c4       0x18 /opt/devkitpro/devkitARM/bin/../lib/gcc/arm-none-eabi/15.1.0/../../../../arm-none-eabi/lib/armv6k/fpu/libstdc++.a(eh_terminate.o)
                0x0010f0c4                std::terminate()
 .text._ZN10__cxxabiv112__unexpectedEPFvvE
                0x0010f0dc        0xc /opt/devkitpro/devkitARM/bin/../lib/gcc/arm-none-eabi/15.1.0/../../../../arm-none-eabi/lib/armv6k/fpu/libstdc++.a(eh_terminate.o)
                0x0010f0dc                __cxxabiv1::__unexpected(void (*)())
 .text.unlikely._ZSt10unexpectedv
                0x0010f0e8       0x18 /opt/devkitpro/devkitARM/bin/../lib/gcc/arm-none-eabi/15.1.0/../../../../arm-none-eabi/lib/armv6k/fpu/libstdc++.a(eh_terminate.o)
                0x0010f0e8                std::unexpected()
 .text._ZSt13get_terminatev
                0x0010f100       0x14 /opt/devkitpro/devkitARM/bin/../lib/gcc/arm-none-eabi/15.1.0/../../../../arm-none-eabi/lib/armv6k/fpu/libstdc++.a(eh_terminate.o)
                0x0010f100                std::get_terminate()
 .text._ZSt14get_unexpectedv
                0x0010f114       0x14 /opt/devkitpro/devkitARM/bin/../lib/gcc/arm-none-eabi/15.1.0/../../../../arm-none-eabi/lib/armv6k/fpu/libstdc++.a(eh_terminate.o)
                0x0010f114                std::get_unexpected()
 .text._ZL23__gxx_exception_cleanup19_Unwind_Reason_CodeP21_Unwind_Control_Block
                0x0010f128       0x70 /opt/devkitpro/devkitARM/bin/../lib/gcc/arm-none-eabi/15.1.0/../../../../arm-none-eabi/lib/armv6k/fpu/libstdc++.a(eh_throw.o)
 .text.__cxa_init_primary_exception
                0x0010f198       0x54 /opt/devkitpro/devkitARM/bin/../lib/gcc/arm-none-eabi/15.1.0/../../../../arm-none-eabi/lib/armv6k/fpu/libstdc++.a(eh_throw.o)
                0x0010f198                __cxa_init_primary_exception
 .text.__cxa_throw
                0x0010f1ec       0x54 /opt/devkitpro/devkitARM/bin/../lib/gcc/arm-none-eabi/15.1.0/../../../../arm-none-eabi/lib/armv6k/fpu/libstdc++.a(eh_throw.o)
                0x0010f1ec                __cxa_throw
 .text.__cxa_rethrow
                0x0010f240       0xb0 /opt/devkitpro/devkitARM/bin/../lib/gcc/arm-none-eabi/15.1.0/../../../../arm-none-eabi/lib/armv6k/fpu/libstdc++.a(eh_throw.o)
                0x0010f240                __cxa_rethrow
 .text._ZSt15get_new_handlerv
                0x0010f2f0       0x14 /opt/devkitpro/devkitARM/bin/../lib/gcc/arm-none-eabi/15.1.0/../../../../arm-none-eabi/lib/armv6k/fpu/libstdc++.a(new_handler.o)
                0x0010f2f0                std::get_new_handler()
 .text._ZN10__cxxabiv120__si_class_type_infoD2Ev
                0x0010f304       0x20 /opt/devkitpro/devkitARM/bin/../lib/gcc/arm-none-eabi/15.1.0/../../../../arm-none-eabi/lib/armv6k/fpu/libstdc++.a(si_class_type_info.o)
                0x0010f304                __cxxabiv1::__si_class_type_info::~__si_class_type_info()
                0x0010f304                __cxxabiv1::__si_class_type_info::~__si_class_type_info()
 .text._ZN10__cxxabiv120__si_class_type_infoD0Ev
                0x0010f324       0x2c /opt/devkitpro/devkitARM/bin/../lib/gcc/arm-none-eabi/15.1.0/../../../../arm-none-eabi/lib/armv6k/fpu/libstdc++.a(si_class_type_info.o)
                0x0010f324                __cxxabiv1::__si_class_type_info::~__si_class_type_info()
 .text._ZNK10__cxxabiv120__si_class_type_info12__do_dyncastEiNS_17__class_type_info10__sub_kindEPKS1_PKvS4_S6_RNS1_16__dyncast_resultE
                0x0010f350      0x140 /opt/devkitpro/devkitARM/bin/../lib/gcc/arm-none-eabi/15.1.0/../../../../arm-none-eabi/lib/armv6k/fpu/libstdc++.a(si_class_type_info.o)
                0x0010f350                __cxxabiv1::__si_class_type_info::__do_dyncast(int, __cxxabiv1::__class_type_info::__sub_kind, __cxxabiv1::__class_type_info const*, void const*, __cxxabiv1::__class_type_info const*, void const*, __cxxabiv1::__class_type_info::__dyncast_result&) const
 .text._ZNK10__cxxabiv120__si_class_type_info20__do_find_public_srcEiPKvPKNS_17__class_type_infoES2_
                0x0010f490       0x88 /opt/devkitpro/devkitARM/bin/../lib/gcc/arm-none-eabi/15.1.0/../../../../arm-none-eabi/lib/armv6k/fpu/libstdc++.a(si_class_type_info.o)
                0x0010f490                __cxxabiv1::__si_class_type_info::__do_find_public_src(int, void const*, __cxxabiv1::__class_type_info const*, void const*) const
 .text._ZNK10__cxxabiv120__si_class_type_info11__do_upcastEPKNS_17__class_type_infoEPKvRNS1_15__upcast_resultE
                0x0010f518       0x44 /opt/devkitpro/devkitARM/bin/../lib/gcc/arm-none-eabi/15.1.0/../../../../arm-none-eabi/lib/armv6k/fpu/libstdc++.a(si_class_type_info.o)
                0x0010f518                __cxxabiv1::__si_class_type_info::__do_upcast(__cxxabiv1::__class_type_info const*, void const*, __cxxabiv1::__class_type_info::__upcast_result&) const
 .text._ZNSt9type_infoD2Ev
                0x0010f55c        0x4 /opt/devkitpro/devkitARM/bin/../lib/gcc/arm-none-eabi/15.1.0/../../../../arm-none-eabi/lib/armv6k/fpu/libstdc++.a(tinfo.o)
                0x0010f55c                std::type_info::~type_info()
                0x0010f55c                std::type_info::~type_info()
 .text._ZNKSt9type_info14__is_pointer_pEv
                0x0010f560        0x8 /opt/devkitpro/devkitARM/bin/../lib/gcc/arm-none-eabi/15.1.0/../../../../arm-none-eabi/lib/armv6k/fpu/libstdc++.a(tinfo.o)
                0x0010f560                std::type_info::__is_function_p() const
                0x0010f560                std::type_info::__is_pointer_p() const
 .text._ZNKSt11logic_error4whatEv
                0x0010f568        0x8 /opt/devkitpro/devkitARM/bin/../lib/gcc/arm-none-eabi/15.1.0/../../../../arm-none-eabi/lib/armv6k/fpu/libstdc++.a(stdexcept.o)
                0x0010f568                std::runtime_error::what() const
                0x0010f568                std::logic_error::what() const
 .text._ZNSt11logic_errorD2Ev
                0x0010f570       0x98 /opt/devkitpro/devkitARM/bin/../lib/gcc/arm-none-eabi/15.1.0/../../../../arm-none-eabi/lib/armv6k/fpu/libstdc++.a(stdexcept.o)
                0x0010f570                std::logic_error::~logic_error()
                0x0010f570                std::logic_error::~logic_error()
 .text._ZNSt12length_errorD2Ev
                0x0010f608       0x98 /opt/devkitpro/devkitARM/bin/../lib/gcc/arm-none-eabi/15.1.0/../../../../arm-none-eabi/lib/armv6k/fpu/libstdc++.a(stdexcept.o)
                0x0010f608                std::length_error::~length_error()
                0x0010f608                std::length_error::~length_error()
 .text._ZNSt12out_of_rangeD2Ev
                0x0010f6a0       0x98 /opt/devkitpro/devkitARM/bin/../lib/gcc/arm-none-eabi/15.1.0/../../../../arm-none-eabi/lib/armv6k/fpu/libstdc++.a(stdexcept.o)
                0x0010f6a0                std::out_of_range::~out_of_range()
                0x0010f6a0                std::out_of_range::~out_of_range()
 .text._ZNSt11logic_errorD0Ev
                0x0010f738       0xa0 /opt/devkitpro/devkitARM/bin/../lib/gcc/arm-none-eabi/15.1.0/../../../../arm-none-eabi/lib/armv6k/fpu/libstdc++.a(stdexcept.o)
                0x0010f738                std::logic_error::~logic_error()
 .text._ZNSt12length_errorD0Ev
                0x0010f7d8       0xa0 /opt/devkitpro/devkitARM/bin/../lib/gcc/arm-none-eabi/15.1.0/../../../../arm-none-eabi/lib/armv6k/fpu/libstdc++.a(stdexcept.o)
                0x0010f7d8                std::length_error::~length_error()
 .text._ZNSt12out_of_rangeD0Ev
                0x0010f878       0xa0 /opt/devkitpro/devkitARM/bin/../lib/gcc/arm-none-eabi/15.1.0/../../../../arm-none-eabi/lib/armv6k/fpu/libstdc++.a(stdexcept.o)
                0x0010f878                std::out_of_range::~out_of_range()
 .text._ZNSt11logic_errorC2EPKc
                0x0010f918       0xd8 /opt/devkitpro/devkitARM/bin/../lib/gcc/arm-none-eabi/15.1.0/../../../../arm-none-eabi/lib/armv6k/fpu/libstdc++.a(cow-stdexcept.o)
                0x0010f918                std::logic_error::logic_error(char const*)
                0x0010f918                std::logic_error::logic_error(char const*)
 .text._ZNSt12length_errorC2EPKc
                0x0010f9f0       0x20 /opt/devkitpro/devkitARM/bin/../lib/gcc/arm-none-eabi/15.1.0/../../../../arm-none-eabi/lib/armv6k/fpu/libstdc++.a(cow-stdexcept.o)
                0x0010f9f0                std::length_error::length_error(char const*)
                0x0010f9f0                std::length_error::length_error(char const*)
 .text._ZNSt12out_of_rangeC2EPKc
                0x0010fa10       0x20 /opt/devkitpro/devkitARM/bin/../lib/gcc/arm-none-eabi/15.1.0/../../../../arm-none-eabi/lib/armv6k/fpu/libstdc++.a(cow-stdexcept.o)
                0x0010fa10                std::out_of_range::out_of_range(char const*)
                0x0010fa10                std::out_of_range::out_of_range(char const*)
 .text._ZNSs4_Rep9_S_createEjjRKSaIcE
                0x0010fa30       0x88 /opt/devkitpro/devkitARM/bin/../lib/gcc/arm-none-eabi/15.1.0/../../../../arm-none-eabi/lib/armv6k/fpu/libstdc++.a(cow-string-inst.o)
                0x0010fa30                std::string::_Rep::_S_create(unsigned int, unsigned int, std::allocator<char> const&)
 .text._ZNSs4_Rep10_M_destroyERKSaIcE
                0x0010fab8        0x4 /opt/devkitpro/devkitARM/bin/../lib/gcc/arm-none-eabi/15.1.0/../../../../arm-none-eabi/lib/armv6k/fpu/libstdc++.a(cow-string-inst.o)
                0x0010fab8                std::string::_Rep::_M_destroy(std::allocator<char> const&)
 .text._ZNK10__cxxabiv117__class_type_info11__do_upcastEPKS0_PPv
                0x0010fabc       0x5c /opt/devkitpro/devkitARM/bin/../lib/gcc/arm-none-eabi/15.1.0/../../../../arm-none-eabi/lib/armv6k/fpu/libstdc++.a(class_type_info.o)
                0x0010fabc                __cxxabiv1::__class_type_info::__do_upcast(__cxxabiv1::__class_type_info const*, void**) const
 .text._ZNK10__cxxabiv117__class_type_info20__do_find_public_srcEiPKvPKS0_S2_
                0x0010fb18       0x14 /opt/devkitpro/devkitARM/bin/../lib/gcc/arm-none-eabi/15.1.0/../../../../arm-none-eabi/lib/armv6k/fpu/libstdc++.a(class_type_info.o)
                0x0010fb18                __cxxabiv1::__class_type_info::__do_find_public_src(int, void const*, __cxxabiv1::__class_type_info const*, void const*) const
 .text._ZN10__cxxabiv117__class_type_infoD2Ev
                0x0010fb2c       0x20 /opt/devkitpro/devkitARM/bin/../lib/gcc/arm-none-eabi/15.1.0/../../../../arm-none-eabi/lib/armv6k/fpu/libstdc++.a(class_type_info.o)
                0x0010fb2c                __cxxabiv1::__class_type_info::~__class_type_info()
                0x0010fb2c                __cxxabiv1::__class_type_info::~__class_type_info()
 .text._ZN10__cxxabiv117__class_type_infoD0Ev
                0x0010fb4c       0x2c /opt/devkitpro/devkitARM/bin/../lib/gcc/arm-none-eabi/15.1.0/../../../../arm-none-eabi/lib/armv6k/fpu/libstdc++.a(class_type_info.o)
                0x0010fb4c                __cxxabiv1::__class_type_info::~__class_type_info()
 .text._ZNK10__cxxabiv117__class_type_info11__do_upcastEPKS0_PKvRNS0_15__upcast_resultE
                0x0010fb78       0x70 /opt/devkitpro/devkitARM/bin/../lib/gcc/arm-none-eabi/15.1.0/../../../../arm-none-eabi/lib/armv6k/fpu/libstdc++.a(class_type_info.o)
                0x0010fb78                __cxxabiv1::__class_type_info::__do_upcast(__cxxabiv1::__class_type_info const*, void const*, __cxxabiv1::__class_type_info::__upcast_result&) const
 .text._ZNK10__cxxabiv117__class_type_info10__do_catchEPKSt9type_infoPPvj
                0x0010fbe8       0x90 /opt/devkitpro/devkitARM/bin/../lib/gcc/arm-none-eabi/15.1.0/../../../../arm-none-eabi/lib/armv6k/fpu/libstdc++.a(class_type_info.o)
                0x0010fbe8                __cxxabiv1::__class_type_info::__do_catch(std::type_info const*, void**, unsigned int) const
 .text._ZNK10__cxxabiv117__class_type_info12__do_dyncastEiNS0_10__sub_kindEPKS0_PKvS3_S5_RNS0_16__dyncast_resultE
                0x0010fc78       0xf8 /opt/devkitpro/devkitARM/bin/../lib/gcc/arm-none-eabi/15.1.0/../../../../arm-none-eabi/lib/armv6k/fpu/libstdc++.a(class_type_info.o)
                0x0010fc78                __cxxabiv1::__class_type_info::__do_dyncast(int, __cxxabiv1::__class_type_info::__sub_kind, __cxxabiv1::__class_type_info const*, void const*, __cxxabiv1::__class_type_info const*, void const*, __cxxabiv1::__class_type_info::__dyncast_result&) const
 .text.unlikely._ZN10__cxxabiv1L24__is_gxx_exception_classEPc
                0x0010fd70       0x70 /opt/devkitpro/devkitARM/bin/../lib/gcc/arm-none-eabi/15.1.0/../../../../arm-none-eabi/lib/armv6k/fpu/libstdc++.a(eh_call.o)
 .text.unlikely.__cxa_call_terminate
                0x0010fde0       0x2c /opt/devkitpro/devkitARM/bin/../lib/gcc/arm-none-eabi/15.1.0/../../../../arm-none-eabi/lib/armv6k/fpu/libstdc++.a(eh_call.o)
                0x0010fde0                __cxa_call_terminate
 .text.unlikely.__cxa_call_unexpected
                0x0010fe0c      0x148 /opt/devkitpro/devkitARM/bin/../lib/gcc/arm-none-eabi/15.1.0/../../../../arm-none-eabi/lib/armv6k/fpu/libstdc++.a(eh_call.o)
                0x0010fe0c                __cxa_call_unexpected
 *fill*         0x0010ff54        0x4 
 .text.sin      0x0010ff58       0xb0 /opt/devkitpro/devkitARM/bin/../lib/gcc/arm-none-eabi/15.1.0/../../../../arm-none-eabi/lib/armv6k/fpu/libm.a(libm_a-s_sin.o)
                0x0010ff58                sin
 .text.__ieee754_rem_pio2
                0x00110008      0x310 /opt/devkitpro/devkitARM/bin/../lib/gcc/arm-none-eabi/15.1.0/../../../../arm-none-eabi/lib/armv6k/fpu/libm.a(libm_a-e_rem_pio2.o)
                0x00110008                __ieee754_rem_pio2
 .text.__kernel_rem_pio2
                0x00110318      0x8b0 /opt/devkitpro/devkitARM/bin/../lib/gcc/arm-none-eabi/15.1.0/../../../../arm-none-eabi/lib/armv6k/fpu/libm.a(libm_a-k_rem_pio2.o)
                0x00110318                __kernel_rem_pio2
 .text.scalbn   0x00110bc8      0x140 /opt/devkitpro/devkitARM/bin/../lib/gcc/arm-none-eabi/15.1.0/../../../../arm-none-eabi/lib/armv6k/fpu/libm.a(libm_a-s_scalbn.o)
                0x00110bc8                scalbn
 .text.__kernel_sin
                0x00110d08       0xc0 /opt/devkitpro/devkitARM/bin/../lib/gcc/arm-none-eabi/15.1.0/../../../../arm-none-eabi/lib/armv6k/fpu/libm.a(libm_a-k_sin.o)
                0x00110d08                __kernel_sin
 .text.floor    0x00110dc8      0x144 /opt/devkitpro/devkitARM/bin/../lib/gcc/arm-none-eabi/15.1.0/../../../../arm-none-eabi/lib/armv6k/fpu/libm.a(libm_a-s_floor.o)
                0x00110dc8                floor
 *fill*         0x00110f0c        0x4 
 .text.__kernel_cos
                0x00110f10      0x150 /opt/devkitpro/devkitARM/bin/../lib/gcc/arm-none-eabi/15.1.0/../../../../arm-none-eabi/lib/armv6k/fpu/libm.a(libm_a-k_cos.o)
                0x00110f10                __kernel_cos
 .text.fabs     0x00111060       0x14 /opt/devkitpro/devkitARM/bin/../lib/gcc/arm-none-eabi/15.1.0/../../../../arm-none-eabi/lib/armv6k/fpu/libm.a(libm_a-s_fabs.o)
                0x00111060                fabs
 .text.__udivmoddi4
                0x00111074      0x130 /opt/devkitpro/devkitARM/bin/../lib/gcc/arm-none-eabi/15.1.0/armv6k/fpu/libgcc.a(_udivmoddi4.o)
                0x00111074                __udivmoddi4
 .text.selfrel_offset31
                0x001111a4       0x18 /opt/devkitpro/devkitARM/bin/../lib/gcc/arm-none-eabi/15.1.0/armv6k/fpu/libgcc.a(unwind-arm.o)
 .text.search_EIT_table
                0x001111bc       0x90 /opt/devkitpro/devkitARM/bin/../lib/gcc/arm-none-eabi/15.1.0/armv6k/fpu/libgcc.a(unwind-arm.o)
 .text.__gnu_unwind_get_pr_addr
                0x0011124c       0x40 /opt/devkitpro/devkitARM/bin/../lib/gcc/arm-none-eabi/15.1.0/armv6k/fpu/libgcc.a(unwind-arm.o)
 .text.get_eit_entry
                0x0011128c      0x110 /opt/devkitpro/devkitARM/bin/../lib/gcc/arm-none-eabi/15.1.0/armv6k/fpu/libgcc.a(unwind-arm.o)
 .text.restore_non_core_regs
                0x0011139c       0x88 /opt/devkitpro/devkitARM/bin/../lib/gcc/arm-none-eabi/15.1.0/armv6k/fpu/libgcc.a(unwind-arm.o)
 .text._Unwind_decode_typeinfo_ptr.constprop.0
                0x00111424       0x14 /opt/devkitpro/devkitARM/bin/../lib/gcc/arm-none-eabi/15.1.0/armv6k/fpu/libgcc.a(unwind-arm.o)
 .text._Unwind_DebugHook
                0x00111438        0x4 /opt/devkitpro/devkitARM/bin/../lib/gcc/arm-none-eabi/15.1.0/armv6k/fpu/libgcc.a(unwind-arm.o)
 .text.unwind_phase2
                0x0011143c       0x64 /opt/devkitpro/devkitARM/bin/../lib/gcc/arm-none-eabi/15.1.0/armv6k/fpu/libgcc.a(unwind-arm.o)
 .text.unwind_phase2_forced
                0x001114a0      0x13c /opt/devkitpro/devkitARM/bin/../lib/gcc/arm-none-eabi/15.1.0/armv6k/fpu/libgcc.a(unwind-arm.o)
 .text.__gnu_Unwind_RaiseException
                0x001115dc       0xa4 /opt/devkitpro/devkitARM/bin/../lib/gcc/arm-none-eabi/15.1.0/armv6k/fpu/libgcc.a(unwind-arm.o)
                0x001115dc                __gnu_Unwind_RaiseException
 .text.__gnu_Unwind_ForcedUnwind
                0x00111680       0x20 /opt/devkitpro/devkitARM/bin/../lib/gcc/arm-none-eabi/15.1.0/armv6k/fpu/libgcc.a(unwind-arm.o)
                0x00111680                __gnu_Unwind_ForcedUnwind
 .text.__gnu_Unwind_Resume
                0x001116a0       0x74 /opt/devkitpro/devkitARM/bin/../lib/gcc/arm-none-eabi/15.1.0/armv6k/fpu/libgcc.a(unwind-arm.o)
                0x001116a0                __gnu_Unwind_Resume
 .text.__gnu_Unwind_Resume_or_Rethrow
                0x00111714       0x20 /opt/devkitpro/devkitARM/bin/../lib/gcc/arm-none-eabi/15.1.0/armv6k/fpu/libgcc.a(unwind-arm.o)
                0x00111714                __gnu_Unwind_Resume_or_Rethrow
 .text._Unwind_Complete
                0x00111734        0x4 /opt/devkitpro/devkitARM/bin/../lib/gcc/arm-none-eabi/15.1.0/armv6k/fpu/libgcc.a(unwind-arm.o)
                0x00111734                _Unwind_Complete
 .text._Unwind_DeleteException
                0x00111738       0x18 /opt/devkitpro/devkitARM/bin/../lib/gcc/arm-none-eabi/15.1.0/armv6k/fpu/libgcc.a(unwind-arm.o)
                0x00111738                _Unwind_DeleteException
 .text._Unwind_VRS_Get
                0x00111750       0x64 /opt/devkitpro/devkitARM/bin/../lib/gcc/arm-none-eabi/15.1.0/armv6k/fpu/libgcc.a(unwind-arm.o)
                0x00111750                _Unwind_VRS_Get
 .text._Unwind_GetGR
                0x001117b4       0x2c /opt/devkitpro/devkitARM/bin/../lib/gcc/arm-none-eabi/15.1.0/armv6k/fpu/libgcc.a(unwind-arm.o)
 .text._Unwind_VRS_Set
                0x001117e0       0x64 /opt/devkitpro/devkitARM/bin/../lib/gcc/arm-none-eabi/15.1.0/armv6k/fpu/libgcc.a(unwind-arm.o)
                0x001117e0                _Unwind_VRS_Set
 .text._Unwind_SetGR
                0x00111844       0x2c /opt/devkitpro/devkitARM/bin/../lib/gcc/arm-none-eabi/15.1.0/armv6k/fpu/libgcc.a(unwind-arm.o)
 .text.__gnu_Unwind_Backtrace
                0x00111870       0xc0 /opt/devkitpro/devkitARM/bin/../lib/gcc/arm-none-eabi/15.1.0/armv6k/fpu/libgcc.a(unwind-arm.o)
                0x00111870                __gnu_Unwind_Backtrace
 .text.__gnu_unwind_pr_common
                0x00111930      0x40c /opt/devkitpro/devkitARM/bin/../lib/gcc/arm-none-eabi/15.1.0/armv6k/fpu/libgcc.a(unwind-arm.o)
 .text.__aeabi_unwind_cpp_pr0
                0x00111d3c        0x8 /opt/devkitpro/devkitARM/bin/../lib/gcc/arm-none-eabi/15.1.0/armv6k/fpu/libgcc.a(unwind-arm.o)
                0x00111d3c                __aeabi_unwind_cpp_pr0
 .text.__aeabi_unwind_cpp_pr1
                0x00111d44        0x8 /opt/devkitpro/devkitARM/bin/../lib/gcc/arm-none-eabi/15.1.0/armv6k/fpu/libgcc.a(unwind-arm.o)
                0x00111d44                __aeabi_unwind_cpp_pr1
 .text.__aeabi_unwind_cpp_pr2
                0x00111d4c        0x8 /opt/devkitpro/devkitARM/bin/../lib/gcc/arm-none-eabi/15.1.0/armv6k/fpu/libgcc.a(unwind-arm.o)
                0x00111d4c                __aeabi_unwind_cpp_pr2
 .text._Unwind_VRS_Pop
                0x00111d54      0x458 /opt/devkitpro/devkitARM/bin/../lib/gcc/arm-none-eabi/15.1.0/armv6k/fpu/libgcc.a(unwind-arm.o)
                0x00111d54                _Unwind_VRS_Pop
 .text.next_unwind_byte
                0x001121ac       0x64 /opt/devkitpro/devkitARM/bin/../lib/gcc/arm-none-eabi/15.1.0/armv6k/fpu/libgcc.a(pr-support.o)
 .text._Unwind_GetGR.constprop.0
                0x00112210       0x2c /opt/devkitpro/devkitARM/bin/../lib/gcc/arm-none-eabi/15.1.0/armv6k/fpu/libgcc.a(pr-support.o)
 .text.unwind_UCB_from_context
                0x0011223c        0x4 /opt/devkitpro/devkitARM/bin/../lib/gcc/arm-none-eabi/15.1.0/armv6k/fpu/libgcc.a(pr-support.o)
 .text.__gnu_unwind_execute
                0x00112240      0x464 /opt/devkitpro/devkitARM/bin/../lib/gcc/arm-none-eabi/15.1.0/armv6k/fpu/libgcc.a(pr-support.o)
                0x00112240                __gnu_unwind_execute
 .text.__gnu_unwind_frame
                0x001126a4       0x48 /opt/devkitpro/devkitARM/bin/../lib/gcc/arm-none-eabi/15.1.0/armv6k/fpu/libgcc.a(pr-support.o)
                0x001126a4                __gnu_unwind_frame
 .text._Unwind_GetRegionStart
                0x001126ec       0x10 /opt/devkitpro/devkitARM/bin/../lib/gcc/arm-none-eabi/15.1.0/armv6k/fpu/libgcc.a(pr-support.o)
                0x001126ec                _Unwind_GetRegionStart
 .text._Unwind_GetLanguageSpecificData
                0x001126fc       0x1c /opt/devkitpro/devkitARM/bin/../lib/gcc/arm-none-eabi/15.1.0/armv6k/fpu/libgcc.a(pr-support.o)
                0x001126fc                _Unwind_GetLanguageSpecificData
 .text.unlikely._Unwind_GetDataRelBase
                0x00112718        0x8 /opt/devkitpro/devkitARM/bin/../lib/gcc/arm-none-eabi/15.1.0/armv6k/fpu/libgcc.a(pr-support.o)
                0x00112718                _Unwind_GetDataRelBase
 .text.unlikely._Unwind_GetTextRelBase
                0x00112720        0x8 /opt/devkitpro/devkitARM/bin/../lib/gcc/arm-none-eabi/15.1.0/armv6k/fpu/libgcc.a(pr-support.o)
                0x00112720                _Unwind_GetTextRelBase
 .text.strncmp  0x00112728       0xd8 /opt/devkitpro/devkitARM/bin/../lib/gcc/arm-none-eabi/15.1.0/../../../../arm-none-eabi/lib/armv6k/fpu/libg.a(libc_a-strncmp.o)
                0x00112728                strncmp
 .text.strchr   0x00112800      0x140 /opt/devkitpro/devkitARM/bin/../lib/gcc/arm-none-eabi/15.1.0/../../../../arm-none-eabi/lib/armv6k/fpu/libg.a(libc_a-strchr.o)
                0x00112800                strchr
 .text.getenv   0x00112940       0x24 /opt/devkitpro/devkitARM/bin/../lib/gcc/arm-none-eabi/15.1.0/../../../../arm-none-eabi/lib/armv6k/fpu/libg.a(libc_a-getenv.o)
                0x00112940                getenv
 .text.memmove  0x00112964      0x16c /opt/devkitpro/devkitARM/bin/../lib/gcc/arm-none-eabi/15.1.0/../../../../arm-none-eabi/lib/armv6k/fpu/libg.a(libc_a-memmove.o)
                0x00112964                memmove
 .text.strlen   0x00112ad0       0x8c /opt/devkitpro/devkitARM/bin/../lib/gcc/arm-none-eabi/15.1.0/../../../../arm-none-eabi/lib/armv6k/fpu/libg.a(libc_a-strlen.o)
                0x00112ad0                strlen
 .text.memcmp   0x00112b5c       0xd8 /opt/devkitpro/devkitARM/bin/../lib/gcc/arm-none-eabi/15.1.0/../../../../arm-none-eabi/lib/armv6k/fpu/libg.a(libc_a-memcmp.o)
                0x00112b5c                memcmp
 .text.stdio_exit_handler
                0x00112c34       0x1c /opt/devkitpro/devkitARM/bin/../lib/gcc/arm-none-eabi/15.1.0/../../../../arm-none-eabi/lib/armv6k/fpu/libg.a(libc_a-findfp.o)
 .text.cleanup_stdio
                0x00112c50       0x5c /opt/devkitpro/devkitARM/bin/../lib/gcc/arm-none-eabi/15.1.0/../../../../arm-none-eabi/lib/armv6k/fpu/libg.a(libc_a-findfp.o)
 .text.global_stdio_init.part.0
                0x00112cac      0x154 /opt/devkitpro/devkitARM/bin/../lib/gcc/arm-none-eabi/15.1.0/../../../../arm-none-eabi/lib/armv6k/fpu/libg.a(libc_a-findfp.o)
 .text.__sinit  0x00112e00       0x5c /opt/devkitpro/devkitARM/bin/../lib/gcc/arm-none-eabi/15.1.0/../../../../arm-none-eabi/lib/armv6k/fpu/libg.a(libc_a-findfp.o)
                0x00112e00                __sinit
 .text.__sfp_lock_acquire
                0x00112e5c        0xc /opt/devkitpro/devkitARM/bin/../lib/gcc/arm-none-eabi/15.1.0/../../../../arm-none-eabi/lib/armv6k/fpu/libg.a(libc_a-findfp.o)
                0x00112e5c                __sfp_lock_acquire
 .text.__sfp_lock_release
                0x00112e68        0xc /opt/devkitpro/devkitARM/bin/../lib/gcc/arm-none-eabi/15.1.0/../../../../arm-none-eabi/lib/armv6k/fpu/libg.a(libc_a-findfp.o)
                0x00112e68                __sfp_lock_release
 .text._strtoul_l.isra.0
                0x00112e74      0x1ec /opt/devkitpro/devkitARM/bin/../lib/gcc/arm-none-eabi/15.1.0/../../../../arm-none-eabi/lib/armv6k/fpu/libg.a(libc_a-strtoul.o)
 .text.strtoul  0x00113060       0x3c /opt/devkitpro/devkitARM/bin/../lib/gcc/arm-none-eabi/15.1.0/../../../../arm-none-eabi/lib/armv6k/fpu/libg.a(libc_a-strtoul.o)
                0x00113060                strtoul
 .text.__libc_init_array
                0x0011309c       0x84 /opt/devkitpro/devkitARM/bin/../lib/gcc/arm-none-eabi/15.1.0/../../../../arm-none-eabi/lib/armv6k/fpu/libg.a(libc_a-init.o)
                0x0011309c                __libc_init_array
 .text.strncat  0x00113120       0x9c /opt/devkitpro/devkitARM/bin/../lib/gcc/arm-none-eabi/15.1.0/../../../../arm-none-eabi/lib/armv6k/fpu/libg.a(libc_a-strncat.o)
                0x00113120                strncat
 .text._fwalk_sglue
                0x001131bc       0x70 /opt/devkitpro/devkitARM/bin/../lib/gcc/arm-none-eabi/15.1.0/../../../../arm-none-eabi/lib/armv6k/fpu/libg.a(libc_a-fwalk.o)
                0x001131bc                _fwalk_sglue
 .text.bsearch  0x0011322c       0x78 /opt/devkitpro/devkitARM/bin/../lib/gcc/arm-none-eabi/15.1.0/../../../../arm-none-eabi/lib/armv6k/fpu/libg.a(libc_a-bsearch.o)
                0x0011322c                bsearch
 .text.__errno  0x001132a4        0xc /opt/devkitpro/devkitARM/bin/../lib/gcc/arm-none-eabi/15.1.0/../../../../arm-none-eabi/lib/armv6k/fpu/libg.a(libc_a-errno.o)
                0x001132a4                __errno
 .text.abort    0x001132b0       0x14 /opt/devkitpro/devkitARM/bin/../lib/gcc/arm-none-eabi/15.1.0/../../../../arm-none-eabi/lib/armv6k/fpu/libg.a(libc_a-abort.o)
                0x001132b0                abort
 .text._puts_r  0x001132c4       0xe0 /opt/devkitpro/devkitARM/bin/../lib/gcc/arm-none-eabi/15.1.0/../../../../arm-none-eabi/lib/armv6k/fpu/libg.a(libc_a-puts.o)
                0x001132c4                _puts_r
 .text.puts     0x001133a4       0x20 /opt/devkitpro/devkitARM/bin/../lib/gcc/arm-none-eabi/15.1.0/../../../../arm-none-eabi/lib/armv6k/fpu/libg.a(libc_a-puts.o)
                0x001133a4                puts
 .text.memalign
                0x001133c4       0x28 /opt/devkitpro/devkitARM/bin/../lib/gcc/arm-none-eabi/15.1.0/../../../../arm-none-eabi/lib/armv6k/fpu/libg.a(libc_a-malign.o)
                0x001133c4                memalign
 .text._malloc_r
                0x001133ec      0x82c /opt/devkitpro/devkitARM/bin/../lib/gcc/arm-none-eabi/15.1.0/../../../../arm-none-eabi/lib/armv6k/fpu/libg.a(libc_a-mallocr.o)
                0x001133ec                _malloc_r
 .text.memchr   0x00113c18       0xe8 /opt/devkitpro/devkitARM/bin/../lib/gcc/arm-none-eabi/15.1.0/../../../../arm-none-eabi/lib/armv6k/fpu/libg.a(libc_a-memchr-stub.o)
                0x00113c18                memchr
 .text._malloc_trim_r
                0x00113d00      0x114 /opt/devkitpro/devkitARM/bin/../lib/gcc/arm-none-eabi/15.1.0/../../../../arm-none-eabi/lib/armv6k/fpu/libg.a(libc_a-freer.o)
                0x00113d00                _malloc_trim_r
 .text._free_r  0x00113e14      0x314 /opt/devkitpro/devkitARM/bin/../lib/gcc/arm-none-eabi/15.1.0/../../../../arm-none-eabi/lib/armv6k/fpu/libg.a(libc_a-freer.o)
                0x00113e14                _free_r
 .text.printf   0x00114128       0x34 /opt/devkitpro/devkitARM/bin/../lib/gcc/arm-none-eabi/15.1.0/../../../../arm-none-eabi/lib/armv6k/fpu/libg.a(libc_a-printf.o)
                0x00114128                printf
 .text.strnlen  0x0011415c       0x3c /opt/devkitpro/devkitARM/bin/../lib/gcc/arm-none-eabi/15.1.0/../../../../arm-none-eabi/lib/armv6k/fpu/libg.a(libc_a-strnlen.o)
                0x0011415c                strnlen
 .text.malloc   0x00114198       0x40 /opt/devkitpro/devkitARM/bin/../lib/gcc/arm-none-eabi/15.1.0/../../../../arm-none-eabi/lib/armv6k/fpu/libg.a(libc_a-malloc.o)
                0x00114198                malloc
 .text.free     0x001141d8       0x20 /opt/devkitpro/devkitARM/bin/../lib/gcc/arm-none-eabi/15.1.0/../../../../arm-none-eabi/lib/armv6k/fpu/libg.a(libc_a-malloc.o)
                0x001141d8                free
 .text.__sflush_r
                0x001141f8      0x22c /opt/devkitpro/devkitARM/bin/../lib/gcc/arm-none-eabi/15.1.0/../../../../arm-none-eabi/lib/armv6k/fpu/libg.a(libc_a-fflush.o)
                0x001141f8                __sflush_r
 .text._fflush_r
                0x00114424       0xc4 /opt/devkitpro/devkitARM/bin/../lib/gcc/arm-none-eabi/15.1.0/../../../../arm-none-eabi/lib/armv6k/fpu/libg.a(libc_a-fflush.o)
                0x00114424                _fflush_r
 .text._findenv_r
                0x001144e8       0xdc /opt/devkitpro/devkitARM/bin/../lib/gcc/arm-none-eabi/15.1.0/../../../../arm-none-eabi/lib/armv6k/fpu/libg.a(libc_a-getenv_r.o)
                0x001144e8                _findenv_r
 .text.memset   0x001145c4       0xe4 /opt/devkitpro/devkitARM/bin/../lib/gcc/arm-none-eabi/15.1.0/../../../../arm-none-eabi/lib/armv6k/fpu/libg.a(libc_a-memset.o)
                0x001145c4                memset
 .text.__malloc_lock
                0x001146a8        0xc /opt/devkitpro/devkitARM/bin/../lib/gcc/arm-none-eabi/15.1.0/../../../../arm-none-eabi/lib/armv6k/fpu/libg.a(libc_a-mlock.o)
                0x001146a8                __malloc_lock
 .text.__malloc_unlock
                0x001146b4        0xc /opt/devkitpro/devkitARM/bin/../lib/gcc/arm-none-eabi/15.1.0/../../../../arm-none-eabi/lib/armv6k/fpu/libg.a(libc_a-mlock.o)
                0x001146b4                __malloc_unlock
 .text.__call_exitprocs
                0x001146c0        0x4 /opt/devkitpro/devkitARM/bin/../lib/gcc/arm-none-eabi/15.1.0/../../../../arm-none-eabi/lib/armv6k/fpu/libg.a(libc_a-exit.o)
                0x001146c0                __call_exitprocs
 .text.exit     0x001146c4       0x30 /opt/devkitpro/devkitARM/bin/../lib/gcc/arm-none-eabi/15.1.0/../../../../arm-none-eabi/lib/armv6k/fpu/libg.a(libc_a-exit.o)
                0x001146c4                exit
 .text.setvbuf  0x001146f4      0x294 /opt/devkitpro/devkitARM/bin/../lib/gcc/arm-none-eabi/15.1.0/../../../../arm-none-eabi/lib/armv6k/fpu/libg.a(libc_a-setvbuf.o)
                0x001146f4                setvbuf
 .text.strncpy  0x00114988       0xd4 /opt/devkitpro/devkitARM/bin/../lib/gcc/arm-none-eabi/15.1.0/../../../../arm-none-eabi/lib/armv6k/fpu/libg.a(libc_a-strncpy.o)
                0x00114988                strncpy
 .text.memcpy   0x00114a5c      0x12c /opt/devkitpro/devkitARM/bin/../lib/gcc/arm-none-eabi/15.1.0/../../../../arm-none-eabi/lib/armv6k/fpu/libg.a(libc_a-memcpy-stub.o)
                0x00114a5c                memcpy
 .text.__sfvwrite_r
                0x00114b88      0x4a4 /opt/devkitpro/devkitARM/bin/../lib/gcc/arm-none-eabi/15.1.0/../../../../arm-none-eabi/lib/armv6k/fpu/libg.a(libc_a-fvwrite.o)
                0x00114b88                __sfvwrite_r
 .text.__sread  0x0011502c       0x44 /opt/devkitpro/devkitARM/bin/../lib/gcc/arm-none-eabi/15.1.0/../../../../arm-none-eabi/lib/armv6k/fpu/libg.a(libc_a-stdio.o)
                0x0011502c                __sread
 .text.__swrite
                0x00115070       0x68 /opt/devkitpro/devkitARM/bin/../lib/gcc/arm-none-eabi/15.1.0/../../../../arm-none-eabi/lib/armv6k/fpu/libg.a(libc_a-stdio.o)
                0x00115070                __swrite
 .text.__sseek  0x001150d8       0x40 /opt/devkitpro/devkitARM/bin/../lib/gcc/arm-none-eabi/15.1.0/../../../../arm-none-eabi/lib/armv6k/fpu/libg.a(libc_a-stdio.o)
                0x001150d8                __sseek
 .text.__sclose